Traceback (most recent call last):
  File "/home/chase/GitHub/RWKV-LH/temp/prepare_coding_recovery_r1_20260913.py", line 20, in <module>
    save(D/'REGISTRATION.json',registration)
    ~~~~^^^^^^^^^^^^^^^^^^^^^^^^^^^^^^^^^^^^
  File "/home/chase/GitHub/RWKV-LH/temp/prepare_coding_recovery_r1_20260913.py", line 14, in save
    def save(p,x):v.write_once(p,x)
                  ~~~~~~~~~~~~^^^^^
  File "/home/chase/GitHub/RWKV-LH/rwkv_lh/task_review.py", line 84, in write_once
    stream.write(json.dumps(value, ensure_ascii=False, indent=2, allow_nan=False) + "\n")
                 ~~~~~~~~~~^^^^^^^^^^^^^^^^^^^^^^^^^^^^^^^^^^^^^^^^^^^^^^^^^^^^^^
  File "/home/chase/.local/share/uv/python/cpython-3.13.11-linux-x86_64-gnu/lib/python3.13/json/__init__.py", line 242, in dumps
    **kw).encode(obj)
          ~~~~~~^^^^^
  File "/home/chase/.local/share/uv/python/cpython-3.13.11-linux-x86_64-gnu/lib/python3.13/json/encoder.py", line 202, in encode
    chunks = self.iterencode(o, _one_shot=True)
  File "/home/chase/.local/share/uv/python/cpython-3.13.11-linux-x86_64-gnu/lib/python3.13/json/encoder.py", line 263, in iterencode
    return _iterencode(o, 0)
  File "/home/chase/.local/share/uv/python/cpython-3.13.11-linux-x86_64-gnu/lib/python3.13/json/encoder.py", line 182, in default
    raise TypeError(f'Object of type {o.__class__.__name__} '
                    f'is not JSON serializable')
TypeError: Object of type SessionSampling is not JSON serializable
