....FF                                                                   [100%]
=================================== FAILURES ===================================
______ test_identical_failure_boundary_is_distinct_from_generation_budget ______

tmp_path = PosixPath('/home/chase/GitHub/RWKV-LH/data/test_runs/pytest/test_identical_failure_boundar0')

    def test_identical_failure_boundary_is_distinct_from_generation_budget(tmp_path):
        source=tmp_path/'source';source.mkdir()
        result=run_coding_job(CodingJob('repeated','Verify',str(source),str(tmp_path/'run')),
            settings=settings(),session_factory=factory([
                call('run_command',argv=['python3','-B','-c','print(1)'],cwd='missing') for _ in range(5)]))
>       assert result['termination_reason']=='identical_failure_budget_exhausted'
               ^^^^^^^^^^^^^^^^^^^^^^^^^^^^
E       KeyError: 'termination_reason'

tests/test_coding_agent.py:65: KeyError
_____ test_nonzero_expected_exit_is_recorded_as_executed_not_as_test_pass ______

tmp_path = PosixPath('/home/chase/GitHub/RWKV-LH/data/test_runs/pytest/test_nonzero_expected_exit_is_0')

    def test_nonzero_expected_exit_is_recorded_as_executed_not_as_test_pass(tmp_path):
        source=tmp_path/'source';source.mkdir()
        result=run_coding_job(CodingJob('exit','Verify',str(source),str(tmp_path/'run'),max_calls=1),
            settings=settings(),session_factory=factory([
                call('run_command',argv=['python3','-B','-c','raise SystemExit(1)'],expected_exit_code=1)]))
>       assert result['termination_reason']=='generation_budget_exhausted'
               ^^^^^^^^^^^^^^^^^^^^^^^^^^^^
E       KeyError: 'termination_reason'

tests/test_coding_agent.py:76: KeyError
=========================== short test summary info ============================
FAILED tests/test_coding_agent.py::test_identical_failure_boundary_is_distinct_from_generation_budget
FAILED tests/test_coding_agent.py::test_nonzero_expected_exit_is_recorded_as_executed_not_as_test_pass
2 failed, 4 passed in 4.53s
