....FFFF............................                                     [100%]
=================================== FAILURES ===================================
______ test_identical_failure_boundary_is_distinct_from_generation_budget ______

tmp_path = PosixPath('/home/chase/GitHub/RWKV-LH/data/test_runs/pytest/test_identical_failure_boundar0')

    def test_identical_failure_boundary_is_distinct_from_generation_budget(tmp_path):
        source=tmp_path/'source';source.mkdir()
        result=run_coding_job(CodingJob('repeated','Verify',str(source),str(tmp_path/'run')),
            settings=settings(),session_factory=factory([
                call('run_command',argv=['python3','-B','-c','print(1)'],cwd='missing') for _ in range(5)]))
>       assert result['termination_reason']=='identical_failure_budget_exhausted'
               ^^^^^^^^^^^^^^^^^^^^^^^^^^^^
E       KeyError: 'termination_reason'

tests/test_coding_agent.py:65: KeyError
_____ test_nonzero_expected_exit_is_recorded_as_executed_not_as_test_pass ______

tmp_path = PosixPath('/home/chase/GitHub/RWKV-LH/data/test_runs/pytest/test_nonzero_expected_exit_is_0')

    def test_nonzero_expected_exit_is_recorded_as_executed_not_as_test_pass(tmp_path):
        source=tmp_path/'source';source.mkdir()
        result=run_coding_job(CodingJob('exit','Verify',str(source),str(tmp_path/'run'),max_calls=1),
            settings=settings(),session_factory=factory([
                call('run_command',argv=['python3','-B','-c','raise SystemExit(1)'],expected_exit_code=1)]))
>       assert result['termination_reason']=='transition_budget_exhausted'
               ^^^^^^^^^^^^^^^^^^^^^^^^^^^^
E       KeyError: 'termination_reason'

tests/test_coding_agent.py:76: KeyError
__ test_protocol_retry_generation_budget_is_not_controller_transition_budget ___

tmp_path = PosixPath('/home/chase/GitHub/RWKV-LH/data/test_runs/pytest/test_protocol_retry_generation0')

    def test_protocol_retry_generation_budget_is_not_controller_transition_budget(tmp_path):
        source=tmp_path/'source';source.mkdir()
        result=run_coding_job(CodingJob('protocol','Read',str(source),str(tmp_path/'run'),max_calls=1),
            settings=settings(),session_factory=factory([call('read_file',path='a.py',max_lines=10)]))
>       assert result['termination_reason']=='generation_budget_exhausted'
               ^^^^^^^^^^^^^^^^^^^^^^^^^^^^
E       KeyError: 'termination_reason'

tests/test_coding_agent.py:86: KeyError
____ test_resume_keeps_goal_parent_state_and_does_not_reuse_old_termination ____

tmp_path = PosixPath('/home/chase/GitHub/RWKV-LH/data/test_runs/pytest/test_resume_keeps_goal_parent_0')

    def test_resume_keeps_goal_parent_state_and_does_not_reuse_old_termination(tmp_path):
        import shutil
        from rwkv_lh.read_only_agent import ReadOnlyJob, _run_job
        from rwkv_lh.coding_agent import _RecordedHarness
        from rwkv_lh.controller import LongHorizonController
        from rwkv_lh.store import LongHorizonStore
        source=tmp_path/'source';source.mkdir();(source/'a.py').write_text('value = 1\n')
        run_coding_job(CodingJob('parent','Read',str(source),str(tmp_path/'parent'),max_calls=1),
            settings=settings(),session_factory=factory([call('read_file',path='a.py')]))
        parent=tmp_path/'parent/execution';snapshot=(parent/'state_snapshot.json').read_bytes()
        def prepare(workspace,output):
            shutil.copytree(parent/'state',output/'state')
            store=LongHorizonStore(output/'state',checkpoint_retention=1000)
            state=store.load('parent')
            return store,state,{'parent_final_decision_id':state.final_decision_id,'advice_model':''}
        output=tmp_path/'resume'
>       result=_run_job(ReadOnlyJob('resume','Read',str(tmp_path/'parent/workspace'),str(output),tool_scope='coding'),
            settings=settings(),session_factory=factory([call('final_answer',text='Read value is 1.')]),
            harness_factory=lambda:_RecordedHarness(output),controller_type=LongHorizonController,
            allowed_scopes=('coding',),prepare_state=prepare)
E       TypeError: _run_job() got an unexpected keyword argument 'prepare_state'

tests/test_coding_agent.py:106: TypeError
=========================== short test summary info ============================
FAILED tests/test_coding_agent.py::test_identical_failure_boundary_is_distinct_from_generation_budget
FAILED tests/test_coding_agent.py::test_nonzero_expected_exit_is_recorded_as_executed_not_as_test_pass
FAILED tests/test_coding_agent.py::test_protocol_retry_generation_budget_is_not_controller_transition_budget
FAILED tests/test_coding_agent.py::test_resume_keeps_goal_parent_state_and_does_not_reuse_old_termination
4 failed, 32 passed in 8.45s
