EEEEEEEE                                                                 [100%]
==================================== ERRORS ====================================
________________ ERROR at setup of test_real_isolated_red_green ________________

tmp_path = PosixPath('/home/chase/GitHub/RWKV-LH/data/test_runs/pytest/test_real_isolated_red_green0')
monkeypatch = <_pytest.monkeypatch.MonkeyPatch object at 0x70c4e2bf4e90>

    @pytest.fixture
    def sample(tmp_path, monkeypatch):
>       import rwkv_lh.stdio_corrections as module
E       ModuleNotFoundError: No module named 'rwkv_lh.stdio_corrections'

tests/test_stdio_corrections.py:9: ModuleNotFoundError
_ ERROR at setup of test_reject_unbound_or_inappropriate_evidence[unbound_review] _

tmp_path = PosixPath('/home/chase/GitHub/RWKV-LH/data/test_runs/pytest/test_reject_unbound_or_inappro0')
monkeypatch = <_pytest.monkeypatch.MonkeyPatch object at 0x70c4e2d13e10>

    @pytest.fixture
    def sample(tmp_path, monkeypatch):
>       import rwkv_lh.stdio_corrections as module
E       ModuleNotFoundError: No module named 'rwkv_lh.stdio_corrections'

tests/test_stdio_corrections.py:9: ModuleNotFoundError
__ ERROR at setup of test_reject_unbound_or_inappropriate_evidence[ambiguous] __

tmp_path = PosixPath('/home/chase/GitHub/RWKV-LH/data/test_runs/pytest/test_reject_unbound_or_inappro1')
monkeypatch = <_pytest.monkeypatch.MonkeyPatch object at 0x70c4e2ab5370>

    @pytest.fixture
    def sample(tmp_path, monkeypatch):
>       import rwkv_lh.stdio_corrections as module
E       ModuleNotFoundError: No module named 'rwkv_lh.stdio_corrections'

tests/test_stdio_corrections.py:9: ModuleNotFoundError
____ ERROR at setup of test_reject_unbound_or_inappropriate_evidence[float] ____

tmp_path = PosixPath('/home/chase/GitHub/RWKV-LH/data/test_runs/pytest/test_reject_unbound_or_inappro2')
monkeypatch = <_pytest.monkeypatch.MonkeyPatch object at 0x70c4e2a90270>

    @pytest.fixture
    def sample(tmp_path, monkeypatch):
>       import rwkv_lh.stdio_corrections as module
E       ModuleNotFoundError: No module named 'rwkv_lh.stdio_corrections'

tests/test_stdio_corrections.py:9: ModuleNotFoundError
_ ERROR at setup of test_reject_unbound_or_inappropriate_evidence[changed_tests] _

tmp_path = PosixPath('/home/chase/GitHub/RWKV-LH/data/test_runs/pytest/test_reject_unbound_or_inappro3')
monkeypatch = <_pytest.monkeypatch.MonkeyPatch object at 0x70c4e2a90c00>

    @pytest.fixture
    def sample(tmp_path, monkeypatch):
>       import rwkv_lh.stdio_corrections as module
E       ModuleNotFoundError: No module named 'rwkv_lh.stdio_corrections'

tests/test_stdio_corrections.py:9: ModuleNotFoundError
_ ERROR at setup of test_reject_unbound_or_inappropriate_evidence[unsealed_source] _

tmp_path = PosixPath('/home/chase/GitHub/RWKV-LH/data/test_runs/pytest/test_reject_unbound_or_inappro4')
monkeypatch = <_pytest.monkeypatch.MonkeyPatch object at 0x70c4e2bef950>

    @pytest.fixture
    def sample(tmp_path, monkeypatch):
>       import rwkv_lh.stdio_corrections as module
E       ModuleNotFoundError: No module named 'rwkv_lh.stdio_corrections'

tests/test_stdio_corrections.py:9: ModuleNotFoundError
_ ERROR at setup of test_reject_unbound_or_inappropriate_evidence[wrong_target] _

tmp_path = PosixPath('/home/chase/GitHub/RWKV-LH/data/test_runs/pytest/test_reject_unbound_or_inappro5')
monkeypatch = <_pytest.monkeypatch.MonkeyPatch object at 0x70c4e2befe50>

    @pytest.fixture
    def sample(tmp_path, monkeypatch):
>       import rwkv_lh.stdio_corrections as module
E       ModuleNotFoundError: No module named 'rwkv_lh.stdio_corrections'

tests/test_stdio_corrections.py:9: ModuleNotFoundError
_____ ERROR at setup of test_no_fake_success_from_printing_unrelated_text ______

tmp_path = PosixPath('/home/chase/GitHub/RWKV-LH/data/test_runs/pytest/test_no_fake_success_from_prin0')
monkeypatch = <_pytest.monkeypatch.MonkeyPatch object at 0x70c4e2bdfb60>

    @pytest.fixture
    def sample(tmp_path, monkeypatch):
>       import rwkv_lh.stdio_corrections as module
E       ModuleNotFoundError: No module named 'rwkv_lh.stdio_corrections'

tests/test_stdio_corrections.py:9: ModuleNotFoundError
=========================== short test summary info ============================
ERROR tests/test_stdio_corrections.py::test_real_isolated_red_green - ModuleN...
ERROR tests/test_stdio_corrections.py::test_reject_unbound_or_inappropriate_evidence[unbound_review]
ERROR tests/test_stdio_corrections.py::test_reject_unbound_or_inappropriate_evidence[ambiguous]
ERROR tests/test_stdio_corrections.py::test_reject_unbound_or_inappropriate_evidence[float]
ERROR tests/test_stdio_corrections.py::test_reject_unbound_or_inappropriate_evidence[changed_tests]
ERROR tests/test_stdio_corrections.py::test_reject_unbound_or_inappropriate_evidence[unsealed_source]
ERROR tests/test_stdio_corrections.py::test_reject_unbound_or_inappropriate_evidence[wrong_target]
ERROR tests/test_stdio_corrections.py::test_no_fake_success_from_printing_unrelated_text
8 errors in 1.30s
