{
  "passed": false,
  "program_sha256": "81aa723ab093f0158ecbea0d78096d1042f7d781baed0ce2268503c9ece8e06d",
  "checks": [
    {
      "kind": "project_behavior",
      "passed": false,
      "observation": {
        "program_sha256": "81aa723ab093f0158ecbea0d78096d1042f7d781baed0ce2268503c9ece8e06d",
        "actual_exit_code": 1,
        "output": "{\"checks\": [{\"check\": \"startup_and_health\", \"passed\": false, \"status\": \"failed\", \"error\": \"application did not become healthy\"}, {\"check\": \"project_structure\", \"passed\": false, \"status\": \"failed\", \"error\": \"AssertionError\"}, {\"check\": \"calendar_create_list\", \"passed\": false, \"status\": \"blocked_by_startup\"}, {\"check\": \"event_crud\", \"passed\": false, \"status\": \"blocked_by_startup\"}, {\"check\": \"invalid_input_atomicity\", \"passed\": false, \"status\": \"blocked_by_startup\"}, {\"check\": \"conflict_and_adjacent_intervals\", \"passed\": false, \"status\": \"blocked_by_startup\"}, {\"check\": \"combined_range_calendar_search\", \"passed\": false, \"status\": \"blocked_by_startup\"}, {\"check\": \"timezone_and_all_day\", \"passed\": false, \"status\": \"blocked_by_startup\"}, {\"check\": \"weekly_recurrence_atomicity\", \"passed\": false, \"status\": \"blocked_by_startup\"}, {\"check\": \"sqlite_restart_persistence\", \"passed\": false, \"status\": \"blocked_by_startup\"}, {\"check\": \"browser_create_refresh\", \"passed\": false, \"status\": \"blocked_by_startup\"}, {\"check\": \"browser_date_views_and_search\", \"passed\": false, \"status\": \"blocked_by_startup\"}, {\"check\": \"browser_edit_delete\", \"passed\": false, \"status\": \"blocked_by_startup\"}], \"server_log\": \"/opt/verifier-python/bin/python3.13: can't open file '/workspace/app.py': [Errno 2] No such file or directory\\n\"}\n",
        "browser": true
      },
      "error": ""
    }
  ],
  "details": {
    "checks": [
      {
        "check": "startup_and_health",
        "passed": false,
        "status": "failed",
        "error": "application did not become healthy"
      },
      {
        "check": "project_structure",
        "passed": false,
        "status": "failed",
        "error": "AssertionError"
      },
      {
        "check": "calendar_create_list",
        "passed": false,
        "status": "blocked_by_startup"
      },
      {
        "check": "event_crud",
        "passed": false,
        "status": "blocked_by_startup"
      },
      {
        "check": "invalid_input_atomicity",
        "passed": false,
        "status": "blocked_by_startup"
      },
      {
        "check": "conflict_and_adjacent_intervals",
        "passed": false,
        "status": "blocked_by_startup"
      },
      {
        "check": "combined_range_calendar_search",
        "passed": false,
        "status": "blocked_by_startup"
      },
      {
        "check": "timezone_and_all_day",
        "passed": false,
        "status": "blocked_by_startup"
      },
      {
        "check": "weekly_recurrence_atomicity",
        "passed": false,
        "status": "blocked_by_startup"
      },
      {
        "check": "sqlite_restart_persistence",
        "passed": false,
        "status": "blocked_by_startup"
      },
      {
        "check": "browser_create_refresh",
        "passed": false,
        "status": "blocked_by_startup"
      },
      {
        "check": "browser_date_views_and_search",
        "passed": false,
        "status": "blocked_by_startup"
      },
      {
        "check": "browser_edit_delete",
        "passed": false,
        "status": "blocked_by_startup"
      }
    ],
    "server_log": "/opt/verifier-python/bin/python3.13: can't open file '/workspace/app.py': [Errno 2] No such file or directory\n"
  },
  "metadata": {
    "backend": "bubblewrap",
    "acceptance_transport": "stdin",
    "workspace_mount": "read_only_snapshot",
    "network": "unshared",
    "pid_namespace": "private",
    "repository_mounted": false,
    "verifier_logs_exposed_to_agent": false
  },
  "source_purpose": "development_evaluation_not_training"
}
