[
  {
    "id": "bug-materials-r1",
    "final": "错误原因：query 函数在 limit 为 None 时执行 fetchmany(limit if limit is not None else -1)，SQLite 的 fetchmany 第二个参数必须是正整数，-1 不合法，导致 ValueError: value must be positive。\n\n最小修复：将 limit 为 None 时的 fetchmany 参数改为 None，让 SQLite 返回全部结果，而不是传递 -1。",
    "termination": "submitted",
    "termination_reason": "answer_submitted",
    "termination_evidence": {
      "schema_version": "rwkv-lh.causal-event.v2",
      "event_id": "CE-000013",
      "run_id": "bug-materials-r1",
      "sequence": 13,
      "parent_id": "CE-000012",
      "cause_id": "CE-000012",
      "subject_id": "bug-materials-r1",
      "event_type": "run_completed",
      "payload_schema": "rwkv-lh.run-terminal.v1",
      "payload": {
        "decision_id": "D-e5b78190aa1d459f",
        "request_id": "MR-b47740a55f9f4e78",
        "final_output_sha256": "16b587a0aef67f1fffa5df2caa64988509c5533dcefe825ed969c6e0382406c1",
        "output_source": "rwkv_explicit_final_answer_text",
        "controller_rewritten": false,
        "final_output": "错误原因：query 函数在 limit 为 None 时执行 fetchmany(limit if limit is not None else -1)，SQLite 的 fetchmany 第二个参数必须是正整数，-1 不合法，导致 ValueError: value must be positive。\n\n最小修复：将 limit 为 None 时的 fetchmany 参数改为 None，让 SQLite 返回全部结果，而不是传递 -1。"
      },
      "created_at": "2026-09-14T00:34:32.483+00:00",
      "digest": "4b192302e4936e9416cd89349cbb9f1dfc468eabc0678a87ecdfee0dc253c224"
    },
    "command_executions": [],
    "acceptance": "not_evaluated",
    "assistance": "rwkv_independent",
    "execution_model": "rwkv7-g1j-13.3b-zero-state-capability-ctx16384",
    "execution_authority": "rwkv",
    "continuation": null,
    "error": null,
    "status": "completed",
    "trace_complete": true,
    "trace_errors": [],
    "tool_scope": "files",
    "generation_started": 3,
    "protocol_rejections": 0,
    "actions": [
      {
        "action_id": "A00001",
        "sequence": 1,
        "status": "succeeded",
        "action_type": "read_file",
        "arguments": {
          "max_tokens": 4096,
          "path": "test_failure.txt",
          "start_byte": 0
        },
        "wire_arguments": {
          "max_tokens": 4096,
          "path": "test_failure.txt"
        },
        "action_fingerprint": "2d1c80bd6bd2c9cb1608be3e5932613a3014a30cf00161862f36125b5fe29975",
        "idempotency_key": "895d4e5c2ea4e32d99de61b7b29b3a445ae296641c442a09288d8c28ce690cd7",
        "decision_id": "D-8b58f8aa0cfe450b",
        "request_id": "MR-813c6c63a2aa4ee9",
        "started_at": "2026-09-14T00:33:31.471+00:00",
        "ended_at": "2026-09-14T00:33:31.497+00:00",
        "result": {
          "action_type": "read_file",
          "success": true,
          "output": "E\n======================================================================\nERROR: test_query_limit (__main__.LimitTests.test_query_limit)\n----------------------------------------------------------------------\nTraceback (most recent call last):\n  File \"/workspace/test_query_limit.py\", line 19, in test_query_limit\n    self.assertEqual(query(db,'hello'),full)\n                     ~~~~~^^^^^^^^^^^^\n  File \"/workspace/document_index/query.py\", line 14, in query\n    rows = connection.execute('SELECT path FROM documents WHERE instr(search,?) > 0 ORDER BY path', (normalize(text),)).fetchmany(limit if limit is not None else -1)\nValueError: value must be positive\n\n----------------------------------------------------------------------\nRan 1 test in 0.025s\n\nFAILED (errors=1)\n",
          "exit_code": null,
          "artifacts": [
            {
              "path": "test_failure.txt",
              "sha256": "d9997790737b10075f370f05d1685aa8807db54c917aaa0a308cfbf0f36fd58d",
              "media_type": "text/plain",
              "size_bytes": 772,
              "summary": ""
            }
          ],
          "evidence": [],
          "metadata": {
            "chunk": {
              "chunk_id": "CH-CURSOR-5f0d70c0dfd69f3a",
              "source_ref": "test_failure.txt",
              "source_sha256": "d9997790737b10075f370f05d1685aa8807db54c917aaa0a308cfbf0f36fd58d",
              "media_type": "text/plain",
              "byte_start": 0,
              "byte_end": 772,
              "core_start": 0,
              "core_end": 772,
              "overlap_before": 0,
              "overlap_after": 0,
              "chunk_sha256": "d9997790737b10075f370f05d1685aa8807db54c917aaa0a308cfbf0f36fd58d",
              "split_strategy_version": "rwkv-token-cursor.v1",
              "previous_chunk_id": null,
              "next_chunk_id": null,
              "complete_source": true,
              "token_start": 0,
              "token_end": 167
            },
            "start_byte": 0,
            "end_byte": 772,
            "next_start_byte": null,
            "truncated": false,
            "complete": true,
            "eof": true,
            "source_size_bytes": 772,
            "observed_tokens": 167,
            "source_start_line": 1,
            "source_end_line": 16
          },
          "error": null,
          "outcome_type": "success"
        },
        "artifact_refs": [
          "ART-e682e913566edeeac050"
        ],
        "workspace_digest_before": "f3f38ce5db72edef2976924400f7f5beb8275266ff082a1d20ee38fe40fb4e31",
        "workspace_digest_after": "f3f38ce5db72edef2976924400f7f5beb8275266ff082a1d20ee38fe40fb4e31",
        "failure_key": "",
        "observation_fingerprint": "8898292d0fa0925980096b64a6f8ec7f9671f147c5782e19750de6d8b3998640",
        "error": null,
        "outcome_type": "success",
        "atom_execution_contract_digest": ""
      },
      {
        "action_id": "A00002",
        "sequence": 2,
        "status": "succeeded",
        "action_type": "read_file",
        "arguments": {
          "max_tokens": 4096,
          "path": "document_index/query.py",
          "start_byte": 0
        },
        "wire_arguments": {
          "max_tokens": 4096,
          "path": "document_index/query.py"
        },
        "action_fingerprint": "c5ee139720305ed64cc94e04c0667343fc01bb0096b3c04fc30afdb9bcdbed30",
        "idempotency_key": "6fd7340998f8c46b51bca08236f52183991f517fab2228dd0b96be546bf3f875",
        "decision_id": "D-c3b0bfe88ecd4bed",
        "request_id": "MR-b40b6d62f70e4559",
        "started_at": "2026-09-14T00:34:01.445+00:00",
        "ended_at": "2026-09-14T00:34:01.471+00:00",
        "result": {
          "action_type": "read_file",
          "success": true,
          "output": "from __future__ import annotations\nfrom typing import Optional\n\nfrom .documents import normalize\nfrom .store import existing\n\ndef query(database, text: str, limit: Optional[int] = None) -> dict:\n    if not text.strip():\n        raise ValueError('query must be nonempty')\n    if limit is not None:\n        if isinstance(limit, bool) or not isinstance(limit, int) or limit <= 0:\n            raise ValueError('limit must be a positive integer')\n    with existing(database) as connection:\n        rows = connection.execute('SELECT path FROM documents WHERE instr(search,?) > 0 ORDER BY path', (normalize(text),)).fetchmany(limit if limit is not None else -1)\n    matches = [{'path': row[0]} for row in rows]\n    return {'count': len(matches), 'matches': matches}\n",
          "exit_code": null,
          "artifacts": [
            {
              "path": "document_index/query.py",
              "sha256": "cca1a251c41e1b5e7d60f81ef704228ee14ceaee7768c5364d9fadb7978593ff",
              "media_type": "text/x-python",
              "size_bytes": 759,
              "summary": ""
            }
          ],
          "evidence": [],
          "metadata": {
            "chunk": {
              "chunk_id": "CH-CURSOR-927588d194501bd2",
              "source_ref": "document_index/query.py",
              "source_sha256": "cca1a251c41e1b5e7d60f81ef704228ee14ceaee7768c5364d9fadb7978593ff",
              "media_type": "text/plain",
              "byte_start": 0,
              "byte_end": 759,
              "core_start": 0,
              "core_end": 759,
              "overlap_before": 0,
              "overlap_after": 0,
              "chunk_sha256": "cca1a251c41e1b5e7d60f81ef704228ee14ceaee7768c5364d9fadb7978593ff",
              "split_strategy_version": "rwkv-token-cursor.v1",
              "previous_chunk_id": null,
              "next_chunk_id": null,
              "complete_source": true,
              "token_start": 0,
              "token_end": 184
            },
            "start_byte": 0,
            "end_byte": 759,
            "next_start_byte": null,
            "truncated": false,
            "complete": true,
            "eof": true,
            "source_size_bytes": 759,
            "observed_tokens": 184,
            "source_start_line": 1,
            "source_end_line": 16
          },
          "error": null,
          "outcome_type": "success"
        },
        "artifact_refs": [
          "ART-685e3d9d7d22cb3d19c7"
        ],
        "workspace_digest_before": "f3f38ce5db72edef2976924400f7f5beb8275266ff082a1d20ee38fe40fb4e31",
        "workspace_digest_after": "f3f38ce5db72edef2976924400f7f5beb8275266ff082a1d20ee38fe40fb4e31",
        "failure_key": "",
        "observation_fingerprint": "43b7729b894cfdf2a3a823291cf2821069b6e878143238455fa2dbdfc4fbd3af",
        "error": null,
        "outcome_type": "success",
        "atom_execution_contract_digest": ""
      }
    ],
    "elapsed_seconds": 84.79238729609642
  },
  {
    "id": "bug-materials-r2",
    "final": "错误原因：query 函数在 limit 参数为 None 时，执行了 limit = -1，随后在 fetchmany 中传入 -1，导致 SQLite 报错 value must be positive。\n\n最小修复方向：在 limit 为 None 时，不要设置 limit = -1，而是让 fetchmany 使用默认值 -1（即不限制行数）。修改 query 函数中的 limit 处理逻辑，将 limit = -1 改为 limit = None。",
    "termination": "submitted",
    "termination_reason": "answer_submitted",
    "termination_evidence": {
      "schema_version": "rwkv-lh.causal-event.v2",
      "event_id": "CE-000013",
      "run_id": "bug-materials-r2",
      "sequence": 13,
      "parent_id": "CE-000012",
      "cause_id": "CE-000012",
      "subject_id": "bug-materials-r2",
      "event_type": "run_completed",
      "payload_schema": "rwkv-lh.run-terminal.v1",
      "payload": {
        "decision_id": "D-8aa5116b09834741",
        "request_id": "MR-0b77bff16ea749c8",
        "final_output_sha256": "bf414be32129a22d1de33ad616758e5794619f4801fc1810a8dabf3c3a3c5def",
        "output_source": "rwkv_explicit_final_answer_text",
        "controller_rewritten": false,
        "final_output": "错误原因：query 函数在 limit 参数为 None 时，执行了 limit = -1，随后在 fetchmany 中传入 -1，导致 SQLite 报错 value must be positive。\n\n最小修复方向：在 limit 为 None 时，不要设置 limit = -1，而是让 fetchmany 使用默认值 -1（即不限制行数）。修改 query 函数中的 limit 处理逻辑，将 limit = -1 改为 limit = None。"
      },
      "created_at": "2026-09-14T00:35:57.395+00:00",
      "digest": "eee3cd307b4c80eaa3f26fb3fc928eee3c2e1786f5172e10ac0d9595d7aa80b7"
    },
    "command_executions": [],
    "acceptance": "not_evaluated",
    "assistance": "rwkv_independent",
    "execution_model": "rwkv7-g1j-13.3b-zero-state-capability-ctx16384",
    "execution_authority": "rwkv",
    "continuation": null,
    "error": null,
    "status": "completed",
    "trace_complete": true,
    "trace_errors": [],
    "tool_scope": "files",
    "generation_started": 3,
    "protocol_rejections": 0,
    "actions": [
      {
        "action_id": "A00001",
        "sequence": 1,
        "status": "succeeded",
        "action_type": "read_file",
        "arguments": {
          "path": "test_failure.txt",
          "start_byte": 0,
          "max_tokens": 4096
        },
        "wire_arguments": {
          "path": "test_failure.txt"
        },
        "action_fingerprint": "2d1c80bd6bd2c9cb1608be3e5932613a3014a30cf00161862f36125b5fe29975",
        "idempotency_key": "0dda67fddd9e42d447d09a21121ec5e7865ae178f41ebcf569e69f968fdf09b4",
        "decision_id": "D-835e304d545d46b0",
        "request_id": "MR-d4af0e69578e4ac7",
        "started_at": "2026-09-14T00:34:55.133+00:00",
        "ended_at": "2026-09-14T00:34:55.156+00:00",
        "result": {
          "action_type": "read_file",
          "success": true,
          "output": "E\n======================================================================\nERROR: test_query_limit (__main__.LimitTests.test_query_limit)\n----------------------------------------------------------------------\nTraceback (most recent call last):\n  File \"/workspace/test_query_limit.py\", line 19, in test_query_limit\n    self.assertEqual(query(db,'hello'),full)\n                     ~~~~~^^^^^^^^^^^^\n  File \"/workspace/document_index/query.py\", line 14, in query\n    rows = connection.execute('SELECT path FROM documents WHERE instr(search,?) > 0 ORDER BY path', (normalize(text),)).fetchmany(limit if limit is not None else -1)\nValueError: value must be positive\n\n----------------------------------------------------------------------\nRan 1 test in 0.025s\n\nFAILED (errors=1)\n",
          "exit_code": null,
          "artifacts": [
            {
              "path": "test_failure.txt",
              "sha256": "d9997790737b10075f370f05d1685aa8807db54c917aaa0a308cfbf0f36fd58d",
              "media_type": "text/plain",
              "size_bytes": 772,
              "summary": ""
            }
          ],
          "evidence": [],
          "metadata": {
            "chunk": {
              "chunk_id": "CH-CURSOR-5f0d70c0dfd69f3a",
              "source_ref": "test_failure.txt",
              "source_sha256": "d9997790737b10075f370f05d1685aa8807db54c917aaa0a308cfbf0f36fd58d",
              "media_type": "text/plain",
              "byte_start": 0,
              "byte_end": 772,
              "core_start": 0,
              "core_end": 772,
              "overlap_before": 0,
              "overlap_after": 0,
              "chunk_sha256": "d9997790737b10075f370f05d1685aa8807db54c917aaa0a308cfbf0f36fd58d",
              "split_strategy_version": "rwkv-token-cursor.v1",
              "previous_chunk_id": null,
              "next_chunk_id": null,
              "complete_source": true,
              "token_start": 0,
              "token_end": 167
            },
            "start_byte": 0,
            "end_byte": 772,
            "next_start_byte": null,
            "truncated": false,
            "complete": true,
            "eof": true,
            "source_size_bytes": 772,
            "observed_tokens": 167,
            "source_start_line": 1,
            "source_end_line": 16
          },
          "error": null,
          "outcome_type": "success"
        },
        "artifact_refs": [
          "ART-e682e913566edeeac050"
        ],
        "workspace_digest_before": "f3f38ce5db72edef2976924400f7f5beb8275266ff082a1d20ee38fe40fb4e31",
        "workspace_digest_after": "f3f38ce5db72edef2976924400f7f5beb8275266ff082a1d20ee38fe40fb4e31",
        "failure_key": "",
        "observation_fingerprint": "8898292d0fa0925980096b64a6f8ec7f9671f147c5782e19750de6d8b3998640",
        "error": null,
        "outcome_type": "success",
        "atom_execution_contract_digest": ""
      },
      {
        "action_id": "A00002",
        "sequence": 2,
        "status": "succeeded",
        "action_type": "read_file",
        "arguments": {
          "path": "document_index/query.py",
          "start_byte": 0,
          "max_tokens": 4096
        },
        "wire_arguments": {
          "path": "document_index/query.py"
        },
        "action_fingerprint": "c5ee139720305ed64cc94e04c0667343fc01bb0096b3c04fc30afdb9bcdbed30",
        "idempotency_key": "720d7243867e67a7257f6e8bbc0ea5a5bb100fec3e176a1b2902d2e743a8462d",
        "decision_id": "D-a06d1c4207a74e1d",
        "request_id": "MR-0bfd4bdda1a44ad6",
        "started_at": "2026-09-14T00:35:25.656+00:00",
        "ended_at": "2026-09-14T00:35:25.682+00:00",
        "result": {
          "action_type": "read_file",
          "success": true,
          "output": "from __future__ import annotations\nfrom typing import Optional\n\nfrom .documents import normalize\nfrom .store import existing\n\ndef query(database, text: str, limit: Optional[int] = None) -> dict:\n    if not text.strip():\n        raise ValueError('query must be nonempty')\n    if limit is not None:\n        if isinstance(limit, bool) or not isinstance(limit, int) or limit <= 0:\n            raise ValueError('limit must be a positive integer')\n    with existing(database) as connection:\n        rows = connection.execute('SELECT path FROM documents WHERE instr(search,?) > 0 ORDER BY path', (normalize(text),)).fetchmany(limit if limit is not None else -1)\n    matches = [{'path': row[0]} for row in rows]\n    return {'count': len(matches), 'matches': matches}\n",
          "exit_code": null,
          "artifacts": [
            {
              "path": "document_index/query.py",
              "sha256": "cca1a251c41e1b5e7d60f81ef704228ee14ceaee7768c5364d9fadb7978593ff",
              "media_type": "text/x-python",
              "size_bytes": 759,
              "summary": ""
            }
          ],
          "evidence": [],
          "metadata": {
            "chunk": {
              "chunk_id": "CH-CURSOR-927588d194501bd2",
              "source_ref": "document_index/query.py",
              "source_sha256": "cca1a251c41e1b5e7d60f81ef704228ee14ceaee7768c5364d9fadb7978593ff",
              "media_type": "text/plain",
              "byte_start": 0,
              "byte_end": 759,
              "core_start": 0,
              "core_end": 759,
              "overlap_before": 0,
              "overlap_after": 0,
              "chunk_sha256": "cca1a251c41e1b5e7d60f81ef704228ee14ceaee7768c5364d9fadb7978593ff",
              "split_strategy_version": "rwkv-token-cursor.v1",
              "previous_chunk_id": null,
              "next_chunk_id": null,
              "complete_source": true,
              "token_start": 0,
              "token_end": 184
            },
            "start_byte": 0,
            "end_byte": 759,
            "next_start_byte": null,
            "truncated": false,
            "complete": true,
            "eof": true,
            "source_size_bytes": 759,
            "observed_tokens": 184,
            "source_start_line": 1,
            "source_end_line": 16
          },
          "error": null,
          "outcome_type": "success"
        },
        "artifact_refs": [
          "ART-685e3d9d7d22cb3d19c7"
        ],
        "workspace_digest_before": "f3f38ce5db72edef2976924400f7f5beb8275266ff082a1d20ee38fe40fb4e31",
        "workspace_digest_after": "f3f38ce5db72edef2976924400f7f5beb8275266ff082a1d20ee38fe40fb4e31",
        "failure_key": "",
        "observation_fingerprint": "43b7729b894cfdf2a3a823291cf2821069b6e878143238455fa2dbdfc4fbd3af",
        "error": null,
        "outcome_type": "success",
        "atom_execution_contract_digest": ""
      }
    ],
    "elapsed_seconds": 84.9131249570055
  }
]
