rag_overview-notes-r1 submitted 1
api_bug-notes-r1 submitted 2
rag_overview-original-r1 submitted 1
api_bug-original-r1 submitted 2
rag_overview-reread-r1 submitted 1
api_bug-reread-r1 budget 2
rag_overview-append-r1 submitted 1
api_bug-append-r1 submitted 2
rag_overview-prefix-r1 submitted 1
api_bug-prefix-r1 submitted 2
api_bug-prefix-r2 submitted 2
rag_overview-prefix-r2 submitted 1
api_bug-append-r2 budget 2
rag_overview-append-r2 submitted 1
api_bug-reread-r2 budget 2
rag_overview-reread-r2 submitted 1
api_bug-original-r2 submitted 2
rag_overview-original-r2 submitted 2
serial 1 finished
parallel 1 finished
parallel 2 finished
serial 2 finished
rag_overview-advised-r1 submitted
rag_overview-advised-r2 submitted
