....................F................................................... [  3%]
........................................................................ [  7%]
........................................................................ [ 11%]
........................................................................ [ 14%]
......................................FFF.FFF........................... [ 18%]
........................................................................ [ 22%]
........................................................................ [ 26%]
........................................................................ [ 29%]
........................................................................ [ 33%]
........................................................................ [ 37%]
........................................................................ [ 40%]
........................................................................ [ 44%]
........................................................................ [ 48%]
........................................................................ [ 52%]
........................................................................ [ 55%]
........................................................................ [ 59%]
........................................................................ [ 63%]
........................................................................ [ 67%]
........................................................................ [ 70%]
........................................................................ [ 74%]
........................................................................ [ 78%]
........................................................................ [ 81%]
........................................................................ [ 85%]
........................................................................ [ 89%]
........................................................................ [ 93%]
........................................................................ [ 96%]
..............................................................           [100%]
=================================== FAILURES ===================================
_________________ test_cli_exposes_dependencies_in_same_entry __________________

tmp_path = PosixPath('/home/chase/GitHub/RWKV-LH/data/test_runs/pytest/test_cli_exposes_dependencies_0')
monkeypatch = <_pytest.monkeypatch.MonkeyPatch object at 0x778294c74450>
capsys = <_pytest.capture.CaptureFixture object at 0x77816a2ba270>

    def test_cli_exposes_dependencies_in_same_entry(tmp_path, monkeypatch, capsys):
        import scripts.run_rwkv_agent as cli
        jobs = tmp_path / 'jobs.json'
        jobs.write_text(json.dumps([{'task_id': 'a', 'request': 'Read', 'workspace': str(tmp_path),
            'output_dir': str(tmp_path / 'out'), 'tool_scope': 'coding', 'depends_on': []}]))
        monkeypatch.setattr('sys.argv', ['run_rwkv_agent', '--jobs', str(jobs)])
        monkeypatch.setattr(cli, 'load_local_env', lambda *a: None)
>       monkeypatch.setattr(cli, 'get_runtime_settings', settings)
E       AttributeError: <module 'scripts.run_rwkv_agent' from '/home/chase/GitHub/RWKV-LH/scripts/run_rwkv_agent.py'> has no attribute 'get_runtime_settings'

tests/test_agent_integration.py:119: AttributeError
_______ test_product_entrypoint_preserves_selected_profile[False-batch] ________

entry = 'batch', configured = False
tmp_path = PosixPath('/home/chase/GitHub/RWKV-LH/data/test_runs/pytest/test_product_entrypoint_preser0')
monkeypatch = <_pytest.monkeypatch.MonkeyPatch object at 0x77816a05b380>

    @pytest.mark.parametrize('entry',['batch','coding','read','web'])
    @pytest.mark.parametrize('configured',[False,True])
    def test_product_entrypoint_preserves_selected_profile(entry,configured,tmp_path,monkeypatch):
        expected=('candidate','a'*64) if configured else ('zero','0'*64)
        settings=RuntimeSettings(base_url='http://localhost:8000/v1',api_key='',model='model',state_profile_id=expected[0] if configured else '',state_profile_sha256=expected[1] if configured else '')
        captured=[]
        if entry=='web':
            from rwkv_lh import web_worker
            import rwkv_lh.runtime.settings as configuration
            monkeypatch.setattr(configuration,'get_runtime_settings',lambda:settings)
            captured.append(web_worker.direct_settings())
        else:
            name={'batch':'run_rwkv_agent','coding':'run_rwkv_coding_agent','read':'run_rwkv_read_only_agent'}[entry]
            spec=importlib.util.spec_from_file_location(name,ROOT/'scripts'/f'{name}.py');module=importlib.util.module_from_spec(spec);spec.loader.exec_module(module)
>           monkeypatch.setattr(module,'get_runtime_settings',lambda:settings);monkeypatch.setattr(module,'load_local_env',lambda *a,**k:None)
            ^^^^^^^^^^^^^^^^^^^^^^^^^^^^^^^^^^^^^^^^^^^^^^^^^^^^^^^^^^^^^^^^^^
E           AttributeError: <module 'run_rwkv_agent' from '/home/chase/GitHub/RWKV-LH/scripts/run_rwkv_agent.py'> has no attribute 'get_runtime_settings'

tests/test_direct_profile_entrypoints.py:24: AttributeError
_______ test_product_entrypoint_preserves_selected_profile[False-coding] _______

entry = 'coding', configured = False
tmp_path = PosixPath('/home/chase/GitHub/RWKV-LH/data/test_runs/pytest/test_product_entrypoint_preser1')
monkeypatch = <_pytest.monkeypatch.MonkeyPatch object at 0x77816a08c520>

    @pytest.mark.parametrize('entry',['batch','coding','read','web'])
    @pytest.mark.parametrize('configured',[False,True])
    def test_product_entrypoint_preserves_selected_profile(entry,configured,tmp_path,monkeypatch):
        expected=('candidate','a'*64) if configured else ('zero','0'*64)
        settings=RuntimeSettings(base_url='http://localhost:8000/v1',api_key='',model='model',state_profile_id=expected[0] if configured else '',state_profile_sha256=expected[1] if configured else '')
        captured=[]
        if entry=='web':
            from rwkv_lh import web_worker
            import rwkv_lh.runtime.settings as configuration
            monkeypatch.setattr(configuration,'get_runtime_settings',lambda:settings)
            captured.append(web_worker.direct_settings())
        else:
            name={'batch':'run_rwkv_agent','coding':'run_rwkv_coding_agent','read':'run_rwkv_read_only_agent'}[entry]
            spec=importlib.util.spec_from_file_location(name,ROOT/'scripts'/f'{name}.py');module=importlib.util.module_from_spec(spec);spec.loader.exec_module(module)
>           monkeypatch.setattr(module,'get_runtime_settings',lambda:settings);monkeypatch.setattr(module,'load_local_env',lambda *a,**k:None)
            ^^^^^^^^^^^^^^^^^^^^^^^^^^^^^^^^^^^^^^^^^^^^^^^^^^^^^^^^^^^^^^^^^^
E           AttributeError: <module 'run_rwkv_coding_agent' from '/home/chase/GitHub/RWKV-LH/scripts/run_rwkv_coding_agent.py'> has no attribute 'get_runtime_settings'

tests/test_direct_profile_entrypoints.py:24: AttributeError
________ test_product_entrypoint_preserves_selected_profile[False-read] ________

entry = 'read', configured = False
tmp_path = PosixPath('/home/chase/GitHub/RWKV-LH/data/test_runs/pytest/test_product_entrypoint_preser2')
monkeypatch = <_pytest.monkeypatch.MonkeyPatch object at 0x77816a05b380>

    @pytest.mark.parametrize('entry',['batch','coding','read','web'])
    @pytest.mark.parametrize('configured',[False,True])
    def test_product_entrypoint_preserves_selected_profile(entry,configured,tmp_path,monkeypatch):
        expected=('candidate','a'*64) if configured else ('zero','0'*64)
        settings=RuntimeSettings(base_url='http://localhost:8000/v1',api_key='',model='model',state_profile_id=expected[0] if configured else '',state_profile_sha256=expected[1] if configured else '')
        captured=[]
        if entry=='web':
            from rwkv_lh import web_worker
            import rwkv_lh.runtime.settings as configuration
            monkeypatch.setattr(configuration,'get_runtime_settings',lambda:settings)
            captured.append(web_worker.direct_settings())
        else:
            name={'batch':'run_rwkv_agent','coding':'run_rwkv_coding_agent','read':'run_rwkv_read_only_agent'}[entry]
            spec=importlib.util.spec_from_file_location(name,ROOT/'scripts'/f'{name}.py');module=importlib.util.module_from_spec(spec);spec.loader.exec_module(module)
>           monkeypatch.setattr(module,'get_runtime_settings',lambda:settings);monkeypatch.setattr(module,'load_local_env',lambda *a,**k:None)
            ^^^^^^^^^^^^^^^^^^^^^^^^^^^^^^^^^^^^^^^^^^^^^^^^^^^^^^^^^^^^^^^^^^
E           AttributeError: <module 'run_rwkv_read_only_agent' from '/home/chase/GitHub/RWKV-LH/scripts/run_rwkv_read_only_agent.py'> has no attribute 'get_runtime_settings'

tests/test_direct_profile_entrypoints.py:24: AttributeError
________ test_product_entrypoint_preserves_selected_profile[True-batch] ________

entry = 'batch', configured = True
tmp_path = PosixPath('/home/chase/GitHub/RWKV-LH/data/test_runs/pytest/test_product_entrypoint_preser4')
monkeypatch = <_pytest.monkeypatch.MonkeyPatch object at 0x7781663b6350>

    @pytest.mark.parametrize('entry',['batch','coding','read','web'])
    @pytest.mark.parametrize('configured',[False,True])
    def test_product_entrypoint_preserves_selected_profile(entry,configured,tmp_path,monkeypatch):
        expected=('candidate','a'*64) if configured else ('zero','0'*64)
        settings=RuntimeSettings(base_url='http://localhost:8000/v1',api_key='',model='model',state_profile_id=expected[0] if configured else '',state_profile_sha256=expected[1] if configured else '')
        captured=[]
        if entry=='web':
            from rwkv_lh import web_worker
            import rwkv_lh.runtime.settings as configuration
            monkeypatch.setattr(configuration,'get_runtime_settings',lambda:settings)
            captured.append(web_worker.direct_settings())
        else:
            name={'batch':'run_rwkv_agent','coding':'run_rwkv_coding_agent','read':'run_rwkv_read_only_agent'}[entry]
            spec=importlib.util.spec_from_file_location(name,ROOT/'scripts'/f'{name}.py');module=importlib.util.module_from_spec(spec);spec.loader.exec_module(module)
>           monkeypatch.setattr(module,'get_runtime_settings',lambda:settings);monkeypatch.setattr(module,'load_local_env',lambda *a,**k:None)
            ^^^^^^^^^^^^^^^^^^^^^^^^^^^^^^^^^^^^^^^^^^^^^^^^^^^^^^^^^^^^^^^^^^
E           AttributeError: <module 'run_rwkv_agent' from '/home/chase/GitHub/RWKV-LH/scripts/run_rwkv_agent.py'> has no attribute 'get_runtime_settings'

tests/test_direct_profile_entrypoints.py:24: AttributeError
_______ test_product_entrypoint_preserves_selected_profile[True-coding] ________

entry = 'coding', configured = True
tmp_path = PosixPath('/home/chase/GitHub/RWKV-LH/data/test_runs/pytest/test_product_entrypoint_preser5')
monkeypatch = <_pytest.monkeypatch.MonkeyPatch object at 0x7781663b75b0>

    @pytest.mark.parametrize('entry',['batch','coding','read','web'])
    @pytest.mark.parametrize('configured',[False,True])
    def test_product_entrypoint_preserves_selected_profile(entry,configured,tmp_path,monkeypatch):
        expected=('candidate','a'*64) if configured else ('zero','0'*64)
        settings=RuntimeSettings(base_url='http://localhost:8000/v1',api_key='',model='model',state_profile_id=expected[0] if configured else '',state_profile_sha256=expected[1] if configured else '')
        captured=[]
        if entry=='web':
            from rwkv_lh import web_worker
            import rwkv_lh.runtime.settings as configuration
            monkeypatch.setattr(configuration,'get_runtime_settings',lambda:settings)
            captured.append(web_worker.direct_settings())
        else:
            name={'batch':'run_rwkv_agent','coding':'run_rwkv_coding_agent','read':'run_rwkv_read_only_agent'}[entry]
            spec=importlib.util.spec_from_file_location(name,ROOT/'scripts'/f'{name}.py');module=importlib.util.module_from_spec(spec);spec.loader.exec_module(module)
>           monkeypatch.setattr(module,'get_runtime_settings',lambda:settings);monkeypatch.setattr(module,'load_local_env',lambda *a,**k:None)
            ^^^^^^^^^^^^^^^^^^^^^^^^^^^^^^^^^^^^^^^^^^^^^^^^^^^^^^^^^^^^^^^^^^
E           AttributeError: <module 'run_rwkv_coding_agent' from '/home/chase/GitHub/RWKV-LH/scripts/run_rwkv_coding_agent.py'> has no attribute 'get_runtime_settings'

tests/test_direct_profile_entrypoints.py:24: AttributeError
________ test_product_entrypoint_preserves_selected_profile[True-read] _________

entry = 'read', configured = True
tmp_path = PosixPath('/home/chase/GitHub/RWKV-LH/data/test_runs/pytest/test_product_entrypoint_preser6')
monkeypatch = <_pytest.monkeypatch.MonkeyPatch object at 0x7781663b62e0>

    @pytest.mark.parametrize('entry',['batch','coding','read','web'])
    @pytest.mark.parametrize('configured',[False,True])
    def test_product_entrypoint_preserves_selected_profile(entry,configured,tmp_path,monkeypatch):
        expected=('candidate','a'*64) if configured else ('zero','0'*64)
        settings=RuntimeSettings(base_url='http://localhost:8000/v1',api_key='',model='model',state_profile_id=expected[0] if configured else '',state_profile_sha256=expected[1] if configured else '')
        captured=[]
        if entry=='web':
            from rwkv_lh import web_worker
            import rwkv_lh.runtime.settings as configuration
            monkeypatch.setattr(configuration,'get_runtime_settings',lambda:settings)
            captured.append(web_worker.direct_settings())
        else:
            name={'batch':'run_rwkv_agent','coding':'run_rwkv_coding_agent','read':'run_rwkv_read_only_agent'}[entry]
            spec=importlib.util.spec_from_file_location(name,ROOT/'scripts'/f'{name}.py');module=importlib.util.module_from_spec(spec);spec.loader.exec_module(module)
>           monkeypatch.setattr(module,'get_runtime_settings',lambda:settings);monkeypatch.setattr(module,'load_local_env',lambda *a,**k:None)
            ^^^^^^^^^^^^^^^^^^^^^^^^^^^^^^^^^^^^^^^^^^^^^^^^^^^^^^^^^^^^^^^^^^
E           AttributeError: <module 'run_rwkv_read_only_agent' from '/home/chase/GitHub/RWKV-LH/scripts/run_rwkv_read_only_agent.py'> has no attribute 'get_runtime_settings'

tests/test_direct_profile_entrypoints.py:24: AttributeError
=========================== short test summary info ============================
FAILED tests/test_agent_integration.py::test_cli_exposes_dependencies_in_same_entry
FAILED tests/test_direct_profile_entrypoints.py::test_product_entrypoint_preserves_selected_profile[False-batch]
FAILED tests/test_direct_profile_entrypoints.py::test_product_entrypoint_preserves_selected_profile[False-coding]
FAILED tests/test_direct_profile_entrypoints.py::test_product_entrypoint_preserves_selected_profile[False-read]
FAILED tests/test_direct_profile_entrypoints.py::test_product_entrypoint_preserves_selected_profile[True-batch]
FAILED tests/test_direct_profile_entrypoints.py::test_product_entrypoint_preserves_selected_profile[True-coding]
FAILED tests/test_direct_profile_entrypoints.py::test_product_entrypoint_preserves_selected_profile[True-read]
7 failed, 1927 passed in 386.53s (0:06:26)
