FFF.                                                                     [100%]
=================================== FAILURES ===================================
_________ test_stdio_training_requires_frozen_execution_proof[missing] _________

tmp_path = PosixPath('/home/chase/GitHub/RWKV-LH/data/test_runs/pytest/test_stdio_training_requires_f0')
monkeypatch = <_pytest.monkeypatch.MonkeyPatch object at 0x7463801fa8b0>
damage = 'missing'

    @pytest.mark.parametrize("damage", ["missing", "wrong_count", "tampered_file", "valid"])
    def test_stdio_training_requires_frozen_execution_proof(tmp_path, monkeypatch, damage):
        manifest, _ = frozen(tmp_path)
        version, protocol_sha = data._protocol("direct_actor")
        manifest.update(role="direct_actor", input_protocol=version, protocol_sha256=protocol_sha)
        sample = row()
        sample.update(label_authority="verified_stdio")
        train_ref = write(tmp_path / "train.jsonl", sample)
        manifest["train"]["sha256"] = train_ref["sha256"]
        proof = write(tmp_path / "stdio_validation.json", {"rows": ["opaque sealed execution evidence"]})
        manifest["stdio_validation"] = {"file": "stdio_validation.json", "sha256": proof["sha256"], "count": 1}
        if damage == "missing":
            manifest.pop("stdio_validation")
        elif damage == "wrong_count":
            manifest["stdio_validation"]["count"] = 2
        elif damage == "tampered_file":
            (tmp_path / "stdio_validation.json").write_text("tampered")
        reference = write(tmp_path / "manifest.json", manifest)
        normalized = []
        def normalize(value, **kwargs):
            normalized.append(value)
            return {"sample_id": value["sample_id"]}
        monkeypatch.setattr(data, "normalize_row", normalize)
        def load():
            return data.admit_dataset(reference, role="direct_actor", expected_regression="a" * 64,
                model_sha256="b" * 64, context_tokens=16384, vocab_size=65536, bos_token_id=0)
        if damage == "valid":
            assert len(load()[1]) == 1
        else:
>           with pytest.raises(ValueError):
                 ^^^^^^^^^^^^^^^^^^^^^^^^^
E           Failed: DID NOT RAISE ValueError

tests/test_statetune_data.py:43: Failed
_______ test_stdio_training_requires_frozen_execution_proof[wrong_count] _______

tmp_path = PosixPath('/home/chase/GitHub/RWKV-LH/data/test_runs/pytest/test_stdio_training_requires_f1')
monkeypatch = <_pytest.monkeypatch.MonkeyPatch object at 0x74638011be10>
damage = 'wrong_count'

    @pytest.mark.parametrize("damage", ["missing", "wrong_count", "tampered_file", "valid"])
    def test_stdio_training_requires_frozen_execution_proof(tmp_path, monkeypatch, damage):
        manifest, _ = frozen(tmp_path)
        version, protocol_sha = data._protocol("direct_actor")
        manifest.update(role="direct_actor", input_protocol=version, protocol_sha256=protocol_sha)
        sample = row()
        sample.update(label_authority="verified_stdio")
        train_ref = write(tmp_path / "train.jsonl", sample)
        manifest["train"]["sha256"] = train_ref["sha256"]
        proof = write(tmp_path / "stdio_validation.json", {"rows": ["opaque sealed execution evidence"]})
        manifest["stdio_validation"] = {"file": "stdio_validation.json", "sha256": proof["sha256"], "count": 1}
        if damage == "missing":
            manifest.pop("stdio_validation")
        elif damage == "wrong_count":
            manifest["stdio_validation"]["count"] = 2
        elif damage == "tampered_file":
            (tmp_path / "stdio_validation.json").write_text("tampered")
        reference = write(tmp_path / "manifest.json", manifest)
        normalized = []
        def normalize(value, **kwargs):
            normalized.append(value)
            return {"sample_id": value["sample_id"]}
        monkeypatch.setattr(data, "normalize_row", normalize)
        def load():
            return data.admit_dataset(reference, role="direct_actor", expected_regression="a" * 64,
                model_sha256="b" * 64, context_tokens=16384, vocab_size=65536, bos_token_id=0)
        if damage == "valid":
            assert len(load()[1]) == 1
        else:
>           with pytest.raises(ValueError):
                 ^^^^^^^^^^^^^^^^^^^^^^^^^
E           Failed: DID NOT RAISE ValueError

tests/test_statetune_data.py:43: Failed
______ test_stdio_training_requires_frozen_execution_proof[tampered_file] ______

tmp_path = PosixPath('/home/chase/GitHub/RWKV-LH/data/test_runs/pytest/test_stdio_training_requires_f2')
monkeypatch = <_pytest.monkeypatch.MonkeyPatch object at 0x74638005a450>
damage = 'tampered_file'

    @pytest.mark.parametrize("damage", ["missing", "wrong_count", "tampered_file", "valid"])
    def test_stdio_training_requires_frozen_execution_proof(tmp_path, monkeypatch, damage):
        manifest, _ = frozen(tmp_path)
        version, protocol_sha = data._protocol("direct_actor")
        manifest.update(role="direct_actor", input_protocol=version, protocol_sha256=protocol_sha)
        sample = row()
        sample.update(label_authority="verified_stdio")
        train_ref = write(tmp_path / "train.jsonl", sample)
        manifest["train"]["sha256"] = train_ref["sha256"]
        proof = write(tmp_path / "stdio_validation.json", {"rows": ["opaque sealed execution evidence"]})
        manifest["stdio_validation"] = {"file": "stdio_validation.json", "sha256": proof["sha256"], "count": 1}
        if damage == "missing":
            manifest.pop("stdio_validation")
        elif damage == "wrong_count":
            manifest["stdio_validation"]["count"] = 2
        elif damage == "tampered_file":
            (tmp_path / "stdio_validation.json").write_text("tampered")
        reference = write(tmp_path / "manifest.json", manifest)
        normalized = []
        def normalize(value, **kwargs):
            normalized.append(value)
            return {"sample_id": value["sample_id"]}
        monkeypatch.setattr(data, "normalize_row", normalize)
        def load():
            return data.admit_dataset(reference, role="direct_actor", expected_regression="a" * 64,
                model_sha256="b" * 64, context_tokens=16384, vocab_size=65536, bos_token_id=0)
        if damage == "valid":
            assert len(load()[1]) == 1
        else:
>           with pytest.raises(ValueError):
                 ^^^^^^^^^^^^^^^^^^^^^^^^^
E           Failed: DID NOT RAISE ValueError

tests/test_statetune_data.py:43: Failed
=========================== short test summary info ============================
FAILED tests/test_statetune_data.py::test_stdio_training_requires_frozen_execution_proof[missing]
FAILED tests/test_statetune_data.py::test_stdio_training_requires_frozen_execution_proof[wrong_count]
FAILED tests/test_statetune_data.py::test_stdio_training_requires_frozen_execution_proof[tampered_file]
3 failed, 1 passed, 23 deselected in 2.00s
