FFF                                                                      [100%]
=================================== FAILURES ===================================
____________ test_focus_requires_visible_evidence_before_generation ____________

    def test_focus_requires_visible_evidence_before_generation():
        with pytest.raises(ValueError, match='visible'):
>           pipeline.validate_learning_contract({
            ^^^^^^^^^^^^^^^^^^^^^^^^^^^^^^^^^^^
                'defect_family': 'read_stall', 'objective': 'Choose a useful next action',
                'evidence_quote': 'invented source', 'acceptance_scope': 'local_behavior',
            }, 'actual visible source')
E           AttributeError: module 'rwkv_lh.trace_correction_pipeline' has no attribute 'validate_learning_contract'

tests/test_defect_learning.py:8: AttributeError
____________ test_local_contract_does_not_claim_project_completion _____________

    def test_local_contract_does_not_claim_project_completion():
>       result = pipeline.validate_learning_contract({
                 ^^^^^^^^^^^^^^^^^^^^^^^^^^^^^^^^^^^
            'defect_family': 'read_stall', 'objective': 'Repair the observed timestamp validation',
            'evidence_quote': 'observed timestamp', 'acceptance_scope': 'local_behavior',
        }, 'An observed timestamp has invalid offset.')
E       AttributeError: module 'rwkv_lh.trace_correction_pipeline' has no attribute 'validate_learning_contract'

tests/test_defect_learning.py:15: AttributeError
______________ test_diagnostic_focus_cannot_be_used_as_edit_proof ______________

    def test_diagnostic_focus_cannot_be_used_as_edit_proof():
        contract = {'defect_family': 'failure_recovery', 'objective': 'Observe a failing test',
                    'evidence_quote': 'test', 'acceptance_scope': 'diagnostic_observation'}
        with pytest.raises(ValueError, match='scope'):
>           pipeline.validate_learning_contract(contract, 'test', function='write_file')
            ^^^^^^^^^^^^^^^^^^^^^^^^^^^^^^^^^^^
E           AttributeError: module 'rwkv_lh.trace_correction_pipeline' has no attribute 'validate_learning_contract'

tests/test_defect_learning.py:29: AttributeError
=========================== short test summary info ============================
FAILED tests/test_defect_learning.py::test_focus_requires_visible_evidence_before_generation
FAILED tests/test_defect_learning.py::test_local_contract_does_not_claim_project_completion
FAILED tests/test_defect_learning.py::test_diagnostic_focus_cannot_be_used_as_edit_proof
3 failed in 0.05s
