FFF                                                                      [100%]
=================================== FAILURES ===================================
_ test_stateful_runtime_failure_does_not_repeat_uncertain_or_rejected_model_work[nonretryable_http] _

tmp_path = PosixPath('/home/chase/GitHub/RWKV-LH-native-link-r1/data/test_runs/pytest/test_stateful_runtime_failure_0')
monkeypatch = <_pytest.monkeypatch.MonkeyPatch object at 0x7b56f695c180>
failure_kind = 'nonretryable_http'

    @pytest.mark.parametrize("failure_kind", ["nonretryable_http", "outcome_unknown", "invalid_transport_protocol"])
    def test_stateful_runtime_failure_does_not_repeat_uncertain_or_rejected_model_work(
        tmp_path: Path, monkeypatch: pytest.MonkeyPatch, failure_kind: str,
    ) -> None:
        from rwkv_lh.runtime.protocol import RWKVHTTPError, RWKVOutcomeUnknownError, RWKVProtocolError
        errors = {"nonretryable_http": RWKVHTTPError(400, "invalid request recovery identity"),
            "outcome_unknown": RWKVOutcomeUnknownError("Native receipt unresolved"),
            "invalid_transport_protocol": RWKVProtocolError("Native binding differs")}
        store = LongHorizonStore(tmp_path / "state")
        state = store.create_run(_goal(tmp_path), "NO-NATIVE-RESUBMISSION")
        model = LongHorizonModel(ModelSession(_QueueClient([]), settings=_settings(progressive=True)),
            tool_selector=_selector(["write_file"] * 8))
        calls = []
        def rejected(*args, **kwargs):
            calls.append(True)
            raise errors[failure_kind]
        monkeypatch.setattr(model, "next_command", rejected)
        monkeypatch.setattr(StatefulGoalLoopController, "_transport_backoff", lambda *a: None)
        controller = StatefulGoalLoopController(store, model=model, harness=model.harness,
            supervisor=_StrongPlanner(_strong_patch(state)), supervisor_policy=SupervisorPolicy(mode="static"),
            max_transitions=20)
        result = controller.run(state.run_id)
>       assert len(calls) == 1
E       assert 8 == 1
E        +  where 8 = len([True, True, True, True, True, True, ...])

tests/test_stateful_goal_loop.py:3983: AssertionError
_ test_stateful_runtime_failure_does_not_repeat_uncertain_or_rejected_model_work[outcome_unknown] _

tmp_path = PosixPath('/home/chase/GitHub/RWKV-LH-native-link-r1/data/test_runs/pytest/test_stateful_runtime_failure_1')
monkeypatch = <_pytest.monkeypatch.MonkeyPatch object at 0x7b56f8436fd0>
failure_kind = 'outcome_unknown'

    @pytest.mark.parametrize("failure_kind", ["nonretryable_http", "outcome_unknown", "invalid_transport_protocol"])
    def test_stateful_runtime_failure_does_not_repeat_uncertain_or_rejected_model_work(
        tmp_path: Path, monkeypatch: pytest.MonkeyPatch, failure_kind: str,
    ) -> None:
        from rwkv_lh.runtime.protocol import RWKVHTTPError, RWKVOutcomeUnknownError, RWKVProtocolError
        errors = {"nonretryable_http": RWKVHTTPError(400, "invalid request recovery identity"),
            "outcome_unknown": RWKVOutcomeUnknownError("Native receipt unresolved"),
            "invalid_transport_protocol": RWKVProtocolError("Native binding differs")}
        store = LongHorizonStore(tmp_path / "state")
        state = store.create_run(_goal(tmp_path), "NO-NATIVE-RESUBMISSION")
        model = LongHorizonModel(ModelSession(_QueueClient([]), settings=_settings(progressive=True)),
            tool_selector=_selector(["write_file"] * 8))
        calls = []
        def rejected(*args, **kwargs):
            calls.append(True)
            raise errors[failure_kind]
        monkeypatch.setattr(model, "next_command", rejected)
        monkeypatch.setattr(StatefulGoalLoopController, "_transport_backoff", lambda *a: None)
        controller = StatefulGoalLoopController(store, model=model, harness=model.harness,
            supervisor=_StrongPlanner(_strong_patch(state)), supervisor_policy=SupervisorPolicy(mode="static"),
            max_transitions=20)
        result = controller.run(state.run_id)
>       assert len(calls) == 1
E       assert 8 == 1
E        +  where 8 = len([True, True, True, True, True, True, ...])

tests/test_stateful_goal_loop.py:3983: AssertionError
_ test_stateful_runtime_failure_does_not_repeat_uncertain_or_rejected_model_work[invalid_transport_protocol] _

tmp_path = PosixPath('/home/chase/GitHub/RWKV-LH-native-link-r1/data/test_runs/pytest/test_stateful_runtime_failure_2')
monkeypatch = <_pytest.monkeypatch.MonkeyPatch object at 0x7b56f82729f0>
failure_kind = 'invalid_transport_protocol'

    @pytest.mark.parametrize("failure_kind", ["nonretryable_http", "outcome_unknown", "invalid_transport_protocol"])
    def test_stateful_runtime_failure_does_not_repeat_uncertain_or_rejected_model_work(
        tmp_path: Path, monkeypatch: pytest.MonkeyPatch, failure_kind: str,
    ) -> None:
        from rwkv_lh.runtime.protocol import RWKVHTTPError, RWKVOutcomeUnknownError, RWKVProtocolError
        errors = {"nonretryable_http": RWKVHTTPError(400, "invalid request recovery identity"),
            "outcome_unknown": RWKVOutcomeUnknownError("Native receipt unresolved"),
            "invalid_transport_protocol": RWKVProtocolError("Native binding differs")}
        store = LongHorizonStore(tmp_path / "state")
        state = store.create_run(_goal(tmp_path), "NO-NATIVE-RESUBMISSION")
        model = LongHorizonModel(ModelSession(_QueueClient([]), settings=_settings(progressive=True)),
            tool_selector=_selector(["write_file"] * 8))
        calls = []
        def rejected(*args, **kwargs):
            calls.append(True)
            raise errors[failure_kind]
        monkeypatch.setattr(model, "next_command", rejected)
        monkeypatch.setattr(StatefulGoalLoopController, "_transport_backoff", lambda *a: None)
        controller = StatefulGoalLoopController(store, model=model, harness=model.harness,
            supervisor=_StrongPlanner(_strong_patch(state)), supervisor_policy=SupervisorPolicy(mode="static"),
            max_transitions=20)
        result = controller.run(state.run_id)
>       assert len(calls) == 1
E       assert 8 == 1
E        +  where 8 = len([True, True, True, True, True, True, ...])

tests/test_stateful_goal_loop.py:3983: AssertionError
=========================== short test summary info ============================
FAILED tests/test_stateful_goal_loop.py::test_stateful_runtime_failure_does_not_repeat_uncertain_or_rejected_model_work[nonretryable_http]
FAILED tests/test_stateful_goal_loop.py::test_stateful_runtime_failure_does_not_repeat_uncertain_or_rejected_model_work[outcome_unknown]
FAILED tests/test_stateful_goal_loop.py::test_stateful_runtime_failure_does_not_repeat_uncertain_or_rejected_model_work[invalid_transport_protocol]
3 failed, 80 deselected in 2.64s
