FFF                                                                      [100%]
=================================== FAILURES ===================================
_________ test_advice_is_not_acceptance_and_preserves_visible_evidence _________

    def test_advice_is_not_acceptance_and_preserves_visible_evidence():
>    from rwkv_lh.summary_advice import build_advice_request,make_advice_event
E    ModuleNotFoundError: No module named 'rwkv_lh.summary_advice'

tests/test_summary_advice.py:6: ModuleNotFoundError
________________ test_advice_rejects_extra_keys_without_repair _________________

    def test_advice_rejects_extra_keys_without_repair():
>    from rwkv_lh.summary_advice import request_advice
E    ModuleNotFoundError: No module named 'rwkv_lh.summary_advice'

tests/test_summary_advice.py:17: ModuleNotFoundError
______________ test_advice_transport_gets_only_registered_request ______________

    def test_advice_transport_gets_only_registered_request():
>    from rwkv_lh.summary_advice import request_advice
E    ModuleNotFoundError: No module named 'rwkv_lh.summary_advice'

tests/test_summary_advice.py:23: ModuleNotFoundError
=========================== short test summary info ============================
FAILED tests/test_summary_advice.py::test_advice_is_not_acceptance_and_preserves_visible_evidence
FAILED tests/test_summary_advice.py::test_advice_rejects_extra_keys_without_repair
FAILED tests/test_summary_advice.py::test_advice_transport_gets_only_registered_request
3 failed in 0.03s
