.....F...F                                                               [100%]
=================================== FAILURES ===================================
__________ test_real_direct_trace_replays_through_production_builder ___________

tmp_path = PosixPath('/home/chase/GitHub/RWKV-LH/data/test_runs/pytest/test_real_direct_trace_replays0')

    def test_real_direct_trace_replays_through_production_builder(tmp_path):
        from pathlib import Path
        from rwkv_lh.direct_trace_data import replay_run
        root = Path(__file__).resolve().parents[1]
        import tarfile
        archive = root / 'data/experiments/RWKV_SUMMARY_ADVICE_DIAGNOSTIC_R3_20260913/RAW_EVIDENCE.tar.gz'
        with tarfile.open(archive) as tar:
            members = [m for m in tar.getmembers() if m.name.startswith('runs/trial-1/') and m.isfile()
                       and ('/workspace/' in m.name or m.name.endswith(('state_snapshot.json', 'model_trace.jsonl')))]
            tar.extractall(tmp_path, members=members, filter='data')
        run = tmp_path / 'runs/trial-1'
>       rows = replay_run(run, '559371f5b9aef13189ae54b345ac096af4ad2b689996c05d89de687612b3ae65')
               ^^^^^^^^^^^^^^^^^^^^^^^^^^^^^^^^^^^^^^^^^^^^^^^^^^^^^^^^^^^^^^^^^^^^^^^^^^^^^^^^^^^

tests/test_direct_statetune.py:50: 
_ _ _ _ _ _ _ _ _ _ _ _ _ _ _ _ _ _ _ _ _ _ _ _ _ _ _ _ _ _ _ _ _ _ _ _ _ _ _ _ 
rwkv_lh/direct_trace_data.py:103: in replay_run
    core.require(expected == cp.transcript, 'production observation replay differs')
_ _ _ _ _ _ _ _ _ _ _ _ _ _ _ _ _ _ _ _ _ _ _ _ _ _ _ _ _ _ _ _ _ _ _ _ _ _ _ _ 

condition = False, message = 'production observation replay differs'

    def require(condition: bool, message: str) -> None:
        if not condition:
>           raise ValueError(message)
E           ValueError: production observation replay differs

rwkv_lh/statetune_core.py:16: ValueError
_ test_current_read_only_advice_trace_replays_only_new_calls_with_real_parent_history _

tmp_path = PosixPath('/home/chase/GitHub/RWKV-LH/data/test_runs/pytest/test_current_read_only_advice_0')

    def test_current_read_only_advice_trace_replays_only_new_calls_with_real_parent_history(tmp_path):
        from pathlib import Path
        import tarfile
        from rwkv_lh.direct_trace_data import replay_run
        archive=Path(__file__).resolve().parents[1]/'data/experiments/RWKV_DOCUMENT_QA_AND_BUGCHECK_R1_20260913/CURRENT_REPLAY_FIXTURE.tar.gz'
        with tarfile.open(archive) as tar:tar.extractall(tmp_path,filter='data')
>       rows=replay_run(tmp_path/'current','559371f5b9aef13189ae54b345ac096af4ad2b689996c05d89de687612b3ae65')
             ^^^^^^^^^^^^^^^^^^^^^^^^^^^^^^^^^^^^^^^^^^^^^^^^^^^^^^^^^^^^^^^^^^^^^^^^^^^^^^^^^^^^^^^^^^^^^^^^^

tests/test_direct_statetune.py:93: 
_ _ _ _ _ _ _ _ _ _ _ _ _ _ _ _ _ _ _ _ _ _ _ _ _ _ _ _ _ _ _ _ _ _ _ _ _ _ _ _ 
rwkv_lh/direct_trace_data.py:88: in replay_run
    core.require(chain[-1].transcript == bootstrap, 'production bootstrap replay differs')
_ _ _ _ _ _ _ _ _ _ _ _ _ _ _ _ _ _ _ _ _ _ _ _ _ _ _ _ _ _ _ _ _ _ _ _ _ _ _ _ 

condition = False, message = 'production bootstrap replay differs'

    def require(condition: bool, message: str) -> None:
        if not condition:
>           raise ValueError(message)
E           ValueError: production bootstrap replay differs

rwkv_lh/statetune_core.py:16: ValueError
=========================== short test summary info ============================
FAILED tests/test_direct_statetune.py::test_real_direct_trace_replays_through_production_builder
FAILED tests/test_direct_statetune.py::test_current_read_only_advice_trace_replays_only_new_calls_with_real_parent_history
2 failed, 8 passed in 1.21s
