...................F                                                     [100%]
=================================== FAILURES ===================================
_________ test_repeated_requested_advice_retains_full_ancestral_trace __________

tmp_path = PosixPath('/home/chase/GitHub/RWKV-LH/data/test_runs/pytest/test_repeated_requested_advice0')

    def test_repeated_requested_advice_retains_full_ancestral_trace(tmp_path):
        workspace=tmp_path/'workspace';workspace.mkdir();(workspace/'doc.md').write_text('source')
        first=ReadOnlyJob('first','read',str(workspace),str(tmp_path/'first'))
        run_read_only_job(first,settings=settings(),session_factory=factory([
            call('read_file',path='doc.md'),call('final_answer',text='one')]))
        previous=tmp_path/'first'
        for name in ('second','third'):
            job=ReadOnlyJob(name,'read',str(workspace),str(tmp_path/name),
                reconsider_from=str(previous),advice='check',advice_model='test-adviser')
            result=run_read_only_job(job,settings=settings(),session_factory=factory([call('final_answer',text=name)]))
            assert result['termination']=='submitted'
            previous=tmp_path/name
        history=list(map(json.loads,(previous/'PARENT_TRACE.jsonl').read_text().splitlines()))
        ids=[e['request_id'] for e in history if e['type']=='model_session_generation_returned']
>       assert len(ids)==len(set(ids))==3
E       AssertionError: assert 1 == 3
E        +  where 1 = len({'MR-def759509f8d4973'})
E        +    where {'MR-def759509f8d4973'} = set(['MR-def759509f8d4973'])

tests/test_read_only_agent.py:220: AssertionError
=========================== short test summary info ============================
FAILED tests/test_read_only_agent.py::test_repeated_requested_advice_retains_full_ancestral_trace
1 failed, 19 passed in 4.88s
