FF                                                                       [100%]
=================================== FAILURES ===================================
____________________ test_executor_args_v3_is_identity_only ____________________

    def test_executor_args_v3_is_identity_only() -> None:
>       assert getattr(executor_args_v3, "RETIRED", False) is True
E       AssertionError: assert False is True
E        +  where False = getattr(executor_args_v3, 'RETIRED', False)

tests/test_goal_state_protocols.py:60: AssertionError
________ test_executor_execution_state_builder_projects_durable_actions ________

    def test_executor_execution_state_builder_projects_durable_actions() -> None:
        action = SimpleNamespace(
            action_id="A1", action_type="read_file", status=SimpleNamespace(value="failed"),
            arguments={"path": "."}, result={"success": False, "outcome_type": "failure"},
            error={"type": "HarnessError", "message": "read_file requires a regular file"},
            outcome_type="failure",
        )
>       state = executor_args_v4.build_execution_state(
                ^^^^^^^^^^^^^^^^^^^^^^^^^^^^^^^^^^^^^^
            active_step_id="S1", active_step_revision=1, declared_phase="observe",
            effective_phase="observe", assigned_actions=[action],
            mechanical_evidence={"missing_read_roots": ["README.md"]},
            target_contract=_typed_target_contract(), repair_gaps=["read remains incomplete"],
        )
E       AttributeError: module 'rwkv_lh.goal_state_protocols.executor_args_v4' has no attribute 'build_execution_state'

tests/test_goal_state_protocols.py:72: AttributeError
=========================== short test summary info ============================
FAILED tests/test_goal_state_protocols.py::test_executor_args_v3_is_identity_only
FAILED tests/test_goal_state_protocols.py::test_executor_execution_state_builder_projects_durable_actions
2 failed, 9 deselected in 0.04s
