.F.                                                                      [100%]
=================================== FAILURES ===================================
____________ test_retired_role_bytecode_cannot_be_executed_directly ____________

    def test_retired_role_bytecode_cannot_be_executed_directly() -> None:
        cached = []
        for directory in ("scripts", "tests"):
            for path in (ROOT / directory).rglob("*.pyc"):
                name = path.name.lower()
                if "holdout" in name:
                    continue
                is_retired = "g1j" in name or name.startswith(
                    (
                        "test_executor_observation_confirmation_v4.",
                        "test_executor_observation_dataset_v4.",
                        "test_executor_observation_evaluator_v4.",
                        "test_executor_observation_selection_v4.",
                    )
                )
                source_stem = path.name.split(".", 1)[0]
                if is_retired and not (ROOT / directory / f"{source_stem}.py").exists():
                    cached.append(str(path.relative_to(ROOT)))
>       assert not cached, f"Retired role bytecode remains directly executable: {cached}"
E       AssertionError: Retired role bytecode remains directly executable: ['scripts/__pycache__/generate_g1j_auditor_step_state_tuning_v2.cpython-313.pyc', 'scripts/__pycache__/compare_g1j_selector_transition_native_states_v4.cpython-313.pyc', 'scripts/__pycache__/generate_g1j_selector_intent_state_tuning_v2.cpython-313.pyc', 'scripts/__pycache__/generate_g1j_executor_observation_state_tuning_v4.cpython-312.pyc', 'scripts/__pycache__/assemble_g1j_auditor_final_round2_mix_v1.cpython-313.pyc', 'scripts/__pycache__/train_g1j_selector_state_head_v2.cpython-313.pyc', 'scripts/__pycache__/evaluate_g1j_selector_progress_confirmation_v3.cpython-313.pyc', 'scripts/__pycache__/extract_g1j_selector_state_features_v2.cpython-313.pyc', 'scripts/__pycache__/generate_g1j_executor_args_state_tuning_v2.cpython-313.pyc', 'scripts/__pycache__/compare_g1j_selector_native_states_v1.cpython-313.pyc', 'scripts/__pycache__/prepare_g1j_selector_surface_seed_plan_v2.cpython-313.pyc', 'scripts/__pycache__/freeze_g1j_state_tuning_source_registries_v2.cpython-313.pyc', 'scripts/__pycache__/generate_g1j_auditor_step_state_tuning_v3.cpython-313.pyc', 'scripts/__pycache__/generate_g1j_executor_args_state_tuning_v3.cpython-313.pyc', 'scripts/__pycache__/evaluate_g1j_selector_transition_confirmation_v4.cpython-313.pyc', 'scripts/__pycache__/generate_g1j_auditor_final_state_tuning_v2.cpython-313.pyc', 'scripts/__pycache__/evaluate_g1j_selector_native_state_v1.cpython-313.pyc', 'scripts/__pycache__/generate_g1j_executor_args_state_tuning_v3.cpython-312.pyc', 'scripts/__pycache__/validate_g1j_executor_observation_public_v4.cpython-313.pyc', 'scripts/__pycache__/generate_g1j_executor_args_state_tuning_v2.cpython-312.pyc', 'scripts/__pycache__/compare_g1j_selector_native_states_v1.cpython-312.pyc', 'scripts/__pycache__/evaluate_g1j_selector_transition_native_state_v4.cpython-313.pyc', 'scripts/__pycache__/generate_g1j_executor_structured_state_tuning_v6.cpython-313.pyc', 'scripts/__pycache__/generate_g1j_executor_observation_state_tuning_v4.cpython-313.pyc', 'scripts/__pycache__/validate_g1j_executor_observation_provenance_public_v4.cpython-313.pyc', 'scripts/__pycache__/generate_g1j_auditor_final_state_tuning_v3.cpython-313.pyc', 'scripts/__pycache__/generate_g1j_selector_mutation_repair_state_tuning_v5.cpython-313.pyc', 'scripts/__pycache__/generate_g1j_selector_transition_state_tuning_v4.cpython-313.pyc', 'scripts/__pycache__/generate_g1j_executor_quantifier_state_tuning_v5.cpython-313.pyc', 'scripts/__pycache__/generate_g1j_auditor_step_state_tuning_v4.cpython-313.pyc', 'scripts/__pycache__/evaluate_g1j_selector_state_head_v2.cpython-313.pyc', 'scripts/__pycache__/generate_g1j_selector_progress_state_tuning_v3.cpython-313.pyc', 'scripts/__pycache__/generate_g1j_executor_quantifier_state_tuning_v5.cpython-312.pyc', 'scripts/__pycache__/evaluate_g1j_selector_progress_native_state_v3.cpython-313.pyc', 'scripts/__pycache__/compare_g1j_selector_progress_native_states_v3.cpython-313.pyc', 'tests/__pycache__/test_g1j_selector_progress_state_tuning_dataset_v3.cpython-313.pyc', 'tests/__pycache__/test_g1j_executor_quantifier_state_tuning_v5.cpython-313-pytest-9.1.1.pyc', 'tests/__pycache__/test_g1j_selector_transition_evaluation_v4.cpython-313.pyc', 'tests/__pycache__/test_g1j_auditor_state_tuning_v4.cpython-313.pyc', 'tests/__pycache__/test_executor_observation_confirmation_v4.cpython-313.pyc', 'tests/__pycache__/test_g1j_auditor_state_tuning_v3.cpython-313-pytest-9.1.1.pyc', 'tests/__pycache__/test_g1j_selector_progress_state_tuning_dataset_v3.cpython-313-pytest-9.1.1.pyc', 'tests/__pycache__/test_g1j_auditor_final_state_tuning_v2.cpython-313-pytest-9.1.1.pyc', 'tests/__pycache__/test_g1j_selector_transition_state_tuning_dataset_v4.cpython-313-pytest-9.1.1.pyc', 'tests/__pycache__/test_executor_observation_dataset_v4.cpython-313-pytest-9.1.1.pyc', 'tests/__pycache__/test_executor_observation_selection_v4.cpython-313.pyc', 'tests/__pycache__/test_g1j_auditor_final_state_tuning_v2.cpython-313.pyc', 'tests/__pycache__/test_g1j_selector_state_tuning_dataset_v2.cpython-313.pyc', 'tests/__pycache__/test_g1j_selector_state_tuning_dataset_v2.cpython-313-pytest-9.1.1.pyc', 'tests/__pycache__/test_g1j_auditor_state_tuning_v3.cpython-313.pyc', 'tests/__pycache__/test_g1j_selector_persistent_head_v2.cpython-313-pytest-9.1.1.pyc', 'tests/__pycache__/test_g1j_executor_state_tuning_v3.cpython-313.pyc', 'tests/__pycache__/test_g1j_selector_transition_evaluation_v4.cpython-313-pytest-9.1.1.pyc', 'tests/__pycache__/test_g1j_selector_mutation_repair_state_tuning_v5.cpython-313.pyc', 'tests/__pycache__/test_g1j_executor_auditor_state_tuning_v2.cpython-313-pytest-9.1.1.pyc', 'tests/__pycache__/test_g1j_selector_state_tuning_toolchain_v2.cpython-313-pytest-9.1.1.pyc', 'tests/__pycache__/test_g1j_auditor_state_tuning_v4.cpython-313-pytest-9.1.1.pyc', 'tests/__pycache__/test_executor_observation_confirmation_v4.cpython-313-pytest-9.1.1.pyc', 'tests/__pycache__/test_executor_observation_evaluator_v4.cpython-313.pyc', 'tests/__pycache__/test_executor_observation_selection_v4.cpython-313-pytest-9.1.1.pyc', 'tests/__pycache__/test_g1j_selector_transition_state_tuning_dataset_v4.cpython-313.pyc', 'tests/__pycache__/test_executor_observation_dataset_v4.cpython-313.pyc', 'tests/__pycache__/test_g1j_executor_quantifier_state_tuning_v5.cpython-313.pyc', 'tests/__pycache__/test_g1j_selector_mutation_repair_state_tuning_v5.cpython-313-pytest-9.1.1.pyc', 'tests/__pycache__/test_g1j_executor_state_tuning_v3.cpython-313-pytest-9.1.1.pyc', 'tests/__pycache__/test_g1j_executor_auditor_state_tuning_v2.cpython-313.pyc', 'tests/__pycache__/test_executor_observation_evaluator_v4.cpython-313-pytest-9.1.1.pyc']
E       assert not ['scripts/__pycache__/generate_g1j_auditor_step_state_tuning_v2.cpython-313.pyc', 'scripts/__pycache__/compare_g1j_sel...itor_final_round2_mix_v1.cpython-313.pyc', 'scripts/__pycache__/train_g1j_selector_state_head_v2.cpython-313.pyc', ...]

tests/test_retired_role_data_chain.py:53: AssertionError
=========================== short test summary info ============================
FAILED tests/test_retired_role_data_chain.py::test_retired_role_bytecode_cannot_be_executed_directly
1 failed, 2 passed in 0.19s
