FF                                                                       [100%]
=================================== FAILURES ===================================
______ test_retired_synthetic_role_entrypoints_cannot_be_run_or_imported _______

    def test_retired_synthetic_role_entrypoints_cannot_be_run_or_imported() -> None:
        executable = []
        for stem in RETIRED_SCRIPT_STEMS:
            if (ROOT / "scripts" / f"{stem}.py").exists():
                executable.append(f"scripts/{stem}.py")
            elif importlib.util.find_spec(f"scripts.{stem}") is not None:
                executable.append(f"import scripts.{stem}")
>       assert not executable, f"Retired role-data entrypoints remain executable: {executable}"
E       AssertionError: Retired role-data entrypoints remain executable: ['scripts/assemble_g1j_auditor_final_round2_mix_v1.py', 'scripts/generate_g1j_auditor_final_state_tuning_v2.py', 'scripts/generate_g1j_auditor_final_state_tuning_v3.py', 'scripts/generate_g1j_auditor_step_state_tuning_v3.py', 'scripts/generate_g1j_auditor_step_state_tuning_v4.py', 'scripts/generate_g1j_executor_observation_state_tuning_v4.py', 'scripts/generate_g1j_executor_quantifier_state_tuning_v5.py', 'scripts/generate_g1j_executor_structured_state_tuning_v6.py', 'scripts/validate_g1j_executor_observation_provenance_public_v4.py', 'scripts/validate_g1j_executor_observation_public_v4.py']
E       assert not ['scripts/assemble_g1j_auditor_final_round2_mix_v1.py', 'scripts/generate_g1j_auditor_final_state_tuning_v2.py', 'scri...pts/generate_g1j_auditor_step_state_tuning_v4.py', 'scripts/generate_g1j_executor_observation_state_tuning_v4.py', ...]

tests/test_retired_role_data_chain.py:32: AssertionError
__________ test_repository_tests_do_not_load_python_modules_from_temp __________

    def test_repository_tests_do_not_load_python_modules_from_temp() -> None:
        dependencies = []
        for path in sorted((ROOT / "tests").rglob("*.py")):
            if path == Path(__file__).resolve():
                continue
            tree = ast.parse(path.read_text(encoding="utf-8"), filename=str(path))
            for node in ast.walk(tree):
                if isinstance(node, ast.Import):
                    names = [alias.name for alias in node.names]
                elif isinstance(node, ast.ImportFrom):
                    names = [node.module or ""]
                else:
                    names = []
                if any(name == "temp" or name.startswith("temp.") for name in names):
                    dependencies.append(f"{path.relative_to(ROOT)}:{node.lineno}")
                if isinstance(node, ast.Constant) and isinstance(node.value, str):
                    module_path = PurePosixPath(node.value.replace("\\", "/"))
                    if module_path.suffix in {".py", ".pyc"} and "temp" in module_path.parts:
                        dependencies.append(f"{path.relative_to(ROOT)}:{node.lineno}")
>       assert not dependencies, f"Tests depend on temporary Python modules: {dependencies}"
E       AssertionError: Tests depend on temporary Python modules: ['tests/test_executor_observation_confirmation_v4.py:8', 'tests/test_executor_observation_evaluator_v4.py:14', 'tests/test_executor_observation_selection_v4.py:11']
E       assert not ['tests/test_executor_observation_confirmation_v4.py:8', 'tests/test_executor_observation_evaluator_v4.py:14', 'tests/test_executor_observation_selection_v4.py:11']

tests/test_retired_role_data_chain.py:54: AssertionError
=========================== short test summary info ============================
FAILED tests/test_retired_role_data_chain.py::test_retired_synthetic_role_entrypoints_cannot_be_run_or_imported
FAILED tests/test_retired_role_data_chain.py::test_repository_tests_do_not_load_python_modules_from_temp
2 failed in 0.18s
