[1/12] RP-API-01 queued
[2/12] RP-API-02 queued
[3/12] RP-MAINT-01 queued
[4/12] RP-MAINT-02 queued
[5/12] RP-CLI-01 queued
[6/12] RP-CLI-02 queued
[7/12] RP-DATA-01 queued
[8/12] RP-DATA-02 queued
[9/12] RP-FULL-01 queued
[10/12] RP-FULL-02 queued
[11/12] RP-WEB-01 queued
[12/12] RP-WEB-02 queued
RP-API-01: FAIL status=running external=False
RP-API-02: FAIL status=running external=False
RP-MAINT-01: FAIL status=running external=False
RP-MAINT-02: FAIL status=running external=False
RP-DATA-01: FAIL status=running external=False
RP-CLI-02: FAIL status=running external=False
RP-CLI-01: FAIL status=running external=False
RP-DATA-02: FAIL status=running external=False
RP-FULL-02: FAIL status=running external=False
RP-FULL-01: FAIL status=running external=False
/home/chase/.local/share/uv/python/cpython-3.13.11-linux-x86_64-gnu/lib/python3.13/multiprocessing/resource_tracker.py:400: UserWarning: resource_tracker: There appear to be 5 leaked semaphore objects to clean up at shutdown: {'/mp-3qud5pc3', '/mp-o2k_6fh2', '/mp-o5nbhjxr', '/mp-w9l429w7', '/mp-wvvzj_lp'}
  warnings.warn(
