FFF                                                                      [100%]
=================================== FAILURES ===================================
___ test_read_only_step_repair_keeps_same_step_and_bounds_identical_repeats ____
tests/test_stateful_goal_loop.py:2589: in test_read_only_step_repair_keeps_same_step_and_bounds_identical_repeats
    assert result.state.status.value == "blocked"
E   AssertionError: assert 'interrupted' == 'blocked'
E     
E     - blocked
E     + interrupted
____ test_mutation_noop_repair_keeps_same_step_and_bounds_identical_repeats ____
tests/test_stateful_goal_loop.py:2673: in test_mutation_noop_repair_keeps_same_step_and_bounds_identical_repeats
    assert result.state.status.value == "blocked"
E   AssertionError: assert 'interrupted' == 'blocked'
E     
E     - blocked
E     + interrupted
_ test_successful_directory_observation_repair_can_read_next_without_replanning _
tests/test_stateful_goal_loop.py:2757: in test_successful_directory_observation_repair_can_read_next_without_replanning
    assert result.state.status.value == "completed"
E   AssertionError: assert 'interrupted' == 'completed'
E     
E     - completed
E     + interrupted
=========================== short test summary info ============================
FAILED tests/test_stateful_goal_loop.py::test_read_only_step_repair_keeps_same_step_and_bounds_identical_repeats
FAILED tests/test_stateful_goal_loop.py::test_mutation_noop_repair_keeps_same_step_and_bounds_identical_repeats
FAILED tests/test_stateful_goal_loop.py::test_successful_directory_observation_repair_can_read_next_without_replanning
3 failed, 60 deselected in 3.02s
