FFFFFF                                                                   [100%]
=================================== FAILURES ===================================
_ test_egress_padding_cannot_make_a_private_source_fragment_public[lookup verified-workspace] _
tests/test_retrieval_kernel.py:1452: in test_egress_padding_cannot_make_a_private_source_fragment_public
    assert labels["query"] is (EgressProvenance.WORKSPACE_SENSITIVE if source == "workspace" else EgressProvenance.TOOL_UNTRUSTED)
E   AssertionError: assert <EgressProvenance.MODEL_PUBLIC_QUERY: 'model_public_query'> is <EgressProvenance.WORKSPACE_SENSITIVE: 'workspace_sensitive'>
_ test_egress_padding_cannot_make_a_private_source_fragment_public[lookup verified-tool] _
tests/test_retrieval_kernel.py:1452: in test_egress_padding_cannot_make_a_private_source_fragment_public
    assert labels["query"] is (EgressProvenance.WORKSPACE_SENSITIVE if source == "workspace" else EgressProvenance.TOOL_UNTRUSTED)
E   AssertionError: assert <EgressProvenance.MODEL_PUBLIC_QUERY: 'model_public_query'> is <EgressProvenance.TOOL_UNTRUSTED: 'tool_untrusted'>
_ test_egress_padding_cannot_make_a_private_source_fragment_public[lookup VERIFIED details-workspace] _
tests/test_retrieval_kernel.py:1452: in test_egress_padding_cannot_make_a_private_source_fragment_public
    assert labels["query"] is (EgressProvenance.WORKSPACE_SENSITIVE if source == "workspace" else EgressProvenance.TOOL_UNTRUSTED)
E   AssertionError: assert <EgressProvenance.MODEL_PUBLIC_QUERY: 'model_public_query'> is <EgressProvenance.WORKSPACE_SENSITIVE: 'workspace_sensitive'>
_ test_egress_padding_cannot_make_a_private_source_fragment_public[lookup VERIFIED details-tool] _
tests/test_retrieval_kernel.py:1452: in test_egress_padding_cannot_make_a_private_source_fragment_public
    assert labels["query"] is (EgressProvenance.WORKSPACE_SENSITIVE if source == "workspace" else EgressProvenance.TOOL_UNTRUSTED)
E   AssertionError: assert <EgressProvenance.MODEL_PUBLIC_QUERY: 'model_public_query'> is <EgressProvenance.TOOL_UNTRUSTED: 'tool_untrusted'>
_ test_egress_padding_cannot_make_a_private_source_fragment_public[https://example.invalid/?q=verified-workspace] _
tests/test_retrieval_kernel.py:1452: in test_egress_padding_cannot_make_a_private_source_fragment_public
    assert labels["query"] is (EgressProvenance.WORKSPACE_SENSITIVE if source == "workspace" else EgressProvenance.TOOL_UNTRUSTED)
E   AssertionError: assert <EgressProvenance.MODEL_PUBLIC_QUERY: 'model_public_query'> is <EgressProvenance.WORKSPACE_SENSITIVE: 'workspace_sensitive'>
_ test_egress_padding_cannot_make_a_private_source_fragment_public[https://example.invalid/?q=verified-tool] _
tests/test_retrieval_kernel.py:1452: in test_egress_padding_cannot_make_a_private_source_fragment_public
    assert labels["query"] is (EgressProvenance.WORKSPACE_SENSITIVE if source == "workspace" else EgressProvenance.TOOL_UNTRUSTED)
E   AssertionError: assert <EgressProvenance.MODEL_PUBLIC_QUERY: 'model_public_query'> is <EgressProvenance.TOOL_UNTRUSTED: 'tool_untrusted'>
=========================== short test summary info ============================
FAILED tests/test_retrieval_kernel.py::test_egress_padding_cannot_make_a_private_source_fragment_public[lookup verified-workspace]
FAILED tests/test_retrieval_kernel.py::test_egress_padding_cannot_make_a_private_source_fragment_public[lookup verified-tool]
FAILED tests/test_retrieval_kernel.py::test_egress_padding_cannot_make_a_private_source_fragment_public[lookup VERIFIED details-workspace]
FAILED tests/test_retrieval_kernel.py::test_egress_padding_cannot_make_a_private_source_fragment_public[lookup VERIFIED details-tool]
FAILED tests/test_retrieval_kernel.py::test_egress_padding_cannot_make_a_private_source_fragment_public[https://example.invalid/?q=verified-workspace]
FAILED tests/test_retrieval_kernel.py::test_egress_padding_cannot_make_a_private_source_fragment_public[https://example.invalid/?q=verified-tool]
6 failed, 41 deselected in 0.15s
