....FF......                                                             [100%]
=================================== FAILURES ===================================
_____ test_final_evidence_gap_reopens_execution_with_bound_feedback[False] _____

tmp_path = PosixPath('/home/chase/GitHub/RWKV-LH/data/test_runs/pytest/test_final_evidence_gap_reopen0')
monkeypatch = <_pytest.monkeypatch.MonkeyPatch object at 0x7d4fbe662f10>
resume_after_repair = False

    @pytest.mark.parametrize("resume_after_repair", [False, True])
    def test_final_evidence_gap_reopens_execution_with_bound_feedback(
        tmp_path: Path, monkeypatch: pytest.MonkeyPatch, resume_after_repair: bool,
    ) -> None:
        store = LongHorizonStore(tmp_path / "state")
        state = store.create_run(_goal(tmp_path), "FINAL-EVIDENCE-REPAIR")
        gap = next(item["code"] for item in auditor_final.build_gap_catalog(state.goal.request, (), ())
            if item["code"].startswith("goal_requirement_unproved:"))
        queue = _QueueClient([
            ModelCommand("write_file", {"path": "result.txt", "content": "verified"}).canonical,
            json.dumps(_audit_call("continue", step_id="S1", step_complete=True, evidence_refs=["A00001"], gaps=[], reason="written")),
            ModelCommand("final_answer", {"text": "Initial candidate."}).canonical,
            json.dumps(_audit_call("repair", step_id="", step_complete=False, evidence_refs=["A00001"], gaps=[gap], reason="needs readback")),
            ModelCommand("read_file", {"path": "result.txt"}).canonical,
            json.dumps(_audit_call("continue", step_id="S2", step_complete=True, evidence_refs=["A00002"], gaps=[], reason="observed")),
            ModelCommand("final_answer", {"text": "Written and read back."}).canonical,
            json.dumps(_audit_call("ready_for_final", step_id="", step_complete=False, evidence_refs=["A00001", "A00002"], gaps=[], reason="all proved")),
        ])
        model = LongHorizonModel(ModelSession(queue, settings=_settings(progressive=True)), tool_selector=_selector(["write_file", "read_file"]))
        repair = GoalPlanPatch(patch_id="GPP-final-evidence", base_revision=1,
            add_steps=(GoalPlanStep(step_id="S2", objective="Read back the committed result", phase="observe", stage=2,
                depends_on=("S1",), read_roots=("result.txt",), success_evidence=("result bytes read back",)),),
            replace_steps=(), discard_step_ids=(), reason="Close the final evidence gap")
        planner = _StrongPlanner((_strong_patch(state), repair))
        monkeypatch.setattr(StatefulGoalLoopController, "_validate_contract_patch_semantics", staticmethod(lambda *a, **kw: None))
        controller = StatefulGoalLoopController(store, model=model, harness=model.harness,
            supervisor=planner, supervisor_policy=SupervisorPolicy(mode="static"), max_transitions=5 if resume_after_repair else 20)
>       result = controller.run(state.run_id)
                 ^^^^^^^^^^^^^^^^^^^^^^^^^^^^

tests/test_stateful_goal_loop.py:141: 
_ _ _ _ _ _ _ _ _ _ _ _ _ _ _ _ _ _ _ _ _ _ _ _ _ _ _ _ _ _ _ _ _ _ _ _ _ _ _ _ 
rwkv_lh/stateful_goal_loop.py:1911: in run
    audit = self._run_pending_audit_boundary(state, pending_audit)
            ^^^^^^^^^^^^^^^^^^^^^^^^^^^^^^^^^^^^^^^^^^^^^^^^^^^^^^
rwkv_lh/stateful_goal_loop.py:1086: in _run_pending_audit_boundary
    return self.model.audit_goal_boundary(
rwkv_lh/model.py:1110: in audit_goal_boundary
    candidate = audit_session.generate(
rwkv_lh/model_session.py:634: in generate
    response = self.client.text_completion(
_ _ _ _ _ _ _ _ _ _ _ _ _ _ _ _ _ _ _ _ _ _ _ _ _ _ _ _ _ _ _ _ _ _ _ _ _ _ _ _ 

self = <test_stateful_goal_loop._QueueClient object at 0x7d4fbe771810>
prompt = 'System: Tools: [{"description":"Return the bounded final-evidence audit verdict. This never completes a plan step: st..._evidence_complete\' for ready_for_final or \'final_evidence_incomplete\' for repair."}\n\n**Tool Call:**\n\n```json\n'
max_tokens = 400
stop = ('\n```', '✿text1✿', '\n`✿text1✿', '\nSystem:', '\nUser:', '\nAssistant:', ...)

    def text_completion(self, prompt: str, max_tokens: int = 768, stop=None):
        self.prompts.append(prompt)
>       content = self.outputs.pop(0)
                  ^^^^^^^^^^^^^^^^^^^
E       IndexError: pop from empty list

tests/test_stateful_goal_loop.py:267: IndexError
_____ test_final_evidence_gap_reopens_execution_with_bound_feedback[True] ______

tmp_path = PosixPath('/home/chase/GitHub/RWKV-LH/data/test_runs/pytest/test_final_evidence_gap_reopen1')
monkeypatch = <_pytest.monkeypatch.MonkeyPatch object at 0x7d4fbcc04050>
resume_after_repair = True

    @pytest.mark.parametrize("resume_after_repair", [False, True])
    def test_final_evidence_gap_reopens_execution_with_bound_feedback(
        tmp_path: Path, monkeypatch: pytest.MonkeyPatch, resume_after_repair: bool,
    ) -> None:
        store = LongHorizonStore(tmp_path / "state")
        state = store.create_run(_goal(tmp_path), "FINAL-EVIDENCE-REPAIR")
        gap = next(item["code"] for item in auditor_final.build_gap_catalog(state.goal.request, (), ())
            if item["code"].startswith("goal_requirement_unproved:"))
        queue = _QueueClient([
            ModelCommand("write_file", {"path": "result.txt", "content": "verified"}).canonical,
            json.dumps(_audit_call("continue", step_id="S1", step_complete=True, evidence_refs=["A00001"], gaps=[], reason="written")),
            ModelCommand("final_answer", {"text": "Initial candidate."}).canonical,
            json.dumps(_audit_call("repair", step_id="", step_complete=False, evidence_refs=["A00001"], gaps=[gap], reason="needs readback")),
            ModelCommand("read_file", {"path": "result.txt"}).canonical,
            json.dumps(_audit_call("continue", step_id="S2", step_complete=True, evidence_refs=["A00002"], gaps=[], reason="observed")),
            ModelCommand("final_answer", {"text": "Written and read back."}).canonical,
            json.dumps(_audit_call("ready_for_final", step_id="", step_complete=False, evidence_refs=["A00001", "A00002"], gaps=[], reason="all proved")),
        ])
        model = LongHorizonModel(ModelSession(queue, settings=_settings(progressive=True)), tool_selector=_selector(["write_file", "read_file"]))
        repair = GoalPlanPatch(patch_id="GPP-final-evidence", base_revision=1,
            add_steps=(GoalPlanStep(step_id="S2", objective="Read back the committed result", phase="observe", stage=2,
                depends_on=("S1",), read_roots=("result.txt",), success_evidence=("result bytes read back",)),),
            replace_steps=(), discard_step_ids=(), reason="Close the final evidence gap")
        planner = _StrongPlanner((_strong_patch(state), repair))
        monkeypatch.setattr(StatefulGoalLoopController, "_validate_contract_patch_semantics", staticmethod(lambda *a, **kw: None))
        controller = StatefulGoalLoopController(store, model=model, harness=model.harness,
            supervisor=planner, supervisor_policy=SupervisorPolicy(mode="static"), max_transitions=5 if resume_after_repair else 20)
        result = controller.run(state.run_id)
        if resume_after_repair:
            assert result.state.status.value == "interrupted"
            controller = StatefulGoalLoopController(store, model=model, harness=model.harness,
                supervisor=planner, supervisor_policy=SupervisorPolicy(mode="static"), max_transitions=20)
>           result = controller.run(state.run_id)
                     ^^^^^^^^^^^^^^^^^^^^^^^^^^^^

tests/test_stateful_goal_loop.py:146: 
_ _ _ _ _ _ _ _ _ _ _ _ _ _ _ _ _ _ _ _ _ _ _ _ _ _ _ _ _ _ _ _ _ _ _ _ _ _ _ _ 
rwkv_lh/stateful_goal_loop.py:1911: in run
    audit = self._run_pending_audit_boundary(state, pending_audit)
            ^^^^^^^^^^^^^^^^^^^^^^^^^^^^^^^^^^^^^^^^^^^^^^^^^^^^^^
rwkv_lh/stateful_goal_loop.py:1086: in _run_pending_audit_boundary
    return self.model.audit_goal_boundary(
rwkv_lh/model.py:1110: in audit_goal_boundary
    candidate = audit_session.generate(
rwkv_lh/model_session.py:634: in generate
    response = self.client.text_completion(
_ _ _ _ _ _ _ _ _ _ _ _ _ _ _ _ _ _ _ _ _ _ _ _ _ _ _ _ _ _ _ _ _ _ _ _ _ _ _ _ 

self = <test_stateful_goal_loop._QueueClient object at 0x7d4fbfe3af90>
prompt = 'System: Tools: [{"description":"Return the bounded final-evidence audit verdict. This never completes a plan step: st..._evidence_complete\' for ready_for_final or \'final_evidence_incomplete\' for repair."}\n\n**Tool Call:**\n\n```json\n'
max_tokens = 400
stop = ('\n```', '✿text1✿', '\n`✿text1✿', '\nSystem:', '\nUser:', '\nAssistant:', ...)

    def text_completion(self, prompt: str, max_tokens: int = 768, stop=None):
        self.prompts.append(prompt)
>       content = self.outputs.pop(0)
                  ^^^^^^^^^^^^^^^^^^^
E       IndexError: pop from empty list

tests/test_stateful_goal_loop.py:267: IndexError
=========================== short test summary info ============================
FAILED tests/test_stateful_goal_loop.py::test_final_evidence_gap_reopens_execution_with_bound_feedback[False]
FAILED tests/test_stateful_goal_loop.py::test_final_evidence_gap_reopens_execution_with_bound_feedback[True]
2 failed, 10 passed, 61 deselected in 14.25s
