E                                                                        [100%]
==================================== ERRORS ====================================
_ ERROR at setup of test_all_five_roles_rebuild_feedback_from_their_exact_durable_boundary[feedback] _

tmp_path = PosixPath('/home/chase/GitHub/RWKV-LH/data/test_runs/pytest/test_all_five_roles_rebuild_fe0')
monkeypatch = <_pytest.monkeypatch.MonkeyPatch object at 0x73b716450510>
request = <SubRequest 'controller_role_snapshots' for <Function test_all_five_roles_rebuild_feedback_from_their_exact_durable_boundary[feedback]>>

    @pytest.fixture
    def controller_role_snapshots(tmp_path: Path, monkeypatch, request):
        # Reuse the existing Controller mock transport fixtures. Harness I/O is real;
        # Planner, Selector and audits are explicitly mock decisions, not labels.
        import json
        from test_stateful_goal_loop import (
            _QueueClient, _StrongPlanner, _audit_call, _goal, _selector, _settings,
            _strong_patch,
        )
        from rwkv_lh.model import LongHorizonModel
        from rwkv_lh.model_session import ModelSession
        from rwkv_lh.schema import RunState
        from rwkv_lh.supervisor import SupervisorPolicy
    
        store = LongHorizonStore(tmp_path / "state", checkpoint_retention=1000)
        state = store.create_run(_goal(tmp_path), "ROLE-INPUT-CONTROLLER-FIXTURE")
        snapshots = []
        original_save = store.save
    
        def capture(*args, **kwargs):
            saved = original_save(*args, **kwargs)
            snapshots.append(RunState.from_dict(saved.to_dict()))
            return saved
    
        monkeypatch.setattr(store, "save", capture)
        outputs = [
            json.dumps({"function": "write_file", "params": {"path": "result.txt", "content": "verified content"}}),
            json.dumps(_audit_call("continue", step_id="S1", step_complete=True, evidence_refs=["A00001"], gaps=[], reason="Fixture write observed")),
            json.dumps({"function": "final_answer", "params": {"text": "Created result.txt."}}),
            json.dumps(_audit_call("ready_for_final", step_id="", step_complete=False, evidence_refs=["A00001"], gaps=[], reason="Fixture final evidence present")),
        ]
        exercise_feedback = getattr(request, "param", None) == "feedback"
        if exercise_feedback:
            from rwkv_lh.goal_state_protocols import auditor_step_v4
>           gap = next(item["code"] for item in auditor_step_v4.build_gap_catalog(
                _strong_patch(state).add_steps[0].to_dict()
            ) if item["code"].startswith("phase_evidence_unproved:"))
E           TypeError: build_gap_catalog() missing 1 required positional argument: 'evidence_records'

tests/test_role_trace_inputs.py:140: TypeError
=========================== short test summary info ============================
ERROR tests/test_role_trace_inputs.py::test_all_five_roles_rebuild_feedback_from_their_exact_durable_boundary[feedback]
17 deselected, 1 error in 0.21s
