E                                                                        [100%]
==================================== ERRORS ====================================
_ ERROR at setup of test_all_five_roles_rebuild_feedback_from_their_exact_durable_boundary[feedback] _

self = PosixPath('/home/chase/GitHub/RWKV-LH/data/test_runs/pytest'), mode = 448
parents = False, exist_ok = False

    def mkdir(self, mode=0o777, parents=False, exist_ok=False):
        """
        Create a new directory at this given path.
        """
        try:
>           os.mkdir(self, mode)
E           FileExistsError: [Errno 17] File exists: '/home/chase/GitHub/RWKV-LH/data/test_runs/pytest'

../../.local/share/uv/python/cpython-3.13.11-linux-x86_64-gnu/lib/python3.13/pathlib/_local.py:722: FileExistsError
=============================== warnings summary ===============================
tests/test_role_trace_inputs.py::test_all_five_roles_rebuild_feedback_from_their_exact_durable_boundary[feedback]
  /home/chase/GitHub/RWKV-LH/.venv/lib/python3.13/site-packages/_pytest/pathlib.py:95: PytestWarning: (rm_rf) error removing /home/chase/GitHub/RWKV-LH/data/test_runs/pytest
  <class 'OSError'>: [Errno 39] Directory not empty: '/home/chase/GitHub/RWKV-LH/data/test_runs/pytest'
    warnings.warn(

-- Docs: https://docs.pytest.org/en/stable/how-to/capture-warnings.html
=========================== short test summary info ============================
ERROR tests/test_role_trace_inputs.py::test_all_five_roles_rebuild_feedback_from_their_exact_durable_boundary[feedback]
17 deselected, 1 warning, 1 error in 0.06s
