..............FF...F........................................F......F.... [ 51%]
..FF.........................................................FFFFF..     [100%]
=================================== FAILURES ===================================
___________ test_workspace_target_kinds_compile_exact_observe_menus ____________

tmp_path = PosixPath('/home/chase/GitHub/RWKV-LH/data/test_runs/pytest/test_workspace_target_kinds_co0')

    def test_workspace_target_kinds_compile_exact_observe_menus(tmp_path: Path) -> None:
        store = LongHorizonStore(tmp_path / "state")
        state = store.create_run(_goal(tmp_path), "TYPED-OBSERVE-MENUS")
        workspace = Path(state.goal.workspace_root)
        (workspace / "tool.py").write_text("print('ok')\n", encoding="utf-8")
        (workspace / "config.json").write_text('{"ok": true}\n', encoding="utf-8")
        (workspace / "invalid.json").write_text("{not-json\n", encoding="utf-8")
        (workspace / "folder").mkdir()
        session = ModelSession(_QueueClient([]), settings=_settings(progressive=True))
        model = LongHorizonModel(session, tool_selector=_selector([]))
        controller = StatefulGoalLoopController(
            store,
            model=model,
            harness=model.harness,
            supervisor=_StrongPlanner(),
            supervisor_policy=SupervisorPolicy(mode="static"),
            max_transitions=1,
        )
    
        python_operations = controller._goal_step_operations(
            state,
            GoalPlanStep(
                step_id="PY",
                objective="Inspect tool.py",
                phase="observe",
                success_evidence=("tool.py observed",),
                read_roots=("tool.py",),
            ),
        )
        json_operations = controller._goal_step_operations(
            state,
            GoalPlanStep(
                step_id="JSON",
                objective="Inspect config.json",
                phase="observe",
                success_evidence=("config.json observed",),
                read_roots=("config.json",),
            ),
        )
        directory_operations = controller._goal_step_operations(
            state,
            GoalPlanStep(
                step_id="DIR",
                objective="Inspect folder",
                phase="observe",
                success_evidence=("folder observed",),
                read_roots=("folder",),
            ),
        )
        invalid_json_operations = controller._goal_step_operations(
            state,
            GoalPlanStep(
                step_id="INVALID-JSON",
                objective="Attempt to parse invalid.json and preserve fallback evidence",
                phase="observe",
                success_evidence=("invalid.json parse outcome is observed",),
                read_roots=("invalid.json",),
            ),
        )
    
        assert "read_file" in python_operations
>       assert "read_json" not in python_operations
E       AssertionError: assert 'read_json' not in ('search_text', 'read_file', 'read_json', 'file_digest')

tests/test_stateful_goal_loop.py:1025: AssertionError
_ test_bare_json_scalar_text_file_stays_text_and_directory_write_root_keeps_mutations _

tmp_path = PosixPath('/home/chase/GitHub/RWKV-LH/data/test_runs/pytest/test_bare_json_scalar_text_fil0')

    def test_bare_json_scalar_text_file_stays_text_and_directory_write_root_keeps_mutations(
        tmp_path: Path,
    ) -> None:
        store = LongHorizonStore(tmp_path / "state")
        state = store.create_run(_goal(tmp_path), "TYPED-MUTATE-MENUS")
        workspace = Path(state.goal.workspace_root)
        (workspace / "VERSION").write_text("2\n", encoding="utf-8")
        (workspace / "flag.txt").write_text("true\n", encoding="utf-8")
        (workspace / "data.json").write_text("[1, 2]\n", encoding="utf-8")
        (workspace / "src").mkdir()
        (workspace / "src" / "app.py").write_text("print('ok')\n", encoding="utf-8")
        session = ModelSession(_QueueClient([]), settings=_settings(progressive=True))
        model = LongHorizonModel(session, tool_selector=_selector([]))
        controller = StatefulGoalLoopController(
            store,
            model=model,
            harness=model.harness,
            supervisor=_StrongPlanner(),
            supervisor_policy=SupervisorPolicy(mode="static"),
            max_transitions=1,
        )
    
        # A plain-text body that happens to parse as a JSON scalar is still text.
>       assert model.harness.workspace_target_descriptor(state.goal, "VERSION")[
            "target_kind"
        ] == "text_file"
E       AssertionError: assert 'json_file' == 'text_file'
E         
E         - text_file
E         + json_file

tests/test_stateful_goal_loop.py:1064: AssertionError
_ test_operation_target_mismatch_is_repaired_before_harness[read_json-tool.py-config.json] _

tmp_path = PosixPath('/home/chase/GitHub/RWKV-LH/data/test_runs/pytest/test_operation_target_mismatch0')
monkeypatch = <_pytest.monkeypatch.MonkeyPatch object at 0x7bcd7e8ee650>
operation = 'read_json', invalid_path = 'tool.py', valid_path = 'config.json'

    @pytest.mark.parametrize(
        ("operation", "invalid_path", "valid_path"),
        (
            ("read_json", "tool.py", "config.json"),
            ("read_file", ".", "tool.py"),
            ("list_directory", "tool.py", "."),
        ),
    )
    def test_operation_target_mismatch_is_repaired_before_harness(
        tmp_path: Path,
        monkeypatch: pytest.MonkeyPatch,
        operation: str,
        invalid_path: str,
        valid_path: str,
    ) -> None:
        store = LongHorizonStore(tmp_path / "state")
        state = store.create_run(_goal(tmp_path), f"TARGET-PREFLIGHT-{operation}")
        workspace = Path(state.goal.workspace_root)
        (workspace / "tool.py").write_text("print('ok')\n", encoding="utf-8")
        (workspace / "config.json").write_text('{"ok": true}\n', encoding="utf-8")
        queue = _QueueClient(
            [
                json.dumps({"function": operation, "params": {"path": invalid_path}}),
                json.dumps({"function": operation, "params": {"path": valid_path}}),
                json.dumps(
                    _audit_call(
                        "continue",
                        step_id="S1",
                        step_complete=True,
                        evidence_refs=["A00001"],
                        gaps=[],
                        reason="the compatible observation succeeded",
                    )
                ),
                json.dumps(
                    {"function": "final_answer", "params": {"text": "Observed."}}
                ),
                json.dumps(
                    _audit_call(
                        "ready_for_final",
                        step_id="",
                        step_complete=False,
                        evidence_refs=["A00001"],
                        gaps=[],
                        reason="the completed plan has accepted evidence",
                    )
                ),
            ]
        )
        session = ModelSession(queue, settings=_settings(progressive=True))
        model = LongHorizonModel(session, tool_selector=_selector([operation]))
        monkeypatch.setattr(
            StatefulGoalLoopController,
            "_validate_contract_patch_semantics",
            staticmethod(lambda *args, **kwargs: None),
        )
    
        result = StatefulGoalLoopController(
            store,
            model=model,
            harness=model.harness,
            supervisor=_StrongPlanner(_strong_observe_patch(state, ".")),
            supervisor_policy=SupervisorPolicy(mode="static"),
            max_transitions=16,
        ).run(state.run_id)
    
        assert result.state.status.value == "completed"
        assert len(result.state.actions) == 1
>       assert next(iter(result.state.actions.values())).arguments["path"] == valid_path
E       AssertionError: assert 'tool.py' == 'config.json'
E         
E         - config.json
E         + tool.py

tests/test_stateful_goal_loop.py:1254: AssertionError
________ test_goal_audit_protocol_budget_stops_repeated_pre_final_cycle ________

tmp_path = PosixPath('/home/chase/GitHub/RWKV-LH/data/test_runs/pytest/test_goal_audit_protocol_budge0')
monkeypatch = <_pytest.monkeypatch.MonkeyPatch object at 0x7bcd8019e3c0>

    def test_goal_audit_protocol_budget_stops_repeated_pre_final_cycle(
        tmp_path: Path,
        monkeypatch: pytest.MonkeyPatch,
    ) -> None:
        store = LongHorizonStore(tmp_path / "state")
        state = store.create_run(_goal(tmp_path), "GOAL-AUDIT-PROTOCOL-BUDGET")
        invalid_final_audit = json.dumps(
            _audit_call(
                "continue",
                step_id="S1",
                step_complete=True,
                evidence_refs=["A00001"],
                gaps=[],
                reason="incorrectly tries to complete a step at pre-final",
            )
        )
        final_attempts: list[str] = []
        for index in range(13):
            final_attempts.extend(
                [
                    json.dumps(
                        {
                            "function": "final_answer",
                            "params": {"text": f"candidate {index}"},
                        }
                    ),
                    invalid_final_audit,
                ]
            )
        queue = _QueueClient(
            [
                json.dumps(
                    {
                        "function": "write_file",
                        "params": {"path": "result.txt", "content": "verified"},
                    }
                ),
                json.dumps(
                    _audit_call(
                        "continue",
                        step_id="S1",
                        step_complete=True,
                        evidence_refs=["A00001"],
                        gaps=[],
                        reason="the mutation action succeeded",
                    )
                ),
                *final_attempts,
            ]
        )
        session = ModelSession(queue, settings=_settings(progressive=True))
        model = LongHorizonModel(session, tool_selector=_selector(["write_file"]))
        monkeypatch.setattr(
            StatefulGoalLoopController,
            "_validate_contract_patch_semantics",
            staticmethod(lambda *args, **kwargs: None),
        )
    
        result = StatefulGoalLoopController(
            store,
            model=model,
            harness=model.harness,
            supervisor=_StrongPlanner(_strong_patch(state)),
            supervisor_policy=SupervisorPolicy(mode="static"),
            max_transitions=40,
        ).run(state.run_id)
    
        assert result.state.status.value == "blocked"
        # Three protocol-invalid audit releases without new evidence exhaust the
        # goal-audit budget; the action-lane budget of 12 no longer applies here.
        assert result.state.protocol_rejections == 3
        events = [
            result.state.causal_records[event_id]
            for event_id in result.state.causal_order
        ]
>       assert sum(event.event_type == "goal_final_rejected" for event in events) == 3
E       assert 0 == 3
E        +  where 0 = sum(<generator object test_goal_audit_protocol_budget_stops_repeated_pre_final_cycle.<locals>.<genexpr> at 0x7bcd7ea99700>)

tests/test_stateful_goal_loop.py:4020: AssertionError
______ test_goal_stage_checker_transport_pending_resolves_after_response _______

tmp_path = PosixPath('/home/chase/GitHub/RWKV-LH/data/test_runs/pytest/test_goal_stage_checker_transp0')

    def test_goal_stage_checker_transport_pending_resolves_after_response(
        tmp_path: Path,
    ) -> None:
        class RecoveringStagePlanner(_StrongPlanner):
            def review_goal_stage(self, request):
                if not self.stage_review_requests:
                    self.stage_review_requests.append(request)
                    raise RuntimeError("temporary stage checker transport failure")
                return super().review_goal_stage(request)
    
        store = LongHorizonStore(tmp_path / "state")
        state = store.create_run(_goal(tmp_path), "GOAL-STAGE-TRANSPORT-RESUME")
        model = LongHorizonModel(
            ModelSession(_QueueClient([]), settings=_settings(progressive=True)),
            tool_selector=_selector([]),
        )
        planner = RecoveringStagePlanner()
        controller = StatefulGoalLoopController(
            store,
            model=model,
            harness=model.harness,
            supervisor=planner,
            supervisor_policy=SupervisorPolicy(mode="static"),
            max_transitions=1,
        )
        plan = RollingGoalPlan(goal_digest=state.goal.digest)
        plan.apply_goal_patch(_strong_patch(state))
        plan.apply_audit(
            GoalAuditDecision(
                audit_id="AUD-stage-transport",
                verdict=GoalAuditVerdict.CONTINUE,
                step_id="S1",
                evidence_refs=("A00001",),
                gaps=(),
                completed_steps=(AuditedStep("S1", ("A00001",)),),
                reason="test evidence",
            )
        )
        stage_key = plan.stage_boundary_key(1)
    
>       first = controller._issue_strong_stage_review(
            state,
            plan=plan,
            stage=1,
            stage_boundary_key=stage_key,
            transitions=0,
        )

tests/test_stateful_goal_loop.py:4567: 
_ _ _ _ _ _ _ _ _ _ _ _ _ _ _ _ _ _ _ _ _ _ _ _ _ _ _ _ _ _ _ _ _ _ _ _ _ _ _ _ 
rwkv_lh/stateful_goal_loop.py:1672: in _issue_strong_stage_review
    recent_action_facts=self._recent_action_facts(
rwkv_lh/stateful_goal_loop.py:110: in _recent_action_facts
    allowed = evidence_action_ids(state, action_ids) if action_ids is not None else None
              ^^^^^^^^^^^^^^^^^^^^^^^^^^^^^^^^^^^^^^
_ _ _ _ _ _ _ _ _ _ _ _ _ _ _ _ _ _ _ _ _ _ _ _ _ _ _ _ _ _ _ _ _ _ _ _ _ _ _ _ 

state = RunState(run_id='GOAL-STAGE-TRANSPORT-RESUME', goal=GoalState(goal_id='G1', request='Inspect the project and report ve..._at='2026-09-09T08:39:13.382+00:00', updated_at='2026-09-09T08:39:13.383+00:00', schema_version='long-horizon.run.v18')
refs = ('A00001',)

    def evidence_action_ids(state: RunState, refs: Sequence[str]) -> frozenset[str]:
        revisions = {
            revision.revision_id: revision
            for values in state.artifact_revisions.values()
            for revision in values
        }
        action_ids: set[str] = set()
        for ref in refs:
            if ref in state.actions:
                action_ids.add(ref)
            elif (artifact := state.artifacts.get(ref)) is not None:
                action_ids.add(artifact.action_id)
            elif (revision := revisions.get(ref)) is not None:
                action_ids.add(revision.action_id)
            else:
>               raise ValueError(f"audit evidence {ref!r} is not a Harness action fact")
E               ValueError: audit evidence 'A00001' is not a Harness action fact

rwkv_lh/goal_loop_protocol.py:1563: ValueError
________ test_executor_execution_state_builder_projects_durable_actions ________

    def test_executor_execution_state_builder_projects_durable_actions() -> None:
        action = SimpleNamespace(
            action_id="A1", action_type="read_file", status=SimpleNamespace(value="failed"),
            arguments={"path": "."}, result={"success": False, "outcome_type": "failure"},
            error={"type": "HarnessError", "message": "read_file requires a regular file"},
            outcome_type="failure",
        )
>       state = executor_args_v5.build_execution_state(
            active_step_id="S1", active_step_revision=1, declared_phase="observe",
            effective_phase="observe", assigned_actions=[action],
            mechanical_evidence={"missing_read_roots": ["README.md"]},
            target_contract=_typed_target_contract(), repair_gaps=["read remains incomplete"],
        )
E       TypeError: build_execution_state() got an unexpected keyword argument 'repair_gaps'

tests/test_goal_state_protocols.py:102: TypeError
____ test_protocol_schema_identities_are_frozen_without_historical_versions ____

    def test_protocol_schema_identities_are_frozen_without_historical_versions() -> None:
        import importlib
        from pathlib import Path
    
        modules = {}
        directory = Path(executor_args_v5.__file__).parent
        for path in directory.glob("*.py"):
            if path.name == "__init__.py":
                continue
            module = importlib.import_module(f"rwkv_lh.goal_state_protocols.{path.stem}")
            if hasattr(module, "INPUT_SCHEMA_VERSION"):
                modules[module] = path.stem
        expected = {
            selector_intent_v5: ("selector-intent", "v4"),
            executor_args_v5: ("executor-args", "v4"),
            auditor_step_v4: ("auditor-step", "v3"),
            finalizer_answer: ("finalizer-answer", "v1"),
            auditor_final: ("auditor-final", "v2"),
        }
        assert set(modules) == set(expected)
        for module, (stage, version) in expected.items():
            identity = f"rwkv-lh.g1j-per-stage-state-tuning.{stage}.{version}"
>           assert module.INPUT_SCHEMA_VERSION == identity
E           AssertionError: assert 'rwkv-lh.g1j-...tor-intent.v5' == 'rwkv-lh.g1j-...tor-intent.v4'
E             
E             Skipping 42 identical leading characters in diff, use -v to show
E             - r-intent.v4
E             ?           ^
E             + r-intent.v5
E             ?           ^

tests/test_goal_state_protocols.py:173: AssertionError
_____ test_role_builder_preserves_registered_prompt_bytes[auditor_step_v4] _____

protocol_name = 'auditor_step_v4'

    @pytest.mark.parametrize('protocol_name', tuple(_PROTOCOLS))
    def test_role_builder_preserves_registered_prompt_bytes(protocol_name: str) -> None:
        baseline = json.loads(_BASELINE.read_text(encoding='utf-8'))
>       record = next(item for item in baseline['records'] if item['protocol'] == protocol_name)
                 ^^^^^^^^^^^^^^^^^^^^^^^^^^^^^^^^^^^^^^^^^^^^^^^^^^^^^^^^^^^^^^^^^^^^^^^^^^^^^^^
E       StopIteration

tests/test_role_prompt_builders.py:30: StopIteration
______ test_role_builder_preserves_registered_prompt_bytes[auditor_final] ______

protocol_name = 'auditor_final'

    @pytest.mark.parametrize('protocol_name', tuple(_PROTOCOLS))
    def test_role_builder_preserves_registered_prompt_bytes(protocol_name: str) -> None:
        baseline = json.loads(_BASELINE.read_text(encoding='utf-8'))
        record = next(item for item in baseline['records'] if item['protocol'] == protocol_name)
        protocol = _PROTOCOLS[protocol_name]
        source = protocol.build_prompt_source(**record['arguments'])
>       assert protocol.render_prompt(source) == record['prompt']
E       assert 'AuditorFinal...for repair."}' == 'AuditorFinal...for repair."}'
E         
E         Skipping 81 identical leading characters in diff, use -v to show
E         - or-final.v2","role":"auditor_final","immutable_goal":"Report the observed value","completed_steps":[{"step_id":"S1","evidence_refs":["A1"]}],"available_evidence_refs":["A1"],"evidence_records":[{"evidence_ref":"A1","kind":"action","value":"ok"}],"final_candidate":{"function":"final_answer","params":{"text":"The observed value is ok."}},"gap_catalog":[{"code":"candidate_omits_required_result","criterion":"The final candidate omits a result required by the immutable goal."},{"code":"candidate_unsupported_cl...
E         
E         ...Full output truncated (4 lines hidden), use '-vv' to show

tests/test_role_prompt_builders.py:33: AssertionError
____ test_role_builder_preserves_registered_prompt_bytes[finalizer_answer] _____

protocol_name = 'finalizer_answer'

    @pytest.mark.parametrize('protocol_name', tuple(_PROTOCOLS))
    def test_role_builder_preserves_registered_prompt_bytes(protocol_name: str) -> None:
        baseline = json.loads(_BASELINE.read_text(encoding='utf-8'))
        record = next(item for item in baseline['records'] if item['protocol'] == protocol_name)
        protocol = _PROTOCOLS[protocol_name]
        source = protocol.build_prompt_source(**record['arguments'])
>       assert protocol.render_prompt(source) == record['prompt']
E       assert 'FinalizerAns...it verdict."}' == 'FinalizerAns...it verdict."}'
E         
E         - FinalizerAnswerPromptV1: {"schema_version":"rwkv-lh.g1j-per-stage-state-tuning.finalizer-answer.v1","role":"finalizer_answer","immutable_goal":"Report the observed value","completed_steps":[{"step_id":"S1","evidence_refs":["A1"]}],"committed_facts":[{"fact_id":"F1","value":"ok","evidence_refs":["A1"]}],"evidence_records":[{"evidence_ref":"A1","kind":"action","value":"ok"}],"format_contract":{"format_id":"plain-v1","language":"en","required_sections":[]},"current_question":"Return exactly one final_answer candidate grounded only in committed facts; do not claim complet...
E         
E         ...Full output truncated (4 lines hidden), use '-vv' to show

tests/test_role_prompt_builders.py:33: AssertionError
_______ test_auditor_builder_owns_catalog_construction[auditor_step_v4] ________

protocol_name = 'auditor_step_v4'
monkeypatch = <_pytest.monkeypatch.MonkeyPatch object at 0x7bcd7e9c5240>

    @pytest.mark.parametrize('protocol_name', ('auditor_step_v4', 'auditor_final'))
    def test_auditor_builder_owns_catalog_construction(
        protocol_name: str, monkeypatch: pytest.MonkeyPatch
    ) -> None:
        baseline = json.loads(_BASELINE.read_text(encoding='utf-8'))
>       record = next(item for item in baseline['records'] if item['protocol'] == protocol_name)
                 ^^^^^^^^^^^^^^^^^^^^^^^^^^^^^^^^^^^^^^^^^^^^^^^^^^^^^^^^^^^^^^^^^^^^^^^^^^^^^^^
E       StopIteration

tests/test_role_prompt_builders.py:42: StopIteration
________ test_auditor_builder_owns_catalog_construction[auditor_final] _________

protocol_name = 'auditor_final'
monkeypatch = <_pytest.monkeypatch.MonkeyPatch object at 0x7bcd7c429630>

    @pytest.mark.parametrize('protocol_name', ('auditor_step_v4', 'auditor_final'))
    def test_auditor_builder_owns_catalog_construction(
        protocol_name: str, monkeypatch: pytest.MonkeyPatch
    ) -> None:
        baseline = json.loads(_BASELINE.read_text(encoding='utf-8'))
        record = next(item for item in baseline['records'] if item['protocol'] == protocol_name)
        protocol = _PROTOCOLS[protocol_name]
        calls = []
        original = protocol.build_gap_catalog
    
        def record_catalog(*args):
            calls.append(args)
            return original(*args)
    
        monkeypatch.setattr(protocol, 'build_gap_catalog', record_catalog)
        source = protocol.build_prompt_source(**record['arguments'])
        assert calls
        assert source['gap_catalog'] == original(*calls[0])
>       assert protocol.render_prompt(source) == record['prompt']
E       assert 'AuditorFinal...for repair."}' == 'AuditorFinal...for repair."}'
E         
E         Skipping 81 identical leading characters in diff, use -v to show
E         - or-final.v2","role":"auditor_final","immutable_goal":"Report the observed value","completed_steps":[{"step_id":"S1","evidence_refs":["A1"]}],"available_evidence_refs":["A1"],"evidence_records":[{"evidence_ref":"A1","kind":"action","value":"ok"}],"final_candidate":{"function":"final_answer","params":{"text":"The observed value is ok."}},"gap_catalog":[{"code":"candidate_omits_required_result","criterion":"The final candidate omits a result required by the immutable goal."},{"code":"candidate_unsupported_cl...
E         
E         ...Full output truncated (4 lines hidden), use '-vv' to show

tests/test_role_prompt_builders.py:55: AssertionError
=========================== short test summary info ============================
FAILED tests/test_stateful_goal_loop.py::test_workspace_target_kinds_compile_exact_observe_menus
FAILED tests/test_stateful_goal_loop.py::test_bare_json_scalar_text_file_stays_text_and_directory_write_root_keeps_mutations
FAILED tests/test_stateful_goal_loop.py::test_operation_target_mismatch_is_repaired_before_harness[read_json-tool.py-config.json]
FAILED tests/test_stateful_goal_loop.py::test_goal_audit_protocol_budget_stops_repeated_pre_final_cycle
FAILED tests/test_stateful_goal_loop.py::test_goal_stage_checker_transport_pending_resolves_after_response
FAILED tests/test_goal_state_protocols.py::test_executor_execution_state_builder_projects_durable_actions
FAILED tests/test_goal_state_protocols.py::test_protocol_schema_identities_are_frozen_without_historical_versions
FAILED tests/test_role_prompt_builders.py::test_role_builder_preserves_registered_prompt_bytes[auditor_step_v4]
FAILED tests/test_role_prompt_builders.py::test_role_builder_preserves_registered_prompt_bytes[auditor_final]
FAILED tests/test_role_prompt_builders.py::test_role_builder_preserves_registered_prompt_bytes[finalizer_answer]
FAILED tests/test_role_prompt_builders.py::test_auditor_builder_owns_catalog_construction[auditor_step_v4]
FAILED tests/test_role_prompt_builders.py::test_auditor_builder_owns_catalog_construction[auditor_final]
12 failed, 128 passed in 76.33s (0:01:16)
