{
  "jobs": 2,
  "statuses": {
    "execution_validated_pending_dataset_gate": 2
  },
  "families": {
    "timebook": 2
  },
  "rejection_reasons": {},
  "functions": {
    "check_command": 1,
    "replace_text": 1
  },
  "defect_families": {
    "read_stall_to_diagnosis": 1,
    "read_stall_to_local_edit": 1
  },
  "acceptance_scopes": {
    "diagnostic_observation": 1,
    "local_behavior": 1
  },
  "training_admitted": 0,
  "dataset_ready": false,
  "limitation": "Candidate report only; use export and freeze for coverage, source isolation and fresh proof verification.",
  "rows": [
    {
      "directory": "/home/chase/GitHub/RWKV-LH/data/pipeline/r39/job-1",
      "status": "execution_validated_pending_dataset_gate",
      "training_admitted": false,
      "packet_sha256": "d44097cf0955942cedfc3fa7e7de9e064fb51b981315826f54609f12dbf4da3c",
      "source_id": "timestamp-offset",
      "family": "timebook",
      "reason": null,
      "function": "check_command",
      "learning_contract": {
        "defect_family": "read_stall_to_diagnosis",
        "objective": "已读取实现和测试，结束重复读取，运行与当前缺陷有关的现有测试并保留真实失败反馈。",
        "evidence_quote": "非法UTC偏移被接受",
        "acceptance_scope": "diagnostic_observation"
      }
    },
    {
      "directory": "/home/chase/GitHub/RWKV-LH/data/pipeline/r39/job-2",
      "status": "execution_validated_pending_dataset_gate",
      "training_admitted": false,
      "packet_sha256": "f1f5746d72f2d08d65022f891929f994472a7e104abeaa2f831312cbcfd768d1",
      "source_id": "timestamp-offset",
      "family": "timebook",
      "reason": null,
      "function": "replace_text",
      "learning_contract": {
        "defect_family": "read_stall_to_local_edit",
        "objective": "已经看到实现及完整测试，修复非法UTC偏移的校验；只修复add相关缺陷，保留已有持久化和幂等行为，不扩展整个项目。",
        "evidence_quote": "非法UTC偏移被接受",
        "acceptance_scope": "local_behavior"
      }
    }
  ]
}
