FF                                                                       [100%]
=================================== FAILURES ===================================
_ test_server_records_consumed_tokens_across_append_import_generate_and_restart[False] _

tmp_path = PosixPath('/home/chase/GitHub/RWKV-LH/data/test_runs/pytest/test_server_records_consumed_t0')
service_module = <module 'mechanism_native_service' from '/home/chase/GitHub/RWKV-LH/rwkv_lh/inference/native_state_service.py'>
restart = False

    @pytest.mark.parametrize("restart", [False, True])
    def test_server_records_consumed_tokens_across_append_import_generate_and_restart(tmp_path, service_module, restart):
        async def scenario():
            exports, counters = {}, {}
            path = tmp_path / "journal.db"
            service = service_fixture(service_module, path, exports, counters)
            binding = _cache_binding()
            first = await service.dispatch("create", prepared(service, "create", delta="ab", cache_binding=binding.to_dict()))
            binding = replace(binding, parent_state_digest=first["state_digest"], delta_digest="e" * 64)
            second = await service.dispatch("append", prepared(service, "append", delta="cd",
                parent_state_ref=first["state_ref"], cache_binding=binding.to_dict()))
            if restart:
                service = service_fixture(service_module, path, exports, counters)
            alias = await service.dispatch("import", prepared(service, "import", export_record=second["export_record"],
                cache_binding=binding.to_dict()))
            payload = prepared(service, "generate", parent_state_ref=alias["state_ref"],
                parent_cache_binding_digest=binding.digest, request_id="GENERATE-proof", max_tokens=3,
                return_token_ids=True, sampling={}, stop=[])
            result = await service.dispatch("generate", payload)
            meta = result["candidate"]["metadata"]
            assert meta.get("prompt_token_ids") == list(b"abcd")
            assert meta.get("prompt_token_ids_scope") == "full_context"
            assert meta.get("input_bos_token_count") == 0
            assert meta["token_ids"] == [4, 5, 7]
            state = service._record(result["candidate"]["state_ref"])
            assert state.input_token_ids == list(b"abcd") + [4, 5, 7]
            # A receipt replay preserves the exact evidence and never samples twice.
            assert await service.dispatch("generate", payload) == result
            assert counters["sample"] == 1
>       asyncio.run(scenario())

tests/test_native_input_tokens.py:41: 
_ _ _ _ _ _ _ _ _ _ _ _ _ _ _ _ _ _ _ _ _ _ _ _ _ _ _ _ _ _ _ _ _ _ _ _ _ _ _ _ 
../../.local/share/uv/python/cpython-3.13.11-linux-x86_64-gnu/lib/python3.13/asyncio/runners.py:195: in run
    return runner.run(main)
           ^^^^^^^^^^^^^^^^
../../.local/share/uv/python/cpython-3.13.11-linux-x86_64-gnu/lib/python3.13/asyncio/runners.py:118: in run
    return self._loop.run_until_complete(task)
           ^^^^^^^^^^^^^^^^^^^^^^^^^^^^^^^^^^^
../../.local/share/uv/python/cpython-3.13.11-linux-x86_64-gnu/lib/python3.13/asyncio/base_events.py:725: in run_until_complete
    return future.result()
           ^^^^^^^^^^^^^^^
_ _ _ _ _ _ _ _ _ _ _ _ _ _ _ _ _ _ _ _ _ _ _ _ _ _ _ _ _ _ _ _ _ _ _ _ _ _ _ _ 

    async def scenario():
        exports, counters = {}, {}
        path = tmp_path / "journal.db"
        service = service_fixture(service_module, path, exports, counters)
        binding = _cache_binding()
>       first = await service.dispatch("create", prepared(service, "create", delta="ab", cache_binding=binding.to_dict()))
                                                 ^^^^^^^^^^^^^^^^^^^^^^^^^^^^^^^^^^^^^^^^^^^^^^^^^^^^^^^^^^^^^^^^^^^^^^^^
E       TypeError: prepared() takes 1 positional argument but 2 were given

tests/test_native_input_tokens.py:19: TypeError
_ test_server_records_consumed_tokens_across_append_import_generate_and_restart[True] _

tmp_path = PosixPath('/home/chase/GitHub/RWKV-LH/data/test_runs/pytest/test_server_records_consumed_t1')
service_module = <module 'mechanism_native_service' from '/home/chase/GitHub/RWKV-LH/rwkv_lh/inference/native_state_service.py'>
restart = True

    @pytest.mark.parametrize("restart", [False, True])
    def test_server_records_consumed_tokens_across_append_import_generate_and_restart(tmp_path, service_module, restart):
        async def scenario():
            exports, counters = {}, {}
            path = tmp_path / "journal.db"
            service = service_fixture(service_module, path, exports, counters)
            binding = _cache_binding()
            first = await service.dispatch("create", prepared(service, "create", delta="ab", cache_binding=binding.to_dict()))
            binding = replace(binding, parent_state_digest=first["state_digest"], delta_digest="e" * 64)
            second = await service.dispatch("append", prepared(service, "append", delta="cd",
                parent_state_ref=first["state_ref"], cache_binding=binding.to_dict()))
            if restart:
                service = service_fixture(service_module, path, exports, counters)
            alias = await service.dispatch("import", prepared(service, "import", export_record=second["export_record"],
                cache_binding=binding.to_dict()))
            payload = prepared(service, "generate", parent_state_ref=alias["state_ref"],
                parent_cache_binding_digest=binding.digest, request_id="GENERATE-proof", max_tokens=3,
                return_token_ids=True, sampling={}, stop=[])
            result = await service.dispatch("generate", payload)
            meta = result["candidate"]["metadata"]
            assert meta.get("prompt_token_ids") == list(b"abcd")
            assert meta.get("prompt_token_ids_scope") == "full_context"
            assert meta.get("input_bos_token_count") == 0
            assert meta["token_ids"] == [4, 5, 7]
            state = service._record(result["candidate"]["state_ref"])
            assert state.input_token_ids == list(b"abcd") + [4, 5, 7]
            # A receipt replay preserves the exact evidence and never samples twice.
            assert await service.dispatch("generate", payload) == result
            assert counters["sample"] == 1
>       asyncio.run(scenario())

tests/test_native_input_tokens.py:41: 
_ _ _ _ _ _ _ _ _ _ _ _ _ _ _ _ _ _ _ _ _ _ _ _ _ _ _ _ _ _ _ _ _ _ _ _ _ _ _ _ 
../../.local/share/uv/python/cpython-3.13.11-linux-x86_64-gnu/lib/python3.13/asyncio/runners.py:195: in run
    return runner.run(main)
           ^^^^^^^^^^^^^^^^
../../.local/share/uv/python/cpython-3.13.11-linux-x86_64-gnu/lib/python3.13/asyncio/runners.py:118: in run
    return self._loop.run_until_complete(task)
           ^^^^^^^^^^^^^^^^^^^^^^^^^^^^^^^^^^^
../../.local/share/uv/python/cpython-3.13.11-linux-x86_64-gnu/lib/python3.13/asyncio/base_events.py:725: in run_until_complete
    return future.result()
           ^^^^^^^^^^^^^^^
_ _ _ _ _ _ _ _ _ _ _ _ _ _ _ _ _ _ _ _ _ _ _ _ _ _ _ _ _ _ _ _ _ _ _ _ _ _ _ _ 

    async def scenario():
        exports, counters = {}, {}
        path = tmp_path / "journal.db"
        service = service_fixture(service_module, path, exports, counters)
        binding = _cache_binding()
>       first = await service.dispatch("create", prepared(service, "create", delta="ab", cache_binding=binding.to_dict()))
                                                 ^^^^^^^^^^^^^^^^^^^^^^^^^^^^^^^^^^^^^^^^^^^^^^^^^^^^^^^^^^^^^^^^^^^^^^^^
E       TypeError: prepared() takes 1 positional argument but 2 were given

tests/test_native_input_tokens.py:19: TypeError
=========================== short test summary info ============================
FAILED tests/test_native_input_tokens.py::test_server_records_consumed_tokens_across_append_import_generate_and_restart[False]
FAILED tests/test_native_input_tokens.py::test_server_records_consumed_tokens_across_append_import_generate_and_restart[True]
2 failed in 0.27s
