prior_file-01 2 5006
prior_file-02 2 5076
prior_file-03 2 5230
prior_file-04 2 5456
prior_file-05 2 6085
prior_file-06 2 5622
prior_file-07 2 5602
prior_file-08 2 6058
prior_file-09 2 5462
prior_file-10 2 5766
numeric 2 3456
rules 2 2819
migration_code_first 3 5481
migration_requirements_first 6 10123
index_code_first 5 5499
index_requirements_first 6 5590
rag_model_client 2 3280
rag_batch_receipts 3 3728
rag_evidence_quality 3 2763
rag_lexical_features 2 3308
rag_sparse 4 5068
rag_document_retrieval 2 2931
rag_state_tokens 2 3080
rag_schemas 3 5697
prior_file-01 5 0
prior_file-04 0 0
prior_file-02 0 0
Traceback (most recent call last):
  File "/home/chase/GitHub/RWKV-LH/temp/collect_then_curate_fact_r2_20260913.py", line 8, in <module>
    subprocess.run([str(R/'.venv/bin/python'),str(R/'temp'/script),*args],check=True)
    ~~~~~~~~~~~~~~^^^^^^^^^^^^^^^^^^^^^^^^^^^^^^^^^^^^^^^^^^^^^^^^^^^^^^^^^^^^^^^^^^^
  File "/home/chase/.local/share/uv/python/cpython-3.13.11-linux-x86_64-gnu/lib/python3.13/subprocess.py", line 577, in run
    raise CalledProcessError(retcode, process.args,
                             output=stdout, stderr=stderr)
subprocess.CalledProcessError: Command '['/home/chase/GitHub/RWKV-LH/.venv/bin/python', '/home/chase/GitHub/RWKV-LH/temp/curate_fact_targets_r2_20260913.py', 'run']' died with <Signals.SIGTERM: 15>.
