prior_file-04-v1 True None
prior_file-02-v1 False SupervisorGenerationInterrupted: supervisor state_tune_target generation interrupted: finish_reason='length'; output limit=4096
prior_file-01-v1 True None
prior_file-03-v1 True None
prior_file-02-v2 True None
prior_file-01-v2 True None
prior_file-03-v2 False SupervisorGenerationInterrupted: supervisor state_tune_target generation interrupted: finish_reason='length'; output limit=4096
prior_file-04-v2 False SupervisorGenerationInterrupted: supervisor state_tune_target_review generation interrupted: finish_reason='length'; output limit=4096
prior_file-03-v3 False SupervisorGenerationInterrupted: supervisor state_tune_target generation interrupted: finish_reason='length'; output limit=4096
prior_file-02-v3 True None
prior_file-01-v3 True None
prior_file-04-v3 False SupervisorGenerationInterrupted: supervisor state_tune_target_review generation interrupted: finish_reason='length'; output limit=4096
prior_file-03-v4 True None
prior_file-01-v4 True None
prior_file-02-v4 True None
prior_file-04-v4 True None
prior_file-03-v5 False SupervisorGenerationInterrupted: supervisor state_tune_target generation interrupted: finish_reason='length'; output limit=4096
prior_file-04-v5 True None
prior_file-02-v5 True None
prior_file-01-v5 True None
prior_file-06-v1 True None
prior_file-05-v1 False SupervisorGenerationInterrupted: supervisor state_tune_target_review generation interrupted: finish_reason='length'; output limit=4096
prior_file-07-v1 True None
prior_file-08-v1 True None
prior_file-06-v2 True None
prior_file-07-v2 True None
prior_file-06-v3 True None
prior_file-05-v2 False SupervisorGenerationInterrupted: supervisor state_tune_target_review generation interrupted: finish_reason='length'; output limit=4096
prior_file-07-v3 True None
prior_file-07-v4 False JSONDecodeError: Expecting ',' delimiter: line 1 column 879 (char 878)
prior_file-08-v2 False SupervisorGenerationInterrupted: supervisor state_tune_target_review generation interrupted: finish_reason='length'; output limit=4096
prior_file-06-v4 True None
prior_file-07-v5 True None
prior_file-06-v5 True None
prior_file-08-v3 True None
prior_file-09-v1 True None
prior_file-05-v3 False SupervisorGenerationInterrupted: supervisor state_tune_target_review generation interrupted: finish_reason='length'; output limit=4096
prior_file-10-v1 True None
prior_file-09-v2 False None
prior_file-05-v4 True None
prior_file-08-v4 True None
prior_file-10-v2 True None
prior_file-09-v3 False None
prior_file-05-v5 False SupervisorGenerationInterrupted: supervisor state_tune_target generation interrupted: finish_reason='length'; output limit=4096
prior_file-10-v3 True None
prior_file-09-v4 False None
prior_file-08-v5 True None
prior_file-10-v4 True None
prior_file-09-v5 True None
numeric-v1 True None
prior_file-10-v5 True None
rules-v1 False SupervisorGenerationInterrupted: supervisor state_tune_target_review generation interrupted: finish_reason='length'; output limit=4096
numeric-v2 True None
migration_code_first-v1 False SupervisorGenerationInterrupted: supervisor state_tune_target_review generation interrupted: finish_reason='length'; output limit=4096
numeric-v3 False JSONDecodeError: Expecting ',' delimiter: line 1 column 476 (char 475)
rules-v2 True None
migration_requirements_first-v1 False SupervisorGenerationInterrupted: supervisor state_tune_target_review generation interrupted: finish_reason='length'; output limit=4096
rules-v3 True None
migration_code_first-v2 False SupervisorGenerationInterrupted: supervisor state_tune_target_review generation interrupted: finish_reason='length'; output limit=4096
numeric-v4 False SupervisorGenerationInterrupted: supervisor state_tune_target_review generation interrupted: finish_reason='length'; output limit=4096
migration_requirements_first-v2 False SupervisorGenerationInterrupted: supervisor state_tune_target_review generation interrupted: finish_reason='length'; output limit=4096
rules-v4 True None
migration_code_first-v3 True None
rules-v5 True None
numeric-v5 False SupervisorGenerationInterrupted: supervisor state_tune_target_review generation interrupted: finish_reason='length'; output limit=4096
migration_requirements_first-v3 False SupervisorGenerationInterrupted: supervisor state_tune_target_review generation interrupted: finish_reason='length'; output limit=4096
migration_requirements_first-v4 False JSONDecodeError: Expecting ',' delimiter: line 1 column 929 (char 928)
migration_code_first-v4 True None
index_requirements_first-v1 False SupervisorGenerationInterrupted: supervisor state_tune_target_review generation interrupted: finish_reason='length'; output limit=4096
index_code_first-v1 False SupervisorGenerationInterrupted: supervisor state_tune_target_review generation interrupted: finish_reason='length'; output limit=4096
migration_requirements_first-v5 False SupervisorGenerationInterrupted: supervisor state_tune_target_review generation interrupted: finish_reason='length'; output limit=4096
migration_code_first-v5 False SupervisorGenerationInterrupted: supervisor state_tune_target_review generation interrupted: finish_reason='length'; output limit=4096
index_requirements_first-v2 False SupervisorGenerationInterrupted: supervisor state_tune_target_review generation interrupted: finish_reason='length'; output limit=4096
rag_model_client-v1 False SupervisorGenerationInterrupted: supervisor state_tune_target generation interrupted: finish_reason='length'; output limit=4096
index_code_first-v2 False SupervisorGenerationInterrupted: supervisor state_tune_target_review generation interrupted: finish_reason='length'; output limit=4096
rag_batch_receipts-v1 False SupervisorGenerationInterrupted: supervisor state_tune_target generation interrupted: finish_reason='length'; output limit=4096
rag_model_client-v2 False SupervisorGenerationInterrupted: supervisor state_tune_target generation interrupted: finish_reason='length'; output limit=4096
index_requirements_first-v3 False SupervisorGenerationInterrupted: supervisor state_tune_target_review generation interrupted: finish_reason='length'; output limit=4096
rag_model_client-v3 False SupervisorGenerationInterrupted: supervisor state_tune_target generation interrupted: finish_reason='length'; output limit=4096
rag_batch_receipts-v2 False SupervisorGenerationInterrupted: supervisor state_tune_target_review generation interrupted: finish_reason='length'; output limit=4096
index_code_first-v3 False SupervisorGenerationInterrupted: supervisor state_tune_target_review generation interrupted: finish_reason='length'; output limit=4096
index_requirements_first-v4 False SupervisorGenerationInterrupted: supervisor state_tune_target_review generation interrupted: finish_reason='length'; output limit=4096
rag_batch_receipts-v3 False SupervisorGenerationInterrupted: supervisor state_tune_target generation interrupted: finish_reason='length'; output limit=4096
index_code_first-v4 False SupervisorGenerationInterrupted: supervisor state_tune_target_review generation interrupted: finish_reason='length'; output limit=4096
rag_model_client-v4 False SupervisorGenerationInterrupted: supervisor state_tune_target_review generation interrupted: finish_reason='length'; output limit=4096
rag_batch_receipts-v4 False SupervisorGenerationInterrupted: supervisor state_tune_target generation interrupted: finish_reason='length'; output limit=4096
index_requirements_first-v5 False SupervisorGenerationInterrupted: supervisor state_tune_target_review generation interrupted: finish_reason='length'; output limit=4096
rag_model_client-v5 False SupervisorGenerationInterrupted: supervisor state_tune_target generation interrupted: finish_reason='length'; output limit=4096
rag_batch_receipts-v5 False SupervisorGenerationInterrupted: supervisor state_tune_target generation interrupted: finish_reason='length'; output limit=4096
index_code_first-v5 False SupervisorGenerationInterrupted: supervisor state_tune_target_review generation interrupted: finish_reason='length'; output limit=4096
rag_evidence_quality-v1 False SupervisorGenerationInterrupted: supervisor state_tune_target_review generation interrupted: finish_reason='length'; output limit=4096
rag_lexical_features-v1 False SupervisorGenerationInterrupted: supervisor state_tune_target generation interrupted: finish_reason='length'; output limit=4096
