prior_file-02-v6 True None
prior_file-01-v6 True None
prior_file-03-v6 True None
prior_file-04-v6 True None
prior_file-01-v7 True None
prior_file-02-v7 True None
prior_file-03-v7 False None
prior_file-01-v8 True None
prior_file-04-v7 True None
prior_file-02-v8 True None
prior_file-05-v6 True None
prior_file-03-v8 True None
prior_file-07-v6 True None
prior_file-04-v8 True None
prior_file-05-v7 True None
prior_file-06-v6 True None
prior_file-07-v7 True None
prior_file-08-v6 True None
prior_file-06-v7 True None
prior_file-07-v8 False None
prior_file-06-v8 True None
prior_file-09-v6 True None
prior_file-05-v8 True None
prior_file-08-v7 True None
prior_file-09-v7 True None
prior_file-10-v6 True None
numeric-v6 True None
prior_file-09-v8 True None
prior_file-10-v7 False None
numeric-v7 True None
rules-v6 True None
prior_file-10-v8 True None
prior_file-08-v8 True None
migration_code_first-v6 True None
migration_requirements_first-v6 True None
rules-v7 True None
numeric-v8 False None
rules-v8 True None
index_code_first-v6 True None
migration_requirements_first-v7 True None
migration_code_first-v7 True None
index_code_first-v7 True None
index_requirements_first-v6 True None
migration_requirements_first-v8 False None
index_requirements_first-v7 False None
migration_code_first-v8 True None
index_code_first-v8 False SupervisorGenerationInterrupted: supervisor state_tune_target_review generation interrupted: finish_reason='length'; output limit=8192
rag_model_client-v6 True None
index_requirements_first-v8 True None
rag_batch_receipts-v6 False None
rag_evidence_quality-v6 False SupervisorGenerationInterrupted: supervisor state_tune_target_review generation interrupted: finish_reason='length'; output limit=8192
rag_model_client-v7 False SupervisorGenerationInterrupted: supervisor state_tune_target_review generation interrupted: finish_reason='length'; output limit=8192
rag_evidence_quality-v7 True None
rag_lexical_features-v6 False SupervisorGenerationInterrupted: supervisor state_tune_target_review generation interrupted: finish_reason='length'; output limit=8192
rag_batch_receipts-v7 True None
rag_model_client-v8 True None
rag_evidence_quality-v8 True None
rag_batch_receipts-v8 True None
rag_lexical_features-v7 True None
rag_state_tokens-v6 True None
rag_sparse-v6 True None
rag_lexical_features-v8 True None
rag_document_retrieval-v6 True None
rag_schemas-v6 False None
rag_sparse-v7 True None
rag_state_tokens-v7 False SupervisorGenerationInterrupted: supervisor state_tune_target_review generation interrupted: finish_reason='length'; output limit=8192
rag_document_retrieval-v7 True None
rag_schemas-v7 True None
rag_sparse-v8 True None
rag_state_tokens-v8 True None
rag_document_retrieval-v8 True None
rag_schemas-v8 True None
