[
  {
    "id": "api_code_first-candidate-r1",
    "case_id": "api_code_first",
    "arm": "candidate",
    "repeat": 1,
    "outcome": "partially_met",
    "termination": "submitted",
    "task_pass": false,
    "read_pass": true,
    "scores": null,
    "false_work_claims": 0,
    "protocol_rejections": 0,
    "diagnostics": {
      "model_calls": 3,
      "input_tokens": 8583,
      "output_tokens": 562,
      "protocol_rejections": 0,
      "feedback_consumed": 0,
      "tool_errors": 0
    }
  },
  {
    "id": "api_code_first-candidate-r2",
    "case_id": "api_code_first",
    "arm": "candidate",
    "repeat": 2,
    "outcome": "partially_met",
    "termination": "submitted",
    "task_pass": false,
    "read_pass": true,
    "scores": null,
    "false_work_claims": 0,
    "protocol_rejections": 0,
    "diagnostics": {
      "model_calls": 3,
      "input_tokens": 8584,
      "output_tokens": 344,
      "protocol_rejections": 0,
      "feedback_consumed": 0,
      "tool_errors": 0
    }
  },
  {
    "id": "api_code_first-zero-r1",
    "case_id": "api_code_first",
    "arm": "zero",
    "repeat": 1,
    "outcome": "not_met",
    "termination": "submitted",
    "task_pass": false,
    "read_pass": true,
    "scores": null,
    "false_work_claims": 0,
    "protocol_rejections": 0,
    "diagnostics": {
      "model_calls": 3,
      "input_tokens": 8634,
      "output_tokens": 808,
      "protocol_rejections": 0,
      "feedback_consumed": 0,
      "tool_errors": 0
    }
  },
  {
    "id": "api_code_first-zero-r2",
    "case_id": "api_code_first",
    "arm": "zero",
    "repeat": 2,
    "outcome": "not_met",
    "termination": "submitted",
    "task_pass": false,
    "read_pass": true,
    "scores": null,
    "false_work_claims": 0,
    "protocol_rejections": 0,
    "diagnostics": {
      "model_calls": 3,
      "input_tokens": 8608,
      "output_tokens": 769,
      "protocol_rejections": 0,
      "feedback_consumed": 0,
      "tool_errors": 0
    }
  },
  {
    "id": "api_requirements_first-candidate-r1",
    "case_id": "api_requirements_first",
    "arm": "candidate",
    "repeat": 1,
    "outcome": "not_met",
    "termination": "submitted",
    "task_pass": false,
    "read_pass": true,
    "scores": null,
    "false_work_claims": 0,
    "protocol_rejections": 0,
    "diagnostics": {
      "model_calls": 3,
      "input_tokens": 8934,
      "output_tokens": 702,
      "protocol_rejections": 0,
      "feedback_consumed": 0,
      "tool_errors": 0
    }
  },
  {
    "id": "api_requirements_first-candidate-r2",
    "case_id": "api_requirements_first",
    "arm": "candidate",
    "repeat": 2,
    "outcome": "met",
    "termination": "submitted",
    "task_pass": true,
    "read_pass": true,
    "scores": null,
    "false_work_claims": 0,
    "protocol_rejections": 0,
    "diagnostics": {
      "model_calls": 3,
      "input_tokens": 8941,
      "output_tokens": 378,
      "protocol_rejections": 0,
      "feedback_consumed": 0,
      "tool_errors": 0
    }
  },
  {
    "id": "api_requirements_first-zero-r1",
    "case_id": "api_requirements_first",
    "arm": "zero",
    "repeat": 1,
    "outcome": "not_met",
    "termination": "submitted",
    "task_pass": false,
    "read_pass": true,
    "scores": null,
    "false_work_claims": 0,
    "protocol_rejections": 0,
    "diagnostics": {
      "model_calls": 3,
      "input_tokens": 8956,
      "output_tokens": 511,
      "protocol_rejections": 0,
      "feedback_consumed": 0,
      "tool_errors": 0
    }
  },
  {
    "id": "api_requirements_first-zero-r2",
    "case_id": "api_requirements_first",
    "arm": "zero",
    "repeat": 2,
    "outcome": "not_met",
    "termination": "submitted",
    "task_pass": false,
    "read_pass": true,
    "scores": null,
    "false_work_claims": 0,
    "protocol_rejections": 0,
    "diagnostics": {
      "model_calls": 3,
      "input_tokens": 8960,
      "output_tokens": 823,
      "protocol_rejections": 0,
      "feedback_consumed": 0,
      "tool_errors": 0
    }
  },
  {
    "id": "inventory_numeric-candidate-r1",
    "case_id": "inventory_numeric",
    "arm": "candidate",
    "repeat": 1,
    "outcome": "partially_met",
    "termination": "submitted",
    "task_pass": false,
    "read_pass": true,
    "scores": null,
    "false_work_claims": 0,
    "protocol_rejections": 0,
    "diagnostics": {
      "model_calls": 2,
      "input_tokens": 3803,
      "output_tokens": 452,
      "protocol_rejections": 0,
      "feedback_consumed": 0,
      "tool_errors": 0
    }
  },
  {
    "id": "inventory_numeric-candidate-r2",
    "case_id": "inventory_numeric",
    "arm": "candidate",
    "repeat": 2,
    "outcome": "not_met",
    "termination": "submitted",
    "task_pass": false,
    "read_pass": true,
    "scores": null,
    "false_work_claims": 0,
    "protocol_rejections": 0,
    "diagnostics": {
      "model_calls": 2,
      "input_tokens": 3805,
      "output_tokens": 413,
      "protocol_rejections": 0,
      "feedback_consumed": 0,
      "tool_errors": 0
    }
  },
  {
    "id": "inventory_numeric-zero-r1",
    "case_id": "inventory_numeric",
    "arm": "zero",
    "repeat": 1,
    "outcome": "not_met",
    "termination": "submitted",
    "task_pass": false,
    "read_pass": true,
    "scores": null,
    "false_work_claims": 0,
    "protocol_rejections": 0,
    "diagnostics": {
      "model_calls": 2,
      "input_tokens": 3814,
      "output_tokens": 450,
      "protocol_rejections": 0,
      "feedback_consumed": 0,
      "tool_errors": 0
    }
  },
  {
    "id": "inventory_numeric-zero-r2",
    "case_id": "inventory_numeric",
    "arm": "zero",
    "repeat": 2,
    "outcome": "not_met",
    "termination": "submitted",
    "task_pass": false,
    "read_pass": true,
    "scores": null,
    "false_work_claims": 0,
    "protocol_rejections": 1,
    "diagnostics": {
      "model_calls": 3,
      "input_tokens": 6986,
      "output_tokens": 2395,
      "protocol_rejections": 1,
      "feedback_consumed": 1,
      "tool_errors": 0
    }
  }
]
