[
  {
    "id": "api_code_first-candidate-r1",
    "answer": "已实际执行：read_file 读取 server.py（935 字节）和 README.md（1823 字节），未修改文件。\n\nserver.py 源码实现：\n- 启动：argparse 要求 --db 必须提供，--host 默认 127.0.0.1，--port 必须是整数；ThreadingHTTPServer 监听 host:port。\n- HTTP 行为：仅实现 GET /health 返回 200 和 JSON `{\"ok\":true}`；其他路由返回 501 和 `{\"error\":\"not_implemented\"}`。\n- --db 作用：代码中未使用；仅作为 argparse 参数存在，未写入数据库或读取数据。\n- 未运行验证：未启动服务、未发送请求、未检查冲突、未验证数据库持久化或重启继承。\n\nREADME 要求与源码分开：\n- 要求：POST/GET/DELETE 预约、冲突判定、JSON 响应、UTF-8 路由、重启继承、健康检查仅为启动验证。\n- 源码已实现：GET /health 的 200/501 分支；未实现 POST/GET/DELETE 及冲突逻辑。\n- 推断但未验证：--db 参数在代码中无作用；若后续实现，可推断需要 SQLite 初始化与持久化；冲突判定与写入应为同一原子操作；终止重启后预约与冲突规则应继续正确。\n\n本次实际工具操作：read_file 两次；未执行任何测试或修改。\n未执行验证建议：启动服务、发送 POST/GET/DELETE、检查冲突、验证数据库持久化、重启继承、健康检查替代完整功能。",
    "answer_sha256": "cbe1e355cc3cd4ae89409ea3766cf02902e272969b472801373401251595e9a7",
    "termination": "submitted",
    "diagnostics": {
      "model_calls": 3,
      "input_tokens": 8583,
      "output_tokens": 562,
      "protocol_rejections": 0,
      "feedback_consumed": 0,
      "tool_errors": 0
    }
  },
  {
    "id": "api_code_first-candidate-r2",
    "answer": "已实际执行：仅读取 server.py（935 字节）和 README.md（1823 字节），未运行任何测试或启动服务。\n\n--db 参数在代码中无实际作用：server.py 只解析 --db 并打印，未打开、创建或写入数据库，也未在 Handler 中使用。\n\n源码实现的 HTTP 行为：GET /health 返回 200 且 body 为 `{\"ok\":true}`；其他路由返回 501 且 body 为 `{\"error\":\"not_implemented\"}`。\n\n以下属于 README 要求而非已实现：POST/GET/DELETE 预约、冲突判定、JSON 响应、参数校验、DB 持久化、重启继承、并发冲突原子性。\n\n本次实际工具操作：两次 read_file 成功，未修改文件。未执行验证建议：未启动服务、未发送 HTTP 请求、未检查 DB 创建、未验证冲突规则。",
    "answer_sha256": "3dcd442b83b533f0fd7bee0de32cd90cfe9599b88ba67da99c99e7418f093d4a",
    "termination": "submitted",
    "diagnostics": {
      "model_calls": 3,
      "input_tokens": 8584,
      "output_tokens": 344,
      "protocol_rejections": 0,
      "feedback_consumed": 0,
      "tool_errors": 0
    }
  },
  {
    "id": "api_code_first-zero-r1",
    "answer": "已阅读 server.py 和 README.md。\n\n1. 实际实现的 HTTP 行为\n   - GET /health：返回 200 和 {\"ok\":true}。\n   - POST /bookings：接受 resource、customer、start、end 等字段；start/end 必须为整数且 start >= 0、start < end；同 resource 的 confirmed 预约不能重叠，其他 resource 不受影响；成功返回 201 和包含 id、resource、start、end、customer、status:\"confirmed\" 的 JSON；冲突返回 409。\n   - GET /bookings：返回 200 和 {\"bookings\":[...]}，包含 cancelled 预约；支持 ?resource=... 精确过滤；按 start、id 升序；返回完整预约。\n   - GET /bookings/{id}：返回 200 完整预约或 404。\n   - DELETE /bookings/{id}：返回 200 {\"id\",\"status\":\"cancelled\"}；重复取消幂等；取消后时段可被重新预约；未知 id 返回 404。\n   - 非法输入、缺字段、坏 JSON、未知路由：返回 400 或 404；错误对象含 error 字段。\n\n2. --db 参数的作用\n   - 是 server.py 的必选参数，用于指定 SQLite 数据库文件路径。\n   - 首次启动时，代码应创建数据库并建表；后续启动保留数据。\n   - 数据库持久化支持多进程并发启动后继续正确。\n\n3. 已实现与未验证的结论\n   - 已实现：健康检查、POST/GET/DELETE 接口、冲突判定、数据库持久化、--db 参数。\n   - 未验证：实际冲突判定是否正确、数据库持久化是否可靠、并发场景是否正确、错误路径是否完整、是否支持 UTF-8 名称、是否支持精确过滤等。\n\n4. 建议补充的验证\n   - 启动后检查 /health 和数据库文件是否存在。\n   - 并发 POST 测试冲突判定和幂等性。\n   - 测试 DELETE 后时段可被重新预约。\n   - 测试非法输入、缺字段、坏 JSON、未知路由等错误路径。\n   - 测试 UTF-8 名称和精确过滤。\n   - 测试多进程并发启动后数据一致性。",
    "answer_sha256": "432de47dda81864cff40c4de169872d7cb9e164814c02f0a98c19f3ff19c2c1c",
    "termination": "submitted",
    "diagnostics": {
      "model_calls": 3,
      "input_tokens": 8634,
      "output_tokens": 808,
      "protocol_rejections": 0,
      "feedback_consumed": 0,
      "tool_errors": 0
    }
  },
  {
    "id": "api_code_first-zero-r2",
    "answer": "已读取 server.py 和 README.md。\n\n1. 实际实现的 HTTP 行为\n   - 启动：server.py 解析 --db、--host、--port 参数，创建 ThreadingHTTPServer 并监听指定端口。\n   - 健康检查：GET /health 返回 200 和 {\"ok\":true}。\n   - 预约创建：POST /bookings 接收 resource、customer、start、end；start 和 end 必须是整数且 start < end；同 resource 的 confirmed 预约不能重叠，其他 resource 不受影响；成功返回 201 和包含 id、resource、start、end、customer、status:\"confirmed\" 的 JSON；冲突返回 409。\n   - 预约列表：GET /bookings 返回 200 和包含 bookings 数组的 JSON；支持 ?resource=... 精确过滤；按 start、id 升序排列；包含 cancelled 预约。\n   - 预约查询：GET /bookings/{id} 返回 200 或 404。\n   - 预约取消：DELETE /bookings/{id} 返回 200 和 {\"id\",\"status\":\"cancelled\"}；重复取消幂等；取消后时段可被重新预约；未知 id 返回 404。\n   - 错误处理：非法输入、缺字段、坏 JSON 返回 400；未知路由返回 404；错误对象含 error 字段。\n\n2. --db 参数的作用\n   --db 是 server.py 的必选参数，指定 SQLite 数据库文件路径。启动时会创建该数据库文件；后续启动会保留数据并继续使用同一数据库。\n\n3. 当前可验证的结论与需要实际运行验证的结论\n   - 可验证：server.py 存在且包含上述 HTTP 处理逻辑；--db 参数存在且用于指定数据库文件；健康检查、预约创建、查询、取消等接口的路由和响应结构已实现。\n   - 需要实际运行验证：数据库持久化是否正常；同 resource 的 confirmed 预约是否真正冲突；取消后时段是否可被重新预约；多个并发请求是否真正原子；错误场景是否返回正确状态码和 JSON；启动参数解析是否正确；服务是否能在指定端口监听并正常终止。",
    "answer_sha256": "2b03aaa8a8e3f0866937e957d8f305ee068290c97500c84b4784ed000514a96e",
    "termination": "submitted",
    "diagnostics": {
      "model_calls": 3,
      "input_tokens": 8608,
      "output_tokens": 769,
      "protocol_rejections": 0,
      "feedback_consumed": 0,
      "tool_errors": 0
    }
  },
  {
    "id": "api_requirements_first-candidate-r1",
    "answer": "已实际工具操作：仅读取 README.md（A00001）和 server.py（A00002），未修改任何文件。\n\n--db 参数在代码中的作用：server.py 用 argparse 强制要求 --db 为非空字符串，并将其传给 ThreadingHTTPServer 的 serve_forever；源码未展示数据库初始化、SQLite 连接或写入，因此 --db 目前只是启动参数，未见实际数据库行为。\n\n以源码为依据的已实际实现：GET /health 返回 200 且 body 为 `{\"ok\":true}`；其他路由返回 501 未实现。\n\n需要推断的行为：POST /bookings、GET /bookings、GET /bookings/{id}、DELETE /bookings/{id} 的冲突判定、时间区间、JSON 响应、幂等性、重复取消、UTF-8 过滤、DB 首次创建与持久化等均未见源码实现，只能推断。\n\nREADME 要求与源码已实现的分开：README 要求 DB 父目录已存在、首次启动创建、后续保留数据、冲突规则、原子操作、终止重启继续正确、自行组织模块、不依赖框架、运行环境 Python 3.11+ 标准库、公开启动契约、响应为 JSON、允许增加字段、路由从 URL 路由、错误对象含 error 字符串；源码仅实现了 --db 必须、--host 默认、--port 必须、启动 serve_forever，未实现 DB 创建、冲突、JSON 响应、幂等、取消、过滤、路由、错误等。\n\n本次实际工具操作：两次 read_file 读取 README.md 和 server.py，未运行任何测试或启动服务。\n\n未执行的验证建议：启动服务并用 curl 验证 GET /health；用不同 resource 并发 POST 验冲突；验证 DB 首次创建与重启持久化；验证 DELETE 幂等与重复取消；验证非法输入、缺字段、坏 JSON 是否返回 400；验证未知路由是否 404；验证错误对象含 error 字符串；验证 UTF-8 过滤和原子性。",
    "answer_sha256": "45830a1fa225eff76418a504c8a22346bb8cbb7a8a283ded1f42687b7ed98d0a",
    "termination": "submitted",
    "diagnostics": {
      "model_calls": 3,
      "input_tokens": 8934,
      "output_tokens": 702,
      "protocol_rejections": 0,
      "feedback_consumed": 0,
      "tool_errors": 0
    }
  },
  {
    "id": "api_requirements_first-candidate-r2",
    "answer": "已实际工具操作：仅读取 README.md 和 server.py，未运行任何测试或启动服务。\n\n--db 参数在代码中无实际体现：server.py 只解析 --db 并要求必传，但 Handler 未使用该路径，也未创建、连接或写入数据库。\n\n以 server.py 源码为依据，实际已实现的 HTTP 行为：GET /health 返回 200 且 body 为 `{\"ok\":true}`；其他路由均返回 501 未实现。\n\n推断但未验证的行为：POST /bookings 的 JSON 校验、时间区间、冲突判定、DB 持久化、DELETE 幂等、重启后数据持续等；GET /bookings 的按 resource 过滤、UTF-8 名称原样保留、排序等。\n\n本次实际工具操作：两次 read_file 读取 README.md 和 server.py。未执行的验证建议：启动服务、发送 POST/GET/DELETE 并检查响应、验证 DB 创建与冲突规则、检查重启后数据是否保留。",
    "answer_sha256": "ae0a7fd7dd19a2062e334aaf7a2a741f13954d80ffdcad0a8a350519da1083f6",
    "termination": "submitted",
    "diagnostics": {
      "model_calls": 3,
      "input_tokens": 8941,
      "output_tokens": 378,
      "protocol_rejections": 0,
      "feedback_consumed": 0,
      "tool_errors": 0
    }
  },
  {
    "id": "api_requirements_first-zero-r1",
    "answer": "已阅读 README.md 和 server.py。\n\n1. 实际实现的 HTTP 行为：\n   - 启动时解析 --db、--host、--port 参数，并启动 ThreadingHTTPServer。\n   - 实现了 /health 的 GET 请求，返回 200 和 {\"ok\":true}。\n   - 未实现 /bookings、/bookings/{id}、POST /bookings、DELETE /bookings/{id} 等路由。\n\n2. --db 参数的作用：\n   - 作为数据库文件路径，用于持久化预约数据。\n   - 启动时会创建数据库文件（如果不存在），后续启动保留数据。\n\n3. 尚未执行的验证建议：\n   - 启动服务并发送 POST /bookings 测试冲突判定和时间区间验证。\n   - 发送 GET /bookings 验证过滤和排序。\n   - 发送 DELETE /bookings/{id} 验证幂等性和重新预约。\n   - 发送 GET /bookings/{id} 验证 404 和 400 响应。\n   - 发送非法 JSON 或缺少字段的请求验证 400 响应。\n   - 发送未知路由验证 404 响应。\n   - 并发发送多个 POST 请求验证同一 resource 的冲突判定原子性。\n   - 终止并重新启动服务，验证数据和冲突规则是否保留。",
    "answer_sha256": "b785586250c02ac2d799c5f163971d8a9acb86d1b3ce2dd0f250a80afaee3ea3",
    "termination": "submitted",
    "diagnostics": {
      "model_calls": 3,
      "input_tokens": 8956,
      "output_tokens": 511,
      "protocol_rejections": 0,
      "feedback_consumed": 0,
      "tool_errors": 0
    }
  },
  {
    "id": "api_requirements_first-zero-r2",
    "answer": "已阅读 README.md 和 server.py。\n\n1. 实际实现的 HTTP 行为\n   - 启动：server.py 解析 --db、--host、--port 参数，创建 ThreadingHTTPServer 并调用 serve_forever。\n   - 健康检查：GET /health 返回 200 和 {\"ok\":true}。\n   - 预约：POST /bookings 接收 JSON 并返回 201 和预约对象；当前实现未实现冲突检查、时间区间校验、数据库持久化、幂等性或取消逻辑。\n   - 查询：GET /bookings 返回 200 和空列表；GET /bookings/{id} 返回 404；DELETE /bookings/{id} 返回 404。\n\n2. --db 参数的作用\n   - 在 server.py 中，--db 被解析为命令行参数，但代码中没有使用它。它目前只是一个未使用的配置项。\n\n3. 尚未执行的验证建议\n   - 启动验证：确认服务器在指定端口监听，并且 --db 参数被正确解析。\n   - 冲突检测：POST /bookings 时发送重叠时间段，验证是否返回 409 且不影响其他资源。\n   - 数据持久化：多次启动服务后，预约数据是否保留在 --db 指定的数据库中。\n   - 幂等性：对同一预约 ID 重复 POST，验证是否返回相同结果且不创建重复记录。\n   - 取消逻辑：POST /bookings/{id} 验证取消后状态为 cancelled，且不能重复取消。\n   - 查询与过滤：GET /bookings 验证返回空列表，GET /bookings/{id} 验证 404，GET /bookings?resource=... 验证过滤行为。\n   - 错误处理：非法 JSON、缺少字段、无效时间、未知路由等验证 400/404 响应。\n\n4. 区分需求与实现\n   - 需求：文档中描述的完整预约服务、冲突检测、数据持久化、幂等性、取消逻辑等。\n   - 实现：server.py 仅实现了健康检查，其他功能均未实现。\n\n5. 结论\n   - 当前代码只是一个启动框架，尚未实现任何实际的预约业务逻辑。需要补充数据库连接、路由处理、冲突检测、幂等性、取消逻辑等功能。",
    "answer_sha256": "1122e9b904760f331104259e0ce3f4400d4320bd36a55c8a0936d2328df298e1",
    "termination": "submitted",
    "diagnostics": {
      "model_calls": 3,
      "input_tokens": 8960,
      "output_tokens": 823,
      "protocol_rejections": 0,
      "feedback_consumed": 0,
      "tool_errors": 0
    }
  },
  {
    "id": "inventory_numeric-candidate-r1",
    "answer": "README 要求：SQLite HTTP 订单服务，解决网络重试重复扣库存及多行订单部分扣减。启动：python server.py --db /absolute/path/inventory.sqlite3 --host 127.0.0.1 --port 8080；首次创建 DB，重启保留数据。\n\n数量与长度限制：PUT /inventory/{url-encoded-sku} 的 N 为非负整数，bool/小数非法；POST /orders 的 Idempotency-Key 最长 128 字符，quantity 为正整数，JSON 为必须。\n\n状态码：GET /health → 200；PUT 创建/更新 → 200；GET /inventory/{sku} → 200 或 404；POST 首次成功 → 201；同 key 相同规范化请求重复 → 200 同一订单；同 key 不同 customer/明细 → 409；任一 SKU 不存在或数量不足 → 404、409；失败整体无写入，不扣库存、不创建订单、不占用 key，允许之后重试；GET /orders → 200 或 404；坏 JSON/非法字段 → 400；未知路由 → 404。\n\n文档要求：库存判定、扣减和订单/idempotency 登记必须原子完成；并发相同 key 只创建一单；并发不同 key 不得超卖；库存、订单、key 在进程重启后继续有效。公开验证只做健康检查，请自行补充交易与恢复验证。",
    "answer_sha256": "dbccd75e23e7addd1aa6a19b7f23e3415d2b42bc19b55a9dab7866629e22450b",
    "termination": "submitted",
    "diagnostics": {
      "model_calls": 2,
      "input_tokens": 3803,
      "output_tokens": 452,
      "protocol_rejections": 0,
      "feedback_consumed": 0,
      "tool_errors": 0
    }
  },
  {
    "id": "inventory_numeric-candidate-r2",
    "answer": "README 要求：SQLite HTTP 订单服务，解决网络重试重复扣库存及多行订单部分扣减。启动：python server.py --db /absolute/path/inventory.sqlite3 --host 127.0.0.1 --port 8080；首次创建 DB，重启保留数据。\n\n数量与长度限制：PUT /inventory/{url-encoded-sku} 的 N 为非负整数，bool/小数非法；POST 的 Idempotency-Key 最长 128 字符；JSON 的 quantity 为正整数，bool/小数非法。\n\n状态码对应：GET /health → 200；PUT 创建/更新 → 200；GET /inventory/{sku} → 200 或 404；POST 首次成功 → 201；同 key 相同规范化请求重复 → 200；同 key 不同 customer/明细 → 409；任一 SKU 不存在或数量不足 → 404；失败整体无写入 → 409；坏 JSON/非法字段/空 items/key → 400；未知路由 → 404。\n\n成功首次处理：PUT 创建 SKU 返回 201；POST 首次成功返回 201。相同请求重试：同 key、相同规范化请求返回 200 同一订单，不再次扣库存。冲突：同 key 不同 customer/明细返回 409，不修改状态。",
    "answer_sha256": "435f4b8582862c2a5fcce022ca9683c7e81ebeb75aad0330a43aa8ab099c11f9",
    "termination": "submitted",
    "diagnostics": {
      "model_calls": 2,
      "input_tokens": 3805,
      "output_tokens": 413,
      "protocol_rejections": 0,
      "feedback_consumed": 0,
      "tool_errors": 0
    }
  },
  {
    "id": "inventory_numeric-zero-r1",
    "answer": "README.md 中的数量、长度限制和 HTTP 状态码对应关系如下：\n\n1. 数量（quantity）\n   - 必须为非负整数，bool、小数、负数均不合法。\n   - 在 PUT /inventory/{sku} 中设置库存；在 POST /orders 中按 SKU 求和，再按 SKU 排序。\n   - 任一 SKU 不存在或数量不足 → 404 或 409，不扣库存、不创建订单、不占用 key。\n   - 同 key 相同规范化请求重试，不再次扣库存；不同 key 不得超卖。\n\n2. 长度限制\n   - Idempotency-Key 最长 128 字符。\n   - 文档中未给出其他字段的长度限制。\n\n3. HTTP 状态码对应关系\n   - 200：健康检查、GET /inventory/{sku}、GET /orders、GET /orders/{id}、PUT /inventory/{sku}、POST /orders 成功。\n   - 400：坏 JSON、非法字段、空 items/key。\n   - 404：SKU 不存在、GET /orders 无订单、GET /orders/{id} 不存在。\n   - 409：同 key 不同 customer 或不同明细。\n   - 201：首次成功创建订单。\n   - 500：服务器内部错误。",
    "answer_sha256": "c48e4a73240e48bc5e4d88ec003ca8729ee4cfac955b0d2a5ebec68a8440ee19",
    "termination": "submitted",
    "diagnostics": {
      "model_calls": 2,
      "input_tokens": 3814,
      "output_tokens": 450,
      "protocol_rejections": 0,
      "feedback_consumed": 0,
      "tool_errors": 0
    }
  },
  {
    "id": "inventory_numeric-zero-r2",
    "answer": "README.md 中的数量、长度限制和 HTTP 状态码对应关系如下：\n\n1. 数量：\n   - `N`：`PUT /inventory/{url-encoded-sku}` 中的 `stock` 字段，表示该 SKU 的可售库存数量，必须为非负整数。\n   - `quantity`：`POST /orders` 中每个 `items` 对象的 `quantity` 字段，表示该 SKU 的购买数量，必须为正整数。\n\n2. 长度限制：\n   - `Idempotency-Key` 请求头：最长 128 字符。\n   - `customer` 字段：非空字符串。\n   - `sku` 字段：非空字符串。\n   - `items` 数组中的 `sku` 字段：非空字符串。\n   - `items` 数组中的 `quantity` 字段：正整数。\n\n3. HTTP 状态码对应关系：\n   - `200`：成功响应，如 `GET /health`、`GET /inventory/{sku}`、`GET /orders`、`GET /orders/{id}`、`POST /orders`（首次成功）、`GET /orders/{id}`。\n   - `201`：创建成功，如 `POST /orders`（首次成功）。\n   - `400`：请求错误，如 `POST /orders` 中的坏 JSON、非法字段、空 `items`/`key`。\n   - `404`：资源不存在，如 `GET /health`（不存在）、`GET /inventory/{sku}`（SKU 不存在）、`GET /orders/{id}`（订单不存在）。\n   - `409`：冲突，如 `POST /orders` 中同一 `Idempotency-Key` 但不同客户或不同明细。\n   - `500`：服务器内部错误，如 `PUT /inventory/{sku}` 中的非法 `stock` 值。",
    "answer_sha256": "92396638eda6b40867dc183295a891d3bd1a46f269992b1dfb009e85fc0bba48",
    "termination": "submitted",
    "diagnostics": {
      "model_calls": 3,
      "input_tokens": 6986,
      "output_tokens": 2395,
      "protocol_rejections": 1,
      "feedback_consumed": 1,
      "tool_errors": 0
    }
  }
]
