running 0 None GPU-3e07b500-7d09-ce83-cc1a-35c6b13f8863, 5371, 0, 83.99
running 0 None GPU-3e07b500-7d09-ce83-cc1a-35c6b13f8863, 25995, 6, 84.58
running 2 1.2100037336349487 GPU-3e07b500-7d09-ce83-cc1a-35c6b13f8863, 44789, 100, 303.67
running 5 1.2791996002197266 GPU-3e07b500-7d09-ce83-cc1a-35c6b13f8863, 44789, 100, 296.71
running 8 0.37430477142333984 GPU-3e07b500-7d09-ce83-cc1a-35c6b13f8863, 49709, 100, 300.35
running 13 0.17192783951759338 GPU-3e07b500-7d09-ce83-cc1a-35c6b13f8863, 54767, 100, 299.91
running 16 0.8451746702194214 GPU-3e07b500-7d09-ce83-cc1a-35c6b13f8863, 54767, 100, 290.96
running 19 0.5490520596504211 GPU-3e07b500-7d09-ce83-cc1a-35c6b13f8863, 54767, 98, 297.16
running 23 1.2120145559310913 GPU-3e07b500-7d09-ce83-cc1a-35c6b13f8863, 59897, 100, 295.66
running 26 0.4380820691585541 GPU-3e07b500-7d09-ce83-cc1a-35c6b13f8863, 59897, 100, 306.19
running 29 1.4601048231124878 GPU-3e07b500-7d09-ce83-cc1a-35c6b13f8863, 59897, 100, 298.58
running 34 0.9063438177108765 GPU-3e07b500-7d09-ce83-cc1a-35c6b13f8863, 59897, 100, 304.03
running 37 0.5227914452552795 GPU-3e07b500-7d09-ce83-cc1a-35c6b13f8863, 59897, 100, 297.72
running 41 0.6814729571342468 GPU-3e07b500-7d09-ce83-cc1a-35c6b13f8863, 59897, 100, 306.05
running 46 0.10269054770469666 GPU-3e07b500-7d09-ce83-cc1a-35c6b13f8863, 59897, 100, 301.93
running 50 1.2385139465332031 GPU-3e07b500-7d09-ce83-cc1a-35c6b13f8863, 59897, 100, 303.73
running 54 1.0534464120864868 GPU-3e07b500-7d09-ce83-cc1a-35c6b13f8863, 59897, 99, 299.40
running 58 1.1962906122207642 GPU-3e07b500-7d09-ce83-cc1a-35c6b13f8863, 59897, 98, 302.59
running 62 1.138864278793335 GPU-3e07b500-7d09-ce83-cc1a-35c6b13f8863, 59897, 100, 296.94
running 66 1.0227152109146118 GPU-3e07b500-7d09-ce83-cc1a-35c6b13f8863, 59897, 100, 300.89
running 71 0.01657497137784958 GPU-3e07b500-7d09-ce83-cc1a-35c6b13f8863, 59897, 100, 304.77
running 74 1.1803768873214722 GPU-3e07b500-7d09-ce83-cc1a-35c6b13f8863, 59897, 100, 293.75
running 78 0.8430501818656921 GPU-3e07b500-7d09-ce83-cc1a-35c6b13f8863, 59897, 100, 307.25
running 81 0.6322742104530334 GPU-3e07b500-7d09-ce83-cc1a-35c6b13f8863, 59897, 100, 296.95
running 84 0.9406130909919739 GPU-3e07b500-7d09-ce83-cc1a-35c6b13f8863, 59897, 100, 298.66
running 88 0.5737522840499878 GPU-3e07b500-7d09-ce83-cc1a-35c6b13f8863, 59897, 100, 297.69
running 92 0.36172711849212646 GPU-3e07b500-7d09-ce83-cc1a-35c6b13f8863, 59897, 100, 302.39
running 96 0.4019039571285248 GPU-3e07b500-7d09-ce83-cc1a-35c6b13f8863, 59897, 99, 303.60
running 100 0.8104071021080017 GPU-3e07b500-7d09-ce83-cc1a-35c6b13f8863, 59897, 100, 301.02
running 104 0.17021022737026215 GPU-3e07b500-7d09-ce83-cc1a-35c6b13f8863, 59897, 100, 300.83
running 110 1.0794321298599243 GPU-3e07b500-7d09-ce83-cc1a-35c6b13f8863, 59897, 100, 293.07
running 114 0.7619143128395081 GPU-3e07b500-7d09-ce83-cc1a-35c6b13f8863, 59897, 70, 304.74
running 117 1.1144256591796875 GPU-3e07b500-7d09-ce83-cc1a-35c6b13f8863, 59897, 100, 304.98
running 120 0.6707322597503662 GPU-3e07b500-7d09-ce83-cc1a-35c6b13f8863, 59897, 100, 302.49
running 123 0.7886121869087219 GPU-3e07b500-7d09-ce83-cc1a-35c6b13f8863, 59897, 100, 302.41
running 126 0.8668665289878845 GPU-3e07b500-7d09-ce83-cc1a-35c6b13f8863, 59897, 100, 301.96
running 131 0.5723575353622437 GPU-3e07b500-7d09-ce83-cc1a-35c6b13f8863, 59897, 100, 296.37
running 134 1.0403226613998413 GPU-3e07b500-7d09-ce83-cc1a-35c6b13f8863, 59897, 100, 301.26
running 138 0.7295514345169067 GPU-3e07b500-7d09-ce83-cc1a-35c6b13f8863, 59897, 100, 287.58
running 140 1.2836755514144897 GPU-3e07b500-7d09-ce83-cc1a-35c6b13f8863, 59897, 100, 304.98
running 143 1.2562060356140137 GPU-3e07b500-7d09-ce83-cc1a-35c6b13f8863, 59897, 100, 305.58
running 146 0.6460098028182983 GPU-3e07b500-7d09-ce83-cc1a-35c6b13f8863, 59897, 100, 298.14
running 150 1.2992726564407349 GPU-3e07b500-7d09-ce83-cc1a-35c6b13f8863, 59897, 86, 302.37
running 154 0.5567091703414917 GPU-3e07b500-7d09-ce83-cc1a-35c6b13f8863, 59897, 100, 293.48
running 159 0.3034615218639374 GPU-3e07b500-7d09-ce83-cc1a-35c6b13f8863, 59897, 79, 300.20
running 163 0.573465883731842 GPU-3e07b500-7d09-ce83-cc1a-35c6b13f8863, 59897, 100, 303.16
running 166 0.700157880783081 GPU-3e07b500-7d09-ce83-cc1a-35c6b13f8863, 59897, 100, 296.42
running 169 0.41944989562034607 GPU-3e07b500-7d09-ce83-cc1a-35c6b13f8863, 59897, 100, 298.71
running 173 0.3860514760017395 GPU-3e07b500-7d09-ce83-cc1a-35c6b13f8863, 59897, 100, 307.67
running 178 0.5807031989097595 GPU-3e07b500-7d09-ce83-cc1a-35c6b13f8863, 59897, 100, 293.51
running 181 0.3336748778820038 GPU-3e07b500-7d09-ce83-cc1a-35c6b13f8863, 59897, 100, 303.67
running 185 0.7898303270339966 GPU-3e07b500-7d09-ce83-cc1a-35c6b13f8863, 59897, 100, 245.71
running 190 0.7695367336273193 GPU-3e07b500-7d09-ce83-cc1a-35c6b13f8863, 59897, 100, 303.59
running 193 0.004111896734684706 GPU-3e07b500-7d09-ce83-cc1a-35c6b13f8863, 59897, 100, 303.25
running 198 0.09079223871231079 GPU-3e07b500-7d09-ce83-cc1a-35c6b13f8863, 59897, 100, 301.37
running 202 0.9433806538581848 GPU-3e07b500-7d09-ce83-cc1a-35c6b13f8863, 59897, 100, 298.45
running 205 1.0243802070617676 GPU-3e07b500-7d09-ce83-cc1a-35c6b13f8863, 59897, 100, 295.76
running 208 0.45782577991485596 GPU-3e07b500-7d09-ce83-cc1a-35c6b13f8863, 59897, 100, 301.66
running 211 0.406654417514801 GPU-3e07b500-7d09-ce83-cc1a-35c6b13f8863, 59897, 100, 301.83
running 216 0.178981214761734 GPU-3e07b500-7d09-ce83-cc1a-35c6b13f8863, 59897, 100, 299.92
running 220 0.48882126808166504 GPU-3e07b500-7d09-ce83-cc1a-35c6b13f8863, 59897, 100, 300.34
running 225 0.29014354944229126 GPU-3e07b500-7d09-ce83-cc1a-35c6b13f8863, 59897, 100, 301.14
running 228 1.0583161115646362 GPU-3e07b500-7d09-ce83-cc1a-35c6b13f8863, 59897, 100, 309.23
running 231 0.4442232549190521 GPU-3e07b500-7d09-ce83-cc1a-35c6b13f8863, 59897, 100, 299.63
running 234 0.7034902572631836 GPU-3e07b500-7d09-ce83-cc1a-35c6b13f8863, 59897, 100, 298.74
running 238 0.20185412466526031 GPU-3e07b500-7d09-ce83-cc1a-35c6b13f8863, 59897, 100, 301.24
running 241 0.39876481890678406 GPU-3e07b500-7d09-ce83-cc1a-35c6b13f8863, 59897, 100, 301.45
running 247 0.19727809727191925 GPU-3e07b500-7d09-ce83-cc1a-35c6b13f8863, 59897, 100, 297.08
running 250 0.2171529233455658 GPU-3e07b500-7d09-ce83-cc1a-35c6b13f8863, 59897, 100, 294.80
running 255 0.15243908762931824 GPU-3e07b500-7d09-ce83-cc1a-35c6b13f8863, 59897, 100, 295.05
running 258 1.0291643142700195 GPU-3e07b500-7d09-ce83-cc1a-35c6b13f8863, 59897, 100, 305.80
running 261 0.35534775257110596 GPU-3e07b500-7d09-ce83-cc1a-35c6b13f8863, 59897, 100, 300.72
running 264 0.9890478849411011 GPU-3e07b500-7d09-ce83-cc1a-35c6b13f8863, 59897, 100, 305.71
running 268 1.0354026556015015 GPU-3e07b500-7d09-ce83-cc1a-35c6b13f8863, 59897, 100, 305.17
running 273 0.8396450281143188 GPU-3e07b500-7d09-ce83-cc1a-35c6b13f8863, 59897, 100, 300.62
running 276 0.7941851019859314 GPU-3e07b500-7d09-ce83-cc1a-35c6b13f8863, 59897, 100, 298.60
running 280 0.0022572872694581747 GPU-3e07b500-7d09-ce83-cc1a-35c6b13f8863, 59897, 100, 304.42
running 285 0.0028177478816360235 GPU-3e07b500-7d09-ce83-cc1a-35c6b13f8863, 59897, 100, 297.58
running 289 0.5489376783370972 GPU-3e07b500-7d09-ce83-cc1a-35c6b13f8863, 59897, 100, 299.52
running 293 0.34892982244491577 GPU-3e07b500-7d09-ce83-cc1a-35c6b13f8863, 59897, 98, 273.67
running 298 0.13111577928066254 GPU-3e07b500-7d09-ce83-cc1a-35c6b13f8863, 59897, 100, 306.07
running 302 0.952179491519928 GPU-3e07b500-7d09-ce83-cc1a-35c6b13f8863, 59897, 100, 299.44
running 307 0.2847498953342438 GPU-3e07b500-7d09-ce83-cc1a-35c6b13f8863, 59897, 100, 299.34
running 311 0.6010617017745972 GPU-3e07b500-7d09-ce83-cc1a-35c6b13f8863, 59897, 100, 301.13
running 315 0.7511875629425049 GPU-3e07b500-7d09-ce83-cc1a-35c6b13f8863, 59897, 100, 302.04
running 319 4.4467854499816895 GPU-3e07b500-7d09-ce83-cc1a-35c6b13f8863, 59897, 100, 304.85
running 323 0.9016631245613098 GPU-3e07b500-7d09-ce83-cc1a-35c6b13f8863, 59897, 100, 301.87
running 327 1.023432731628418 GPU-3e07b500-7d09-ce83-cc1a-35c6b13f8863, 59897, 88, 304.40
running 330 0.43705636262893677 GPU-3e07b500-7d09-ce83-cc1a-35c6b13f8863, 59897, 100, 293.98
running 333 0.24704377353191376 GPU-3e07b500-7d09-ce83-cc1a-35c6b13f8863, 59897, 100, 297.01
running 336 0.35126471519470215 GPU-3e07b500-7d09-ce83-cc1a-35c6b13f8863, 59897, 100, 299.29
running 340 0.6925016045570374 GPU-3e07b500-7d09-ce83-cc1a-35c6b13f8863, 59897, 100, 302.61
running 344 0.6606160402297974 GPU-3e07b500-7d09-ce83-cc1a-35c6b13f8863, 59897, 100, 301.32
running 348 0.032940465956926346 GPU-3e07b500-7d09-ce83-cc1a-35c6b13f8863, 59897, 100, 296.22
running 350 0.3246084153652191 GPU-3e07b500-7d09-ce83-cc1a-35c6b13f8863, 59897, 100, 302.46
running 354 1.0868325233459473 GPU-3e07b500-7d09-ce83-cc1a-35c6b13f8863, 59897, 100, 303.48
running 358 0.18849581480026245 GPU-3e07b500-7d09-ce83-cc1a-35c6b13f8863, 59897, 100, 292.03
running 361 0.7444183826446533 GPU-3e07b500-7d09-ce83-cc1a-35c6b13f8863, 59897, 100, 302.35
running 366 0.40803346037864685 GPU-3e07b500-7d09-ce83-cc1a-35c6b13f8863, 59897, 100, 303.28
running 369 0.24008718132972717 GPU-3e07b500-7d09-ce83-cc1a-35c6b13f8863, 59897, 100, 300.62
running 373 0.33023691177368164 GPU-3e07b500-7d09-ce83-cc1a-35c6b13f8863, 59897, 100, 298.57
running 377 0.06286610662937164 GPU-3e07b500-7d09-ce83-cc1a-35c6b13f8863, 59897, 100, 299.82
running 380 0.640506386756897 GPU-3e07b500-7d09-ce83-cc1a-35c6b13f8863, 59897, 100, 302.83
running 383 0.6317222118377686 GPU-3e07b500-7d09-ce83-cc1a-35c6b13f8863, 59897, 100, 298.41
candidate 384 0.43526995182037354 GPU-3e07b500-7d09-ce83-cc1a-35c6b13f8863, 15, 0, 24.20
