FFFFF                                                                    [100%]
=================================== FAILURES ===================================
_ test_merge_disjoint_changes_preserves_sources_and_requires_external_acceptance _

tmp_path = PosixPath('/home/chase/GitHub/RWKV-LH/data/test_runs/pytest/test_merge_disjoint_changes_pr0')

    def test_merge_disjoint_changes_preserves_sources_and_requires_external_acceptance(tmp_path):
>       from rwkv_lh.agent_integration import integrate_deliveries
E       ModuleNotFoundError: No module named 'rwkv_lh.agent_integration'

tests/test_agent_integration.py:17: ModuleNotFoundError
______ test_merge_conflict_is_explicit_and_does_not_create_partial_output ______

tmp_path = PosixPath('/home/chase/GitHub/RWKV-LH/data/test_runs/pytest/test_merge_conflict_is_explici0')

    def test_merge_conflict_is_explicit_and_does_not_create_partial_output(tmp_path):
>       from rwkv_lh.agent_integration import integrate_deliveries
E       ModuleNotFoundError: No module named 'rwkv_lh.agent_integration'

tests/test_agent_integration.py:30: ModuleNotFoundError
________________ test_changed_delivery_is_rejected_before_merge ________________

tmp_path = PosixPath('/home/chase/GitHub/RWKV-LH/data/test_runs/pytest/test_changed_delivery_is_rejec0')

    def test_changed_delivery_is_rejected_before_merge(tmp_path):
>       from rwkv_lh.agent_integration import integrate_deliveries
E       ModuleNotFoundError: No module named 'rwkv_lh.agent_integration'

tests/test_agent_integration.py:40: ModuleNotFoundError
________________ test_workflow_cycle_rejected_before_execution _________________

tmp_path = PosixPath('/home/chase/GitHub/RWKV-LH/data/test_runs/pytest/test_workflow_cycle_rejected_b0')

    def test_workflow_cycle_rejected_before_execution(tmp_path):
>       from rwkv_lh.agent_integration import run_agent_workflow
E       ModuleNotFoundError: No module named 'rwkv_lh.agent_integration'

tests/test_agent_integration.py:49: ModuleNotFoundError
____________ test_failed_dependency_blocks_child_without_model_call ____________

tmp_path = PosixPath('/home/chase/GitHub/RWKV-LH/data/test_runs/pytest/test_failed_dependency_blocks_0')
monkeypatch = <_pytest.monkeypatch.MonkeyPatch object at 0x7426b6739590>

    def test_failed_dependency_blocks_child_without_model_call(tmp_path, monkeypatch):
        import rwkv_lh.agent_batch as batch
>       from rwkv_lh.agent_integration import run_agent_workflow
E       ModuleNotFoundError: No module named 'rwkv_lh.agent_integration'

tests/test_agent_integration.py:59: ModuleNotFoundError
=========================== short test summary info ============================
FAILED tests/test_agent_integration.py::test_merge_disjoint_changes_preserves_sources_and_requires_external_acceptance
FAILED tests/test_agent_integration.py::test_merge_conflict_is_explicit_and_does_not_create_partial_output
FAILED tests/test_agent_integration.py::test_changed_delivery_is_rejected_before_merge
FAILED tests/test_agent_integration.py::test_workflow_cycle_rejected_before_execution
FAILED tests/test_agent_integration.py::test_failed_dependency_blocks_child_without_model_call
5 failed in 0.06s
