FF                                                                       [100%]
=================================== FAILURES ===================================
________ test_read_only_tool_does_not_duplicate_whole_coding_workspace _________

tmp_path = PosixPath('/home/chase/GitHub/RWKV-LH/data/test_runs/pytest/test_read_only_tool_does_not_d0')

    def test_read_only_tool_does_not_duplicate_whole_coding_workspace(tmp_path):
        source = tmp_path / 'source'; source.mkdir()
        (source / 'a.txt').write_text('visible')
        run_coding_job(CodingJob('read', 'Read a.txt', str(source), str(tmp_path / 'run')),
            settings=settings(), session_factory=factory([
                call('read_file', path='a.txt'), call('final_answer', text='visible')]))
        snapshot = tmp_path / 'run/execution/tool_snapshots/001'
        assert (snapshot / 'call.json').is_file()
>       assert not (snapshot / 'before').exists()
E       AssertionError: assert not True
E        +  where True = exists()
E        +    where exists = (PosixPath('/home/chase/GitHub/RWKV-LH/data/test_runs/pytest/test_read_only_tool_does_not_d0/run/execution/tool_snapshots/001') / 'before').exists

tests/test_engineering_boundaries.py:99: AssertionError
________________ test_assisted_worker_timeout_kills_descendant _________________

tmp_path = PosixPath('/home/chase/GitHub/RWKV-LH/data/test_runs/pytest/test_assisted_worker_timeout_k0')

    def test_assisted_worker_timeout_kills_descendant(tmp_path):
        import subprocess
        import sys
        import time
        import pytest
>       from rwkv_lh.assisted_agent import _run_worker
E       ImportError: cannot import name '_run_worker' from 'rwkv_lh.assisted_agent' (/home/chase/GitHub/RWKV-LH/rwkv_lh/assisted_agent.py)

tests/test_engineering_boundaries.py:108: ImportError
=========================== short test summary info ============================
FAILED tests/test_engineering_boundaries.py::test_read_only_tool_does_not_duplicate_whole_coding_workspace
FAILED tests/test_engineering_boundaries.py::test_assisted_worker_timeout_kills_descendant
2 failed, 4 deselected in 1.08s
