EEEEEEEE                                                                 [100%]
==================================== ERRORS ====================================
_ ERROR at setup of test_correction_executes_real_red_green_without_modifying_source _

tmp_path = PosixPath('/home/chase/GitHub/RWKV-LH/data/test_runs/pytest/test_correction_executes_real_0')
monkeypatch = <_pytest.monkeypatch.MonkeyPatch object at 0x7d26b896d220>

    @pytest.fixture
    def candidate(tmp_path, monkeypatch):
        import rwkv_lh.coding_corrections as module
        root = tmp_path / 'source'; before = root / 'tool_snapshots/001/before'; before.mkdir(parents=True)
        (before / 'a.py').write_text('value = 1\n')
        original = call('write_file', path='a.py', content='value = 1\n')
>       target = call('write_file', path='a.py', content='value = 2\n') + model_io.JSON_CALL_STOP_SUFFIXES[0]
                 ^^^^^^^^^^^^^^^^^^^^^^^^^^^^^^^^^^^^^^^^^^^^^^^^^^^^^^^^^^^^^^^^^^^^^^^^^^^^^^^^^^^^^^^^^^^^
E       TypeError: unsupported operand type(s) for +: 'dict' and 'str'

tests/test_coding_corrections.py:20: TypeError
__________ ERROR at setup of test_noop_correction_is_not_a_valid_edit __________

tmp_path = PosixPath('/home/chase/GitHub/RWKV-LH/data/test_runs/pytest/test_noop_correction_is_not_a_0')
monkeypatch = <_pytest.monkeypatch.MonkeyPatch object at 0x7d26b8a8fe10>

    @pytest.fixture
    def candidate(tmp_path, monkeypatch):
        import rwkv_lh.coding_corrections as module
        root = tmp_path / 'source'; before = root / 'tool_snapshots/001/before'; before.mkdir(parents=True)
        (before / 'a.py').write_text('value = 1\n')
        original = call('write_file', path='a.py', content='value = 1\n')
>       target = call('write_file', path='a.py', content='value = 2\n') + model_io.JSON_CALL_STOP_SUFFIXES[0]
                 ^^^^^^^^^^^^^^^^^^^^^^^^^^^^^^^^^^^^^^^^^^^^^^^^^^^^^^^^^^^^^^^^^^^^^^^^^^^^^^^^^^^^^^^^^^^^
E       TypeError: unsupported operand type(s) for +: 'dict' and 'str'

tests/test_coding_corrections.py:20: TypeError
_______ ERROR at setup of test_missing_test_program_is_not_red_evidence ________

tmp_path = PosixPath('/home/chase/GitHub/RWKV-LH/data/test_runs/pytest/test_missing_test_program_is_n0')
monkeypatch = <_pytest.monkeypatch.MonkeyPatch object at 0x7d26b87d20f0>

    @pytest.fixture
    def candidate(tmp_path, monkeypatch):
        import rwkv_lh.coding_corrections as module
        root = tmp_path / 'source'; before = root / 'tool_snapshots/001/before'; before.mkdir(parents=True)
        (before / 'a.py').write_text('value = 1\n')
        original = call('write_file', path='a.py', content='value = 1\n')
>       target = call('write_file', path='a.py', content='value = 2\n') + model_io.JSON_CALL_STOP_SUFFIXES[0]
                 ^^^^^^^^^^^^^^^^^^^^^^^^^^^^^^^^^^^^^^^^^^^^^^^^^^^^^^^^^^^^^^^^^^^^^^^^^^^^^^^^^^^^^^^^^^^^
E       TypeError: unsupported operand type(s) for +: 'dict' and 'str'

tests/test_coding_corrections.py:20: TypeError
______ ERROR at setup of test_test_claim_without_real_success_is_rejected ______

tmp_path = PosixPath('/home/chase/GitHub/RWKV-LH/data/test_runs/pytest/test_test_claim_without_real_s0')
monkeypatch = <_pytest.monkeypatch.MonkeyPatch object at 0x7d26b87f49e0>

    @pytest.fixture
    def candidate(tmp_path, monkeypatch):
        import rwkv_lh.coding_corrections as module
        root = tmp_path / 'source'; before = root / 'tool_snapshots/001/before'; before.mkdir(parents=True)
        (before / 'a.py').write_text('value = 1\n')
        original = call('write_file', path='a.py', content='value = 1\n')
>       target = call('write_file', path='a.py', content='value = 2\n') + model_io.JSON_CALL_STOP_SUFFIXES[0]
                 ^^^^^^^^^^^^^^^^^^^^^^^^^^^^^^^^^^^^^^^^^^^^^^^^^^^^^^^^^^^^^^^^^^^^^^^^^^^^^^^^^^^^^^^^^^^^
E       TypeError: unsupported operand type(s) for +: 'dict' and 'str'

tests/test_coding_corrections.py:20: TypeError
___ ERROR at setup of test_candidate_without_bound_reviews_does_not_execute ____

tmp_path = PosixPath('/home/chase/GitHub/RWKV-LH/data/test_runs/pytest/test_candidate_without_bound_r0')
monkeypatch = <_pytest.monkeypatch.MonkeyPatch object at 0x7d26b87f5260>

    @pytest.fixture
    def candidate(tmp_path, monkeypatch):
        import rwkv_lh.coding_corrections as module
        root = tmp_path / 'source'; before = root / 'tool_snapshots/001/before'; before.mkdir(parents=True)
        (before / 'a.py').write_text('value = 1\n')
        original = call('write_file', path='a.py', content='value = 1\n')
>       target = call('write_file', path='a.py', content='value = 2\n') + model_io.JSON_CALL_STOP_SUFFIXES[0]
                 ^^^^^^^^^^^^^^^^^^^^^^^^^^^^^^^^^^^^^^^^^^^^^^^^^^^^^^^^^^^^^^^^^^^^^^^^^^^^^^^^^^^^^^^^^^^^
E       TypeError: unsupported operand type(s) for +: 'dict' and 'str'

tests/test_coding_corrections.py:20: TypeError
______ ERROR at setup of test_changed_source_is_rejected_before_execution ______

tmp_path = PosixPath('/home/chase/GitHub/RWKV-LH/data/test_runs/pytest/test_changed_source_is_rejecte0')
monkeypatch = <_pytest.monkeypatch.MonkeyPatch object at 0x7d26b896a850>

    @pytest.fixture
    def candidate(tmp_path, monkeypatch):
        import rwkv_lh.coding_corrections as module
        root = tmp_path / 'source'; before = root / 'tool_snapshots/001/before'; before.mkdir(parents=True)
        (before / 'a.py').write_text('value = 1\n')
        original = call('write_file', path='a.py', content='value = 1\n')
>       target = call('write_file', path='a.py', content='value = 2\n') + model_io.JSON_CALL_STOP_SUFFIXES[0]
                 ^^^^^^^^^^^^^^^^^^^^^^^^^^^^^^^^^^^^^^^^^^^^^^^^^^^^^^^^^^^^^^^^^^^^^^^^^^^^^^^^^^^^^^^^^^^^
E       TypeError: unsupported operand type(s) for +: 'dict' and 'str'

tests/test_coding_corrections.py:20: TypeError
____ ERROR at setup of test_future_or_wrong_snapshot_cannot_be_substituted _____

tmp_path = PosixPath('/home/chase/GitHub/RWKV-LH/data/test_runs/pytest/test_future_or_wrong_snapshot_0')
monkeypatch = <_pytest.monkeypatch.MonkeyPatch object at 0x7d26b896a550>

    @pytest.fixture
    def candidate(tmp_path, monkeypatch):
        import rwkv_lh.coding_corrections as module
        root = tmp_path / 'source'; before = root / 'tool_snapshots/001/before'; before.mkdir(parents=True)
        (before / 'a.py').write_text('value = 1\n')
        original = call('write_file', path='a.py', content='value = 1\n')
>       target = call('write_file', path='a.py', content='value = 2\n') + model_io.JSON_CALL_STOP_SUFFIXES[0]
                 ^^^^^^^^^^^^^^^^^^^^^^^^^^^^^^^^^^^^^^^^^^^^^^^^^^^^^^^^^^^^^^^^^^^^^^^^^^^^^^^^^^^^^^^^^^^^
E       TypeError: unsupported operand type(s) for +: 'dict' and 'str'

tests/test_coding_corrections.py:20: TypeError
________ ERROR at setup of test_takeover_is_not_rwkv_correction_source _________

tmp_path = PosixPath('/home/chase/GitHub/RWKV-LH/data/test_runs/pytest/test_takeover_is_not_rwkv_corr0')
monkeypatch = <_pytest.monkeypatch.MonkeyPatch object at 0x7d26b88347d0>

    @pytest.fixture
    def candidate(tmp_path, monkeypatch):
        import rwkv_lh.coding_corrections as module
        root = tmp_path / 'source'; before = root / 'tool_snapshots/001/before'; before.mkdir(parents=True)
        (before / 'a.py').write_text('value = 1\n')
        original = call('write_file', path='a.py', content='value = 1\n')
>       target = call('write_file', path='a.py', content='value = 2\n') + model_io.JSON_CALL_STOP_SUFFIXES[0]
                 ^^^^^^^^^^^^^^^^^^^^^^^^^^^^^^^^^^^^^^^^^^^^^^^^^^^^^^^^^^^^^^^^^^^^^^^^^^^^^^^^^^^^^^^^^^^^
E       TypeError: unsupported operand type(s) for +: 'dict' and 'str'

tests/test_coding_corrections.py:20: TypeError
=========================== short test summary info ============================
ERROR tests/test_coding_corrections.py::test_correction_executes_real_red_green_without_modifying_source
ERROR tests/test_coding_corrections.py::test_noop_correction_is_not_a_valid_edit
ERROR tests/test_coding_corrections.py::test_missing_test_program_is_not_red_evidence
ERROR tests/test_coding_corrections.py::test_test_claim_without_real_success_is_rejected
ERROR tests/test_coding_corrections.py::test_candidate_without_bound_reviews_does_not_execute
ERROR tests/test_coding_corrections.py::test_changed_source_is_rejected_before_execution
ERROR tests/test_coding_corrections.py::test_future_or_wrong_snapshot_cannot_be_substituted
ERROR tests/test_coding_corrections.py::test_takeover_is_not_rwkv_correction_source
8 errors in 0.34s
