FFFFF...                                                                 [100%]
=================================== FAILURES ===================================
_______ test_correction_executes_real_red_green_without_modifying_source _______

candidate = {'run_root': PosixPath('/home/chase/GitHub/RWKV-LH/data/test_runs/pytest/test_correction_executes_real_0/source'), 'ch...tent": "value = 2\\n"}}\n```', 'model_sha256': 'aaaaaaaaaaaaaaaaaaaaaaaaaaaaaaaaaaaaaaaaaaaaaaaaaaaaaaaaaaaaaaaa', ...}

    def test_correction_executes_real_red_green_without_modifying_source(candidate):
>       result = validate_coding_correction(**candidate)
                 ^^^^^^^^^^^^^^^^^^^^^^^^^^^^^^^^^^^^^^^

tests/test_coding_corrections.py:37: 
_ _ _ _ _ _ _ _ _ _ _ _ _ _ _ _ _ _ _ _ _ _ _ _ _ _ _ _ _ _ _ _ _ _ _ _ _ _ _ _ 
rwkv_lh/coding_corrections.py:59: in validate_coding_correction
    if call.get('action_type') == original.name and executed_arguments(TaskAction(original.name, call['arguments'])) == executed_arguments(original):
                                                    ^^^^^^^^^^^^^^^^^^^^^^^^^^^^^^^^^^^^^^^^^^^^^^^^^^^^^^^^^^^^^^^^
_ _ _ _ _ _ _ _ _ _ _ _ _ _ _ _ _ _ _ _ _ _ _ _ _ _ _ _ _ _ _ _ _ _ _ _ _ _ _ _ 

command = TaskAction(action_type='write_file', arguments={'path': 'a.py', 'content': 'value = 1\n'})

    def executed_arguments(command) -> dict:
        """Replay the existing tool contract; never change the raw training target."""
        from rwkv_lh.schema import TaskAction
>       return dict(ActionHarness().normalize_action(TaskAction(command.name, command.arguments)).arguments)
                                                                ^^^^^^^^^^^^
E       AttributeError: 'TaskAction' object has no attribute 'name'

rwkv_lh/direct_trace_data.py:32: AttributeError
___________________ test_noop_correction_is_not_a_valid_edit ___________________

candidate = {'run_root': PosixPath('/home/chase/GitHub/RWKV-LH/data/test_runs/pytest/test_noop_correction_is_not_a_0/source'), 'ch...tent": "value = 1\\n"}}\n```', 'model_sha256': 'aaaaaaaaaaaaaaaaaaaaaaaaaaaaaaaaaaaaaaaaaaaaaaaaaaaaaaaaaaaaaaaa', ...}

    def test_noop_correction_is_not_a_valid_edit(candidate):
        target = json.dumps(call('write_file', path='a.py', content='value = 1\n')) + model_io.JSON_CALL_STOP_SUFFIXES[0]
        candidate['target_text'] = target
        for review in candidate['reviews']: review['target_sha256'] = sha(target)
>       assert validate_coding_correction(**candidate)['status'] == 'no_effective_change'
               ^^^^^^^^^^^^^^^^^^^^^^^^^^^^^^^^^^^^^^^

tests/test_coding_corrections.py:50: 
_ _ _ _ _ _ _ _ _ _ _ _ _ _ _ _ _ _ _ _ _ _ _ _ _ _ _ _ _ _ _ _ _ _ _ _ _ _ _ _ 
rwkv_lh/coding_corrections.py:59: in validate_coding_correction
    if call.get('action_type') == original.name and executed_arguments(TaskAction(original.name, call['arguments'])) == executed_arguments(original):
                                                    ^^^^^^^^^^^^^^^^^^^^^^^^^^^^^^^^^^^^^^^^^^^^^^^^^^^^^^^^^^^^^^^^
_ _ _ _ _ _ _ _ _ _ _ _ _ _ _ _ _ _ _ _ _ _ _ _ _ _ _ _ _ _ _ _ _ _ _ _ _ _ _ _ 

command = TaskAction(action_type='write_file', arguments={'path': 'a.py', 'content': 'value = 1\n'})

    def executed_arguments(command) -> dict:
        """Replay the existing tool contract; never change the raw training target."""
        from rwkv_lh.schema import TaskAction
>       return dict(ActionHarness().normalize_action(TaskAction(command.name, command.arguments)).arguments)
                                                                ^^^^^^^^^^^^
E       AttributeError: 'TaskAction' object has no attribute 'name'

rwkv_lh/direct_trace_data.py:32: AttributeError
________________ test_missing_test_program_is_not_red_evidence _________________

candidate = {'run_root': PosixPath('/home/chase/GitHub/RWKV-LH/data/test_runs/pytest/test_missing_test_program_is_n0/source'), 'ch...tent": "value = 2\\n"}}\n```', 'model_sha256': 'aaaaaaaaaaaaaaaaaaaaaaaaaaaaaaaaaaaaaaaaaaaaaaaaaaaaaaaaaaaaaaaa', ...}

    def test_missing_test_program_is_not_red_evidence(candidate):
        candidate['checks'] = [['/nonexistent/rwkv-test-program']]
>       assert validate_coding_correction(**candidate)['status'] == 'baseline_not_reproduced'
               ^^^^^^^^^^^^^^^^^^^^^^^^^^^^^^^^^^^^^^^

tests/test_coding_corrections.py:55: 
_ _ _ _ _ _ _ _ _ _ _ _ _ _ _ _ _ _ _ _ _ _ _ _ _ _ _ _ _ _ _ _ _ _ _ _ _ _ _ _ 
rwkv_lh/coding_corrections.py:59: in validate_coding_correction
    if call.get('action_type') == original.name and executed_arguments(TaskAction(original.name, call['arguments'])) == executed_arguments(original):
                                                    ^^^^^^^^^^^^^^^^^^^^^^^^^^^^^^^^^^^^^^^^^^^^^^^^^^^^^^^^^^^^^^^^
_ _ _ _ _ _ _ _ _ _ _ _ _ _ _ _ _ _ _ _ _ _ _ _ _ _ _ _ _ _ _ _ _ _ _ _ _ _ _ _ 

command = TaskAction(action_type='write_file', arguments={'path': 'a.py', 'content': 'value = 1\n'})

    def executed_arguments(command) -> dict:
        """Replay the existing tool contract; never change the raw training target."""
        from rwkv_lh.schema import TaskAction
>       return dict(ActionHarness().normalize_action(TaskAction(command.name, command.arguments)).arguments)
                                                                ^^^^^^^^^^^^
E       AttributeError: 'TaskAction' object has no attribute 'name'

rwkv_lh/direct_trace_data.py:32: AttributeError
_______________ test_test_claim_without_real_success_is_rejected _______________

candidate = {'run_root': PosixPath('/home/chase/GitHub/RWKV-LH/data/test_runs/pytest/test_test_claim_without_real_s0/source'), 'ch...tent": "value = 2\\n"}}\n```', 'model_sha256': 'aaaaaaaaaaaaaaaaaaaaaaaaaaaaaaaaaaaaaaaaaaaaaaaaaaaaaaaaaaaaaaaa', ...}

    def test_test_claim_without_real_success_is_rejected(candidate):
        candidate['checks'] = [['python3', '-B', '-c', 'raise SystemExit(1)']]
>       assert validate_coding_correction(**candidate)['status'] == 'verification_failed'
               ^^^^^^^^^^^^^^^^^^^^^^^^^^^^^^^^^^^^^^^

tests/test_coding_corrections.py:60: 
_ _ _ _ _ _ _ _ _ _ _ _ _ _ _ _ _ _ _ _ _ _ _ _ _ _ _ _ _ _ _ _ _ _ _ _ _ _ _ _ 
rwkv_lh/coding_corrections.py:59: in validate_coding_correction
    if call.get('action_type') == original.name and executed_arguments(TaskAction(original.name, call['arguments'])) == executed_arguments(original):
                                                    ^^^^^^^^^^^^^^^^^^^^^^^^^^^^^^^^^^^^^^^^^^^^^^^^^^^^^^^^^^^^^^^^
_ _ _ _ _ _ _ _ _ _ _ _ _ _ _ _ _ _ _ _ _ _ _ _ _ _ _ _ _ _ _ _ _ _ _ _ _ _ _ _ 

command = TaskAction(action_type='write_file', arguments={'path': 'a.py', 'content': 'value = 1\n'})

    def executed_arguments(command) -> dict:
        """Replay the existing tool contract; never change the raw training target."""
        from rwkv_lh.schema import TaskAction
>       return dict(ActionHarness().normalize_action(TaskAction(command.name, command.arguments)).arguments)
                                                                ^^^^^^^^^^^^
E       AttributeError: 'TaskAction' object has no attribute 'name'

rwkv_lh/direct_trace_data.py:32: AttributeError
____________ test_candidate_without_bound_reviews_does_not_execute _____________

candidate = {'run_root': PosixPath('/home/chase/GitHub/RWKV-LH/data/test_runs/pytest/test_candidate_without_bound_r0/source'), 'ch...tent": "value = 2\\n"}}\n```', 'model_sha256': 'aaaaaaaaaaaaaaaaaaaaaaaaaaaaaaaaaaaaaaaaaaaaaaaaaaaaaaaaaaaaaaaa', ...}

    def test_candidate_without_bound_reviews_does_not_execute(candidate):
        candidate['reviews'][0]['input_sha256'] = 'b'*64
        with pytest.raises(ValueError, match='reviews'):
>           validate_coding_correction(**candidate)

tests/test_coding_corrections.py:66: 
_ _ _ _ _ _ _ _ _ _ _ _ _ _ _ _ _ _ _ _ _ _ _ _ _ _ _ _ _ _ _ _ _ _ _ _ _ _ _ _ 
rwkv_lh/coding_corrections.py:59: in validate_coding_correction
    if call.get('action_type') == original.name and executed_arguments(TaskAction(original.name, call['arguments'])) == executed_arguments(original):
                                                    ^^^^^^^^^^^^^^^^^^^^^^^^^^^^^^^^^^^^^^^^^^^^^^^^^^^^^^^^^^^^^^^^
_ _ _ _ _ _ _ _ _ _ _ _ _ _ _ _ _ _ _ _ _ _ _ _ _ _ _ _ _ _ _ _ _ _ _ _ _ _ _ _ 

command = TaskAction(action_type='write_file', arguments={'path': 'a.py', 'content': 'value = 1\n'})

    def executed_arguments(command) -> dict:
        """Replay the existing tool contract; never change the raw training target."""
        from rwkv_lh.schema import TaskAction
>       return dict(ActionHarness().normalize_action(TaskAction(command.name, command.arguments)).arguments)
                                                                ^^^^^^^^^^^^
E       AttributeError: 'TaskAction' object has no attribute 'name'

rwkv_lh/direct_trace_data.py:32: AttributeError
=========================== short test summary info ============================
FAILED tests/test_coding_corrections.py::test_correction_executes_real_red_green_without_modifying_source
FAILED tests/test_coding_corrections.py::test_noop_correction_is_not_a_valid_edit
FAILED tests/test_coding_corrections.py::test_missing_test_program_is_not_red_evidence
FAILED tests/test_coding_corrections.py::test_test_claim_without_real_success_is_rejected
FAILED tests/test_coding_corrections.py::test_candidate_without_bound_reviews_does_not_execute
5 failed, 3 passed in 0.10s
